../Core/Src/main.c:103:6:Process_HID_Frames	72	static
../Core/Src/main.c:111:9:SendCanConfig	16	static
../Core/Src/main.c:124:9:SendCanConfigConnect	16	static
../Core/Src/main.c:134:9:SendCanConfigDisconnect	16	static
../Core/Src/main.c:145:9:SendCanConfigBaud	48	static
../Core/Src/main.c:169:9:SendCanConfigFilter	24	static
../Core/Src/main.c:203:18:find_best_timing	88	static
../Core/Src/main.c:240:9:SendCanMessage	24	static
../Core/Src/main.c:246:6:CanTx_init	32	static
../Core/Src/main.c:264:6:CanRx_init	8	static
../Core/Src/main.c:278:6:CanRx_FilterRange	40	static
../Core/Src/main.c:338:5:main	8	static
../Core/Src/main.c:412:6:SystemClock_Config	88	static
../Core/Src/main.c:455:6:HAL_CAN_RxFifo0MsgPendingCallback	32	static
../Core/Src/main.c:490:6:Error_Handler	4	static,ignoring_inline_asm
