../Core/Src/main.c:102:6:Process_HID_Frames	72	static
../Core/Src/main.c:110:9:SendCanConfig	16	static
../Core/Src/main.c:122:9:SendCanConfigConnect	16	static
../Core/Src/main.c:129:9:SendCanConfigDisconnect	16	static
../Core/Src/main.c:139:9:SendCanConfigBaud	48	static
../Core/Src/main.c:160:9:SendCanConfigFilter	16	static
../Core/Src/main.c:191:18:find_best_timing	88	static
../Core/Src/main.c:228:9:SendCanMessage	24	static
../Core/Src/main.c:233:6:CanTx_init	32	static
../Core/Src/main.c:251:6:CanRx_init	8	static
../Core/Src/main.c:272:5:main	8	static
../Core/Src/main.c:346:6:SystemClock_Config	88	static
../Core/Src/main.c:389:6:HAL_CAN_RxFifo0MsgPendingCallback	32	static
../Core/Src/main.c:432:6:Error_Handler	4	static,ignoring_inline_asm
