../Core/Src/usbhid2can.c:129:9:SendCanConfigDisconnect	8	static
../Core/Src/usbhid2can.c:196:18:find_best_timing	56	static
../Core/Src/usbhid2can.c:140:9:SendCanConfigBaud	32	static
../Core/Src/usbhid2can.c:239:6:CanTx_init	4	static
../Core/Src/usbhid2can.c:233:9:SendCanMessage	8	static
../Core/Src/usbhid2can.c:273:6:CanRx_FilterRange	16	static
../Core/Src/usbhid2can.c:162:9:SendCanConfigFilter	8	static
../Core/Src/usbhid2can.c:120:9:SendCanConfigConnect	8	static
../Core/Src/usbhid2can.c:109:9:SendCanConfig	8	static
../Core/Src/usbhid2can.c:327:9:HID_Frame_Write	20	static
../Core/Src/usbhid2can.c:343:9:HID_Frame_Read	8	static
../Core/Src/usbhid2can.c:365:9:Usb2Can_Tranfer	40	static
