../Core/Src/usbhid2can.c:111:6:delay_0_1ms_tim5	16	static
../Core/Src/usbhid2can.c:121:9:SendCanConfig	16	static
../Core/Src/usbhid2can.c:132:9:SendCanConfigConnect	16	static
../Core/Src/usbhid2can.c:141:9:SendCanConfigDisconnect	16	static
../Core/Src/usbhid2can.c:155:9:SendCanConfigBaud	48	static
../Core/Src/usbhid2can.c:177:9:SendCanConfigFilter	24	static
../Core/Src/usbhid2can.c:211:18:find_best_timing	88	static
../Core/Src/usbhid2can.c:248:9:SendCanMessage	24	static
../Core/Src/usbhid2can.c:255:6:CanTx_init	24	static
../Core/Src/usbhid2can.c:335:6:CanRx_FilterRange	40	static
../Core/Src/usbhid2can.c:390:9:HID_Frame_Write	24	static
../Core/Src/usbhid2can.c:406:9:HID_Frame_Read	16	static
../Core/Src/usbhid2can.c:434:9:Usb2Can_Tranfer	64	static
../Core/Src/usbhid2can.c:478:6:HAL_CAN_TxMailbox0CompleteCallback	16	static
../Core/Src/usbhid2can.c:484:6:HAL_CAN_TxMailbox1CompleteCallback	16	static
../Core/Src/usbhid2can.c:491:6:HAL_CAN_TxMailbox2CompleteCallback	16	static
../Core/Src/usbhid2can.c:498:6:HAL_CAN_TxMailbox0AbortCallback	16	static
../Core/Src/usbhid2can.c:501:6:HAL_CAN_ErrorCallback	16	static
