../Middlewares/Third_Party/AL94_USB_Composite/COMPOSITE/Class/HID_CUSTOM/Src/usbd_hid_custom.c:613:17:USBD_CUSTOM_HID_GetFSCfgDesc	0	static
../Middlewares/Third_Party/AL94_USB_Composite/COMPOSITE/Class/HID_CUSTOM/Src/usbd_hid_custom.c:627:17:USBD_CUSTOM_HID_GetHSCfgDesc	0	static
../Middlewares/Third_Party/AL94_USB_Composite/COMPOSITE/Class/HID_CUSTOM/Src/usbd_hid_custom.c:641:17:USBD_CUSTOM_HID_GetOtherSpeedCfgDesc	0	static
../Middlewares/Third_Party/AL94_USB_Composite/COMPOSITE/Class/HID_CUSTOM/Src/usbd_hid_custom.c:656:16:USBD_CUSTOM_HID_DataIn	0	static
../Middlewares/Third_Party/AL94_USB_Composite/COMPOSITE/Class/HID_CUSTOM/Src/usbd_hid_custom.c:725:16:USBD_CUSTOM_HID_EP0_RxReady	8	static
../Middlewares/Third_Party/AL94_USB_Composite/COMPOSITE/Class/HID_CUSTOM/Src/usbd_hid_custom.c:750:17:USBD_CUSTOM_HID_GetDeviceQualifierDesc	0	static
../Middlewares/Third_Party/AL94_USB_Composite/COMPOSITE/Class/HID_CUSTOM/Src/usbd_hid_custom.c:674:16:USBD_CUSTOM_HID_DataOut	16	static
../Middlewares/Third_Party/AL94_USB_Composite/COMPOSITE/Class/HID_CUSTOM/Src/usbd_hid_custom.c:450:16:USBD_CUSTOM_HID_Setup	16	static
../Middlewares/Third_Party/AL94_USB_Composite/COMPOSITE/Class/HID_CUSTOM/Src/usbd_hid_custom.c:416:16:USBD_CUSTOM_HID_DeInit	24	static
../Middlewares/Third_Party/AL94_USB_Composite/COMPOSITE/Class/HID_CUSTOM/Src/usbd_hid_custom.c:360:16:USBD_CUSTOM_HID_Init	24	static
../Middlewares/Third_Party/AL94_USB_Composite/COMPOSITE/Class/HID_CUSTOM/Src/usbd_hid_custom.c:579:9:USBD_CUSTOM_HID_SendReport	8	static
../Middlewares/Third_Party/AL94_USB_Composite/COMPOSITE/Class/HID_CUSTOM/Src/usbd_hid_custom.c:701:9:USBD_CUSTOM_HID_ReceivePacket	8	static
../Middlewares/Third_Party/AL94_USB_Composite/COMPOSITE/Class/HID_CUSTOM/Src/usbd_hid_custom.c:763:9:USBD_CUSTOM_HID_RegisterInterface	0	static
../Middlewares/Third_Party/AL94_USB_Composite/COMPOSITE/Class/HID_CUSTOM/Src/usbd_hid_custom.c:776:6:USBD_Update_HID_Custom_DESC	0	static
