Archive member included to satisfy reference by file (symbol)

C:/ST/STM32CubeIDE_1.16.1/STM32CubeIDE/plugins/com.st.stm32cube.ide.mcu.externaltools.gnu-tools-for-stm32.12.3.rel1.win32_1.0.200.202406191623/tools/bin/../lib/gcc/arm-none-eabi/12.3.1/../../../../arm-none-eabi/lib/thumb/v7e-m+fp/hard\libc_nano.a(libc_a-exit.o)
                              C:/ST/STM32CubeIDE_1.16.1/STM32CubeIDE/plugins/com.st.stm32cube.ide.mcu.externaltools.gnu-tools-for-stm32.12.3.rel1.win32_1.0.200.202406191623/tools/bin/../lib/gcc/arm-none-eabi/12.3.1/../../../../arm-none-eabi/lib/thumb/v7e-m+fp/hard/crt0.o (exit)
C:/ST/STM32CubeIDE_1.16.1/STM32CubeIDE/plugins/com.st.stm32cube.ide.mcu.externaltools.gnu-tools-for-stm32.12.3.rel1.win32_1.0.200.202406191623/tools/bin/../lib/gcc/arm-none-eabi/12.3.1/../../../../arm-none-eabi/lib/thumb/v7e-m+fp/hard\libc_nano.a(libc_a-findfp.o)
                              C:/ST/STM32CubeIDE_1.16.1/STM32CubeIDE/plugins/com.st.stm32cube.ide.mcu.externaltools.gnu-tools-for-stm32.12.3.rel1.win32_1.0.200.202406191623/tools/bin/../lib/gcc/arm-none-eabi/12.3.1/../../../../arm-none-eabi/lib/thumb/v7e-m+fp/hard\libc_nano.a(libc_a-exit.o) (__stdio_exit_handler)
C:/ST/STM32CubeIDE_1.16.1/STM32CubeIDE/plugins/com.st.stm32cube.ide.mcu.externaltools.gnu-tools-for-stm32.12.3.rel1.win32_1.0.200.202406191623/tools/bin/../lib/gcc/arm-none-eabi/12.3.1/../../../../arm-none-eabi/lib/thumb/v7e-m+fp/hard\libc_nano.a(libc_a-fwalk.o)
                              C:/ST/STM32CubeIDE_1.16.1/STM32CubeIDE/plugins/com.st.stm32cube.ide.mcu.externaltools.gnu-tools-for-stm32.12.3.rel1.win32_1.0.200.202406191623/tools/bin/../lib/gcc/arm-none-eabi/12.3.1/../../../../arm-none-eabi/lib/thumb/v7e-m+fp/hard\libc_nano.a(libc_a-findfp.o) (_fwalk_sglue)
C:/ST/STM32CubeIDE_1.16.1/STM32CubeIDE/plugins/com.st.stm32cube.ide.mcu.externaltools.gnu-tools-for-stm32.12.3.rel1.win32_1.0.200.202406191623/tools/bin/../lib/gcc/arm-none-eabi/12.3.1/../../../../arm-none-eabi/lib/thumb/v7e-m+fp/hard\libc_nano.a(libc_a-snprintf.o)
                              ./Middlewares/Third_Party/AL94_USB_Composite/COMPOSITE/Class/COMPOSITE/Src/usbd_composite.o (snprintf)
C:/ST/STM32CubeIDE_1.16.1/STM32CubeIDE/plugins/com.st.stm32cube.ide.mcu.externaltools.gnu-tools-for-stm32.12.3.rel1.win32_1.0.200.202406191623/tools/bin/../lib/gcc/arm-none-eabi/12.3.1/../../../../arm-none-eabi/lib/thumb/v7e-m+fp/hard\libc_nano.a(libc_a-stdio.o)
                              C:/ST/STM32CubeIDE_1.16.1/STM32CubeIDE/plugins/com.st.stm32cube.ide.mcu.externaltools.gnu-tools-for-stm32.12.3.rel1.win32_1.0.200.202406191623/tools/bin/../lib/gcc/arm-none-eabi/12.3.1/../../../../arm-none-eabi/lib/thumb/v7e-m+fp/hard\libc_nano.a(libc_a-findfp.o) (__sread)
C:/ST/STM32CubeIDE_1.16.1/STM32CubeIDE/plugins/com.st.stm32cube.ide.mcu.externaltools.gnu-tools-for-stm32.12.3.rel1.win32_1.0.200.202406191623/tools/bin/../lib/gcc/arm-none-eabi/12.3.1/../../../../arm-none-eabi/lib/thumb/v7e-m+fp/hard\libc_nano.a(libc_a-memset.o)
                              C:/ST/STM32CubeIDE_1.16.1/STM32CubeIDE/plugins/com.st.stm32cube.ide.mcu.externaltools.gnu-tools-for-stm32.12.3.rel1.win32_1.0.200.202406191623/tools/bin/../lib/gcc/arm-none-eabi/12.3.1/../../../../arm-none-eabi/lib/thumb/v7e-m+fp/hard/crt0.o (memset)
C:/ST/STM32CubeIDE_1.16.1/STM32CubeIDE/plugins/com.st.stm32cube.ide.mcu.externaltools.gnu-tools-for-stm32.12.3.rel1.win32_1.0.200.202406191623/tools/bin/../lib/gcc/arm-none-eabi/12.3.1/../../../../arm-none-eabi/lib/thumb/v7e-m+fp/hard\libc_nano.a(libc_a-closer.o)
                              C:/ST/STM32CubeIDE_1.16.1/STM32CubeIDE/plugins/com.st.stm32cube.ide.mcu.externaltools.gnu-tools-for-stm32.12.3.rel1.win32_1.0.200.202406191623/tools/bin/../lib/gcc/arm-none-eabi/12.3.1/../../../../arm-none-eabi/lib/thumb/v7e-m+fp/hard\libc_nano.a(libc_a-stdio.o) (_close_r)
C:/ST/STM32CubeIDE_1.16.1/STM32CubeIDE/plugins/com.st.stm32cube.ide.mcu.externaltools.gnu-tools-for-stm32.12.3.rel1.win32_1.0.200.202406191623/tools/bin/../lib/gcc/arm-none-eabi/12.3.1/../../../../arm-none-eabi/lib/thumb/v7e-m+fp/hard\libc_nano.a(libc_a-reent.o)
                              C:/ST/STM32CubeIDE_1.16.1/STM32CubeIDE/plugins/com.st.stm32cube.ide.mcu.externaltools.gnu-tools-for-stm32.12.3.rel1.win32_1.0.200.202406191623/tools/bin/../lib/gcc/arm-none-eabi/12.3.1/../../../../arm-none-eabi/lib/thumb/v7e-m+fp/hard\libc_nano.a(libc_a-closer.o) (errno)
C:/ST/STM32CubeIDE_1.16.1/STM32CubeIDE/plugins/com.st.stm32cube.ide.mcu.externaltools.gnu-tools-for-stm32.12.3.rel1.win32_1.0.200.202406191623/tools/bin/../lib/gcc/arm-none-eabi/12.3.1/../../../../arm-none-eabi/lib/thumb/v7e-m+fp/hard\libc_nano.a(libc_a-impure.o)
                              C:/ST/STM32CubeIDE_1.16.1/STM32CubeIDE/plugins/com.st.stm32cube.ide.mcu.externaltools.gnu-tools-for-stm32.12.3.rel1.win32_1.0.200.202406191623/tools/bin/../lib/gcc/arm-none-eabi/12.3.1/../../../../arm-none-eabi/lib/thumb/v7e-m+fp/hard\libc_nano.a(libc_a-snprintf.o) (_impure_ptr)
[...]
Memory Configuration

Name             Origin             Length             Attributes
CCMRAM           0x10000000         0x00010000         xrw
RAM              0x20000000         0x00020000         xrw
FLASH            0x08000000         0x00080000         xr
*default*        0x00000000         0xffffffff

Linker script and memory map

LOAD C:/ST/STM32CubeIDE_1.16.1/STM32CubeIDE/plugins/com.st.stm32cube.ide.mcu.externaltools.gnu-tools-for-stm32.12.3.rel1.win32_1.0.200.202406191623/tools/bin/../lib/gcc/arm-none-eabi/12.3.1/thumb/v7e-m+fp/hard/crti.o
LOAD C:/ST/STM32CubeIDE_1.16.1/STM32CubeIDE/plugins/com.st.stm32cube.ide.mcu.externaltools.gnu-tools-for-stm32.12.3.rel1.win32_1.0.200.202406191623/tools/bin/../lib/gcc/arm-none-eabi/12.3.1/thumb/v7e-m+fp/hard/crtbegin.o
LOAD C:/ST/STM32CubeIDE_1.16.1/STM32CubeIDE/plugins/com.st.stm32cube.ide.mcu.externaltools.gnu-tools-for-stm32.12.3.rel1.win32_1.0.200.202406191623/tools/bin/../lib/gcc/arm-none-eabi/12.3.1/../../../../arm-none-eabi/lib/thumb/v7e-m+fp/hard/crt0.o
LOAD ./Core/Src/can.o
LOAD ./Core/Src/dma.o
LOAD ./Core/Src/gpio.o
LOAD ./Core/Src/i2c.o
LOAD ./Core/Src/main.o
LOAD ./Core/Src/stm32f4xx_hal_msp.o
LOAD ./Core/Src/stm32f4xx_it.o
LOAD ./Core/Src/syscalls.o
LOAD ./Core/Src/sysmem.o
LOAD ./Core/Src/system_stm32f4xx.o
LOAD ./Core/Src/tim.o
LOAD ./Core/Src/usart.o
LOAD ./Core/Src/usb_otg.o
LOAD ./Core/Startup/startup_stm32f407vetx.o
LOAD ./Drivers/STM32F4xx_HAL_Driver/Src/stm32f4xx_hal.o
LOAD ./Drivers/STM32F4xx_HAL_Driver/Src/stm32f4xx_hal_can.o
LOAD ./Drivers/STM32F4xx_HAL_Driver/Src/stm32f4xx_hal_cortex.o
LOAD ./Drivers/STM32F4xx_HAL_Driver/Src/stm32f4xx_hal_dma.o
LOAD ./Drivers/STM32F4xx_HAL_Driver/Src/stm32f4xx_hal_dma_ex.o
LOAD ./Drivers/STM32F4xx_HAL_Driver/Src/stm32f4xx_hal_exti.o
LOAD ./Drivers/STM32F4xx_HAL_Driver/Src/stm32f4xx_hal_flash.o
LOAD ./Drivers/STM32F4xx_HAL_Driver/Src/stm32f4xx_hal_flash_ex.o
LOAD ./Drivers/STM32F4xx_HAL_Driver/Src/stm32f4xx_hal_flash_ramfunc.o
LOAD ./Drivers/STM32F4xx_HAL_Driver/Src/stm32f4xx_hal_gpio.o
LOAD ./Drivers/STM32F4xx_HAL_Driver/Src/stm32f4xx_hal_i2c.o
LOAD ./Drivers/STM32F4xx_HAL_Driver/Src/stm32f4xx_hal_i2c_ex.o
LOAD ./Drivers/STM32F4xx_HAL_Driver/Src/stm32f4xx_hal_pcd.o
LOAD ./Drivers/STM32F4xx_HAL_Driver/Src/stm32f4xx_hal_pcd_ex.o
LOAD ./Drivers/STM32F4xx_HAL_Driver/Src/stm32f4xx_hal_pwr.o
LOAD ./Drivers/STM32F4xx_HAL_Driver/Src/stm32f4xx_hal_pwr_ex.o
LOAD ./Drivers/STM32F4xx_HAL_Driver/Src/stm32f4xx_hal_rcc.o
LOAD ./Drivers/STM32F4xx_HAL_Driver/Src/stm32f4xx_hal_rcc_ex.o
LOAD ./Drivers/STM32F4xx_HAL_Driver/Src/stm32f4xx_hal_tim.o
LOAD ./Drivers/STM32F4xx_HAL_Driver/Src/stm32f4xx_hal_tim_ex.o
LOAD ./Drivers/STM32F4xx_HAL_Driver/Src/stm32f4xx_hal_uart.o
LOAD ./Drivers/STM32F4xx_HAL_Driver/Src/stm32f4xx_ll_usb.o
LOAD ./Middlewares/Third_Party/AL94_USB_Composite/COMPOSITE/App/usb_device.o
LOAD ./Middlewares/Third_Party/AL94_USB_Composite/COMPOSITE/App/usbd_cdc_acm_if.o
LOAD ./Middlewares/Third_Party/AL94_USB_Composite/COMPOSITE/App/usbd_desc.o
LOAD ./Middlewares/Third_Party/AL94_USB_Composite/COMPOSITE/App/usbd_hid_custom_if.o
LOAD ./Middlewares/Third_Party/AL94_USB_Composite/COMPOSITE/Class/CDC_ACM/Src/usbd_cdc_acm.o
LOAD ./Middlewares/Third_Party/AL94_USB_Composite/COMPOSITE/Class/COMPOSITE/Src/usbd_composite.o
LOAD ./Middlewares/Third_Party/AL94_USB_Composite/COMPOSITE/Class/HID_CUSTOM/Src/usbd_hid_custom.o
LOAD ./Middlewares/Third_Party/AL94_USB_Composite/COMPOSITE/Core/Src/usbd_core.o
LOAD ./Middlewares/Third_Party/AL94_USB_Composite/COMPOSITE/Core/Src/usbd_ctlreq.o
LOAD ./Middlewares/Third_Party/AL94_USB_Composite/COMPOSITE/Core/Src/usbd_ioreq.o
LOAD ./Middlewares/Third_Party/AL94_USB_Composite/COMPOSITE/Target/usbd_conf.o
START GROUP
LOAD C:/ST/STM32CubeIDE_1.16.1/STM32CubeIDE/plugins/com.st.stm32cube.ide.mcu.externaltools.gnu-tools-for-stm32.12.3.rel1.win32_1.0.200.202406191623/tools/bin/../lib/gcc/arm-none-eabi/12.3.1/../../../../arm-none-eabi/lib/thumb/v7e-m+fp/hard\libc_nano.a
LOAD C:/ST/STM32CubeIDE_1.16.1/STM32CubeIDE/plugins/com.st.stm32cube.ide.mcu.externaltools.gnu-tools-for-stm32.12.3.rel1.win32_1.0.200.202406191623/tools/bin/../lib/gcc/arm-none-eabi/12.3.1/../../../../arm-none-eabi/lib/thumb/v7e-m+fp/hard\libm.a
END GROUP
START GROUP
LOAD C:/ST/STM32CubeIDE_1.16.1/STM32CubeIDE/plugins/com.st.stm32cube.ide.mcu.externaltools.gnu-tools-for-stm32.12.3.rel1.win32_1.0.200.202406191623/tools/bin/../lib/gcc/arm-none-eabi/12.3.1/thumb/v7e-m+fp/hard\libgcc.a
LOAD C:/ST/STM32CubeIDE_1.16.1/STM32CubeIDE/plugins/com.st.stm32cube.ide.mcu.externaltools.gnu-tools-for-stm32.12.3.rel1.win32_1.0.200.202406191623/tools/bin/../lib/gcc/arm-none-eabi/12.3.1/../../../../arm-none-eabi/lib/thumb/v7e-m+fp/hard\libc_nano.a
END GROUP
START GROUP
LOAD C:/ST/STM32CubeIDE_1.16.1/STM32CubeIDE/plugins/com.st.stm32cube.ide.mcu.externaltools.gnu-tools-for-stm32.12.3.rel1.win32_1.0.200.202406191623/tools/bin/../lib/gcc/arm-none-eabi/12.3.1/thumb/v7e-m+fp/hard\libgcc.a
LOAD C:/ST/STM32CubeIDE_1.16.1/STM32CubeIDE/plugins/com.st.stm32cube.ide.mcu.externaltools.gnu-tools-for-stm32.12.3.rel1.win32_1.0.200.202406191623/tools/bin/../lib/gcc/arm-none-eabi/12.3.1/../../../../arm-none-eabi/lib/thumb/v7e-m+fp/hard\libc_nano.a
LOAD C:/ST/STM32CubeIDE_1.16.1/STM32CubeIDE/plugins/com.st.stm32cube.ide.mcu.externaltools.gnu-tools-for-stm32.12.3.rel1.win32_1.0.200.202406191623/tools/bin/../lib/gcc/arm-none-eabi/12.3.1/../../../../arm-none-eabi/lib/thumb/v7e-m+fp/hard\libnosys.a
END GROUP
START GROUP
LOAD C:/ST/STM32CubeIDE_1.16.1/STM32CubeIDE/plugins/com.st.stm32cube.ide.mcu.externaltools.gnu-tools-for-stm32.12.3.rel1.win32_1.0.200.202406191623/tools/bin/../lib/gcc/arm-none-eabi/12.3.1/thumb/v7e-m+fp/hard\libgcc.a
LOAD C:/ST/STM32CubeIDE_1.16.1/STM32CubeIDE/plugins/com.st.stm32cube.ide.mcu.externaltools.gnu-tools-for-stm32.12.3.rel1.win32_1.0.200.202406191623/tools/bin/../lib/gcc/arm-none-eabi/12.3.1/../../../../arm-none-eabi/lib/thumb/v7e-m+fp/hard\libc_nano.a
LOAD C:/ST/STM32CubeIDE_1.16.1/STM32CubeIDE/plugins/com.st.stm32cube.ide.mcu.externaltools.gnu-tools-for-stm32.12.3.rel1.win32_1.0.200.202406191623/tools/bin/../lib/gcc/arm-none-eabi/12.3.1/../../../../arm-none-eabi/lib/thumb/v7e-m+fp/hard\libnosys.a
END GROUP
LOAD C:/ST/STM32CubeIDE_1.16.1/STM32CubeIDE/plugins/com.st.stm32cube.ide.mcu.externaltools.gnu-tools-for-stm32.12.3.rel1.win32_1.0.200.202406191623/tools/bin/../lib/gcc/arm-none-eabi/12.3.1/thumb/v7e-m+fp/hard/crtend.o
LOAD C:/ST/STM32CubeIDE_1.16.1/STM32CubeIDE/plugins/com.st.stm32cube.ide.mcu.externaltools.gnu-tools-for-stm32.12.3.rel1.win32_1.0.200.202406191623/tools/bin/../lib/gcc/arm-none-eabi/12.3.1/thumb/v7e-m+fp/hard/crtn.o
                0x20020000                        _estack = (ORIGIN (RAM) + LENGTH (RAM))
                0x00000200                        _Min_Heap_Size = 0x200
                0x00000400                        _Min_Stack_Size = 0x400

.isr_vector     0x08000000      0x188
                0x08000000                        . = ALIGN (0x4)
 *(.isr_vector)
 .isr_vector    0x08000000      0x188 ./Core/Startup/startup_stm32f407vetx.o
                0x08000000                g_pfnVectors
                0x08000188                        . = ALIGN (0x4)

.text           0x08000190     0xb978
                0x08000190                        . = ALIGN (0x4)
 *(.text)
 .text          0x08000190       0x40 C:/ST/STM32CubeIDE_1.16.1/STM32CubeIDE/plugins/com.st.stm32cube.ide.mcu.externaltools.gnu-tools-for-stm32.12.3.rel1.win32_1.0.200.202406191623/tools/bin/../lib/gcc/arm-none-eabi/12.3.1/thumb/v7e-m+fp/hard/crtbegin.o
 .text          0x080001d0       0xa0 C:/ST/STM32CubeIDE_1.16.1/STM32CubeIDE/plugins/com.st.stm32cube.ide.mcu.externaltools.gnu-tools-for-stm32.12.3.rel1.win32_1.0.200.202406191623/tools/bin/../lib/gcc/arm-none-eabi/12.3.1/../../../../arm-none-eabi/lib/thumb/v7e-m+fp/hard\libc_nano.a(libc_a-memchr.o)
                0x080001d0                memchr
 .text          0x08000270       0x30 C:/ST/STM32CubeIDE_1.16.1/STM32CubeIDE/plugins/com.st.stm32cube.ide.mcu.externaltools.gnu-tools-for-stm32.12.3.rel1.win32_1.0.200.202406191623/tools/bin/../lib/gcc/arm-none-eabi/12.3.1/thumb/v7e-m+fp/hard\libgcc.a(_aeabi_uldivmod.o)
                0x08000270                __aeabi_uldivmod
 .text          0x080002a0      0x2bc C:/ST/STM32CubeIDE_1.16.1/STM32CubeIDE/plugins/com.st.stm32cube.ide.mcu.externaltools.gnu-tools-for-stm32.12.3.rel1.win32_1.0.200.202406191623/tools/bin/../lib/gcc/arm-none-eabi/12.3.1/thumb/v7e-m+fp/hard\libgcc.a(_udivmoddi4.o)
                0x080002a0                __udivmoddi4
 .text          0x0800055c        0x4 C:/ST/STM32CubeIDE_1.16.1/STM32CubeIDE/plugins/com.st.stm32cube.ide.mcu.externaltools.gnu-tools-for-stm32.12.3.rel1.win32_1.0.200.202406191623/tools/bin/../lib/gcc/arm-none-eabi/12.3.1/thumb/v7e-m+fp/hard\libgcc.a(_dvmd_tls.o)
                0x0800055c                __aeabi_idiv0
                0x0800055c                __aeabi_ldiv0
 *(.text*)
 .text.MX_CAN1_Init
                0x08000560       0x6c ./Core/Src/can.o
                0x08000560                MX_CAN1_Init
 .text.HAL_CAN_MspInit
                0x080005cc       0xb0 ./Core/Src/can.o
                0x080005cc                HAL_CAN_MspInit
 .text.MX_DMA_Init
                0x0800067c       0x50 ./Core/Src/dma.o
                0x0800067c                MX_DMA_Init
 .text.MX_GPIO_Init
                0x080006cc       0xd8 ./Core/Src/gpio.o
                0x080006cc                MX_GPIO_Init
 .text.MX_I2C1_Init
                0x080007a4       0x5c ./Core/Src/i2c.o
                0x080007a4                MX_I2C1_Init
 .text.HAL_I2C_MspInit
                0x08000800       0x90 ./Core/Src/i2c.o
                0x08000800                HAL_I2C_MspInit
 .text.main     0x08000890       0x34 ./Core/Src/main.o
                0x08000890                main
 .text.SystemClock_Config
                0x080008c4       0xd4 ./Core/Src/main.o
                0x080008c4                SystemClock_Config
 .text.Error_Handler
                0x08000998        0xc ./Core/Src/main.o
                0x08000998                Error_Handler
 .text.HAL_MspInit
                0x080009a4       0x50 ./Core/Src/stm32f4xx_hal_msp.o
                0x080009a4                HAL_MspInit
 .text.NMI_Handler
                0x080009f4        0x8 ./Core/Src/stm32f4xx_it.o
                0x080009f4                NMI_Handler
 .text.HardFault_Handler
                0x080009fc        0x8 ./Core/Src/stm32f4xx_it.o
                0x080009fc                HardFault_Handler
 .text.MemManage_Handler
                0x08000a04        0x8 ./Core/Src/stm32f4xx_it.o
                0x08000a04                MemManage_Handler
 .text.BusFault_Handler
                0x08000a0c        0x8 ./Core/Src/stm32f4xx_it.o
                0x08000a0c                BusFault_Handler
 .text.UsageFault_Handler
                0x08000a14        0x8 ./Core/Src/stm32f4xx_it.o
                0x08000a14                UsageFault_Handler
 .text.SVC_Handler
                0x08000a1c        0xe ./Core/Src/stm32f4xx_it.o
                0x08000a1c                SVC_Handler
 .text.DebugMon_Handler
                0x08000a2a        0xe ./Core/Src/stm32f4xx_it.o
                0x08000a2a                DebugMon_Handler
 .text.PendSV_Handler
                0x08000a38        0xe ./Core/Src/stm32f4xx_it.o
                0x08000a38                PendSV_Handler
 .text.SysTick_Handler
                0x08000a46        0xc ./Core/Src/stm32f4xx_it.o
                0x08000a46                SysTick_Handler
 *fill*         0x08000a52        0x2 
 .text.DMA1_Stream0_IRQHandler
                0x08000a54       0x14 ./Core/Src/stm32f4xx_it.o
                0x08000a54                DMA1_Stream0_IRQHandler
 .text.CAN1_RX0_IRQHandler
                0x08000a68       0x14 ./Core/Src/stm32f4xx_it.o
                0x08000a68                CAN1_RX0_IRQHandler
 .text.CAN1_RX1_IRQHandler
                0x08000a7c       0x14 ./Core/Src/stm32f4xx_it.o
                0x08000a7c                CAN1_RX1_IRQHandler
 .text.TIM1_UP_TIM10_IRQHandler
                0x08000a90       0x14 ./Core/Src/stm32f4xx_it.o
                0x08000a90                TIM1_UP_TIM10_IRQHandler
 .text.TIM2_IRQHandler
                0x08000aa4       0x14 ./Core/Src/stm32f4xx_it.o
                0x08000aa4                TIM2_IRQHandler
 .text.DMA1_Stream7_IRQHandler
                0x08000ab8       0x14 ./Core/Src/stm32f4xx_it.o
                0x08000ab8                DMA1_Stream7_IRQHandler
 .text.UART5_IRQHandler
                0x08000acc       0x14 ./Core/Src/stm32f4xx_it.o
                0x08000acc                UART5_IRQHandler
 .text.OTG_FS_IRQHandler
                0x08000ae0       0x14 ./Core/Src/stm32f4xx_it.o
                0x08000ae0                OTG_FS_IRQHandler
 .text._sbrk    0x08000af4       0x6c ./Core/Src/sysmem.o
                0x08000af4                _sbrk
 .text.SystemInit
                0x08000b60       0x24 ./Core/Src/system_stm32f4xx.o
                0x08000b60                SystemInit
 .text.MX_TIM1_Init
                0x08000b84       0xa0 ./Core/Src/tim.o
                0x08000b84                MX_TIM1_Init
 .text.MX_TIM2_Init
                0x08000c24       0x98 ./Core/Src/tim.o
                0x08000c24                MX_TIM2_Init
 .text.HAL_TIM_Base_MspInit
                0x08000cbc       0x88 ./Core/Src/tim.o
                0x08000cbc                HAL_TIM_Base_MspInit
 .text.MX_UART5_Init
                0x08000d44       0x54 ./Core/Src/usart.o
                0x08000d44                MX_UART5_Init
 .text.HAL_UART_MspInit
                0x08000d98      0x1b0 ./Core/Src/usart.o
                0x08000d98                HAL_UART_MspInit
 .text.HAL_UART_MspDeInit
                0x08000f48       0x64 ./Core/Src/usart.o
                0x08000f48                HAL_UART_MspDeInit
 .text.MX_USB_OTG_FS_PCD_Init
                0x08000fac       0x5c ./Core/Src/usb_otg.o
                0x08000fac                MX_USB_OTG_FS_PCD_Init
 .text.HAL_PCD_MspInit
                0x08001008       0xa8 ./Core/Src/usb_otg.o
                0x08001008                HAL_PCD_MspInit
 .text.Reset_Handler
                0x080010b0       0x50 ./Core/Startup/startup_stm32f407vetx.o
                0x080010b0                Reset_Handler
 .text.Default_Handler
                0x08001100        0x2 ./Core/Startup/startup_stm32f407vetx.o
                0x08001100                RTC_Alarm_IRQHandler
                0x08001100                HASH_RNG_IRQHandler
                0x08001100                EXTI2_IRQHandler
                0x08001100                TIM8_CC_IRQHandler
                0x08001100                TIM1_CC_IRQHandler
                0x08001100                DMA2_Stream5_IRQHandler
                0x08001100                DMA1_Stream5_IRQHandler
                0x08001100                PVD_IRQHandler
                0x08001100                SDIO_IRQHandler
                0x08001100                TAMP_STAMP_IRQHandler
                0x08001100                CAN2_RX1_IRQHandler
                0x08001100                EXTI3_IRQHandler
                0x08001100                TIM8_TRG_COM_TIM14_IRQHandler
                0x08001100                TIM8_UP_TIM13_IRQHandler
                0x08001100                I2C3_ER_IRQHandler
                0x08001100                EXTI0_IRQHandler
                0x08001100                I2C2_EV_IRQHandler
                0x08001100                DMA1_Stream2_IRQHandler
                0x08001100                FPU_IRQHandler
                0x08001100                OTG_HS_WKUP_IRQHandler
                0x08001100                CAN2_SCE_IRQHandler
                0x08001100                DMA2_Stream2_IRQHandler
                0x08001100                SPI1_IRQHandler
                0x08001100                TIM6_DAC_IRQHandler
                0x08001100                TIM1_BRK_TIM9_IRQHandler
                0x08001100                DCMI_IRQHandler
                0x08001100                CAN2_RX0_IRQHandler
                0x08001100                DMA2_Stream3_IRQHandler
                0x08001100                USART6_IRQHandler
                0x08001100                USART3_IRQHandler
                0x08001100                DMA2_Stream0_IRQHandler
                0x08001100                TIM4_IRQHandler
                0x08001100                I2C1_EV_IRQHandler
                0x08001100                DMA1_Stream6_IRQHandler
                0x08001100                DMA1_Stream1_IRQHandler
                0x08001100                UART4_IRQHandler
                0x08001100                TIM3_IRQHandler
                0x08001100                RCC_IRQHandler
                0x08001100                TIM8_BRK_TIM12_IRQHandler
                0x08001100                Default_Handler
                0x08001100                EXTI15_10_IRQHandler
                0x08001100                ADC_IRQHandler
                0x08001100                TIM7_IRQHandler
                0x08001100                CAN2_TX_IRQHandler
                0x08001100                TIM5_IRQHandler
                0x08001100                DMA2_Stream7_IRQHandler
                0x08001100                I2C3_EV_IRQHandler
                0x08001100                EXTI9_5_IRQHandler
                0x08001100                RTC_WKUP_IRQHandler
                0x08001100                ETH_WKUP_IRQHandler
                0x08001100                SPI2_IRQHandler
                0x08001100                OTG_HS_EP1_IN_IRQHandler
                0x08001100                CAN1_TX_IRQHandler
                0x08001100                EXTI4_IRQHandler
                0x08001100                FSMC_IRQHandler
                0x08001100                ETH_IRQHandler
                0x08001100                OTG_HS_EP1_OUT_IRQHandler
                0x08001100                WWDG_IRQHandler
                0x08001100                OTG_FS_WKUP_IRQHandler
                0x08001100                TIM1_TRG_COM_TIM11_IRQHandler
                0x08001100                OTG_HS_IRQHandler
                0x08001100                EXTI1_IRQHandler
                0x08001100                USART2_IRQHandler
                0x08001100                I2C2_ER_IRQHandler
                0x08001100                DMA2_Stream1_IRQHandler
                0x08001100                CAN1_SCE_IRQHandler
                0x08001100                FLASH_IRQHandler
                0x08001100                DMA2_Stream4_IRQHandler
                0x08001100                USART1_IRQHandler
                0x08001100                SPI3_IRQHandler
                0x08001100                DMA1_Stream4_IRQHandler
                0x08001100                I2C1_ER_IRQHandler
                0x08001100                DMA2_Stream6_IRQHandler
                0x08001100                DMA1_Stream3_IRQHandler
 *fill*         0x08001102        0x2 
 .text.HAL_Init
                0x08001104       0x44 ./Drivers/STM32F4xx_HAL_Driver/Src/stm32f4xx_hal.o
                0x08001104                HAL_Init
 .text.HAL_InitTick
                0x08001148       0x60 ./Drivers/STM32F4xx_HAL_Driver/Src/stm32f4xx_hal.o
                0x08001148                HAL_InitTick
 .text.HAL_IncTick
                0x080011a8       0x28 ./Drivers/STM32F4xx_HAL_Driver/Src/stm32f4xx_hal.o
                0x080011a8                HAL_IncTick
 .text.HAL_GetTick
                0x080011d0       0x18 ./Drivers/STM32F4xx_HAL_Driver/Src/stm32f4xx_hal.o
                0x080011d0                HAL_GetTick
 .text.HAL_Delay
                0x080011e8       0x48 ./Drivers/STM32F4xx_HAL_Driver/Src/stm32f4xx_hal.o
                0x080011e8                HAL_Delay
 .text.HAL_CAN_Init
                0x08001230      0x1f6 ./Drivers/STM32F4xx_HAL_Driver/Src/stm32f4xx_hal_can.o
                0x08001230                HAL_CAN_Init
 .text.HAL_CAN_IRQHandler
                0x08001426      0x36e ./Drivers/STM32F4xx_HAL_Driver/Src/stm32f4xx_hal_can.o
                0x08001426                HAL_CAN_IRQHandler
 .text.HAL_CAN_TxMailbox0CompleteCallback
                0x08001794       0x14 ./Drivers/STM32F4xx_HAL_Driver/Src/stm32f4xx_hal_can.o
                0x08001794                HAL_CAN_TxMailbox0CompleteCallback
 .text.HAL_CAN_TxMailbox1CompleteCallback
                0x080017a8       0x14 ./Drivers/STM32F4xx_HAL_Driver/Src/stm32f4xx_hal_can.o
                0x080017a8                HAL_CAN_TxMailbox1CompleteCallback
 .text.HAL_CAN_TxMailbox2CompleteCallback
                0x080017bc       0x14 ./Drivers/STM32F4xx_HAL_Driver/Src/stm32f4xx_hal_can.o
                0x080017bc                HAL_CAN_TxMailbox2CompleteCallback
 .text.HAL_CAN_TxMailbox0AbortCallback
                0x080017d0       0x14 ./Drivers/STM32F4xx_HAL_Driver/Src/stm32f4xx_hal_can.o
                0x080017d0                HAL_CAN_TxMailbox0AbortCallback
 .text.HAL_CAN_TxMailbox1AbortCallback
                0x080017e4       0x14 ./Drivers/STM32F4xx_HAL_Driver/Src/stm32f4xx_hal_can.o
                0x080017e4                HAL_CAN_TxMailbox1AbortCallback
 .text.HAL_CAN_TxMailbox2AbortCallback
                0x080017f8       0x14 ./Drivers/STM32F4xx_HAL_Driver/Src/stm32f4xx_hal_can.o
                0x080017f8                HAL_CAN_TxMailbox2AbortCallback
 .text.HAL_CAN_RxFifo0MsgPendingCallback
                0x0800180c       0x14 ./Drivers/STM32F4xx_HAL_Driver/Src/stm32f4xx_hal_can.o
                0x0800180c                HAL_CAN_RxFifo0MsgPendingCallback
 .text.HAL_CAN_RxFifo0FullCallback
                0x08001820       0x14 ./Drivers/STM32F4xx_HAL_Driver/Src/stm32f4xx_hal_can.o
                0x08001820                HAL_CAN_RxFifo0FullCallback
 .text.HAL_CAN_RxFifo1MsgPendingCallback
                0x08001834       0x14 ./Drivers/STM32F4xx_HAL_Driver/Src/stm32f4xx_hal_can.o
                0x08001834                HAL_CAN_RxFifo1MsgPendingCallback
 .text.HAL_CAN_RxFifo1FullCallback
                0x08001848       0x14 ./Drivers/STM32F4xx_HAL_Driver/Src/stm32f4xx_hal_can.o
                0x08001848                HAL_CAN_RxFifo1FullCallback
 .text.HAL_CAN_SleepCallback
                0x0800185c       0x14 ./Drivers/STM32F4xx_HAL_Driver/Src/stm32f4xx_hal_can.o
                0x0800185c                HAL_CAN_SleepCallback
 .text.HAL_CAN_WakeUpFromRxMsgCallback
                0x08001870       0x14 ./Drivers/STM32F4xx_HAL_Driver/Src/stm32f4xx_hal_can.o
                0x08001870                HAL_CAN_WakeUpFromRxMsgCallback
 .text.HAL_CAN_ErrorCallback
                0x08001884       0x14 ./Drivers/STM32F4xx_HAL_Driver/Src/stm32f4xx_hal_can.o
                0x08001884                HAL_CAN_ErrorCallback
 .text.__NVIC_SetPriorityGrouping
                0x08001898       0x48 ./Drivers/STM32F4xx_HAL_Driver/Src/stm32f4xx_hal_cortex.o
 .text.__NVIC_GetPriorityGrouping
                0x080018e0       0x1c ./Drivers/STM32F4xx_HAL_Driver/Src/stm32f4xx_hal_cortex.o
 .text.__NVIC_EnableIRQ
                0x080018fc       0x3c ./Drivers/STM32F4xx_HAL_Driver/Src/stm32f4xx_hal_cortex.o
 .text.__NVIC_DisableIRQ
                0x08001938       0x48 ./Drivers/STM32F4xx_HAL_Driver/Src/stm32f4xx_hal_cortex.o
 .text.__NVIC_SetPriority
                0x08001980       0x54 ./Drivers/STM32F4xx_HAL_Driver/Src/stm32f4xx_hal_cortex.o
 .text.NVIC_EncodePriority
                0x080019d4       0x66 ./Drivers/STM32F4xx_HAL_Driver/Src/stm32f4xx_hal_cortex.o
 *fill*         0x08001a3a        0x2 
 .text.SysTick_Config
                0x08001a3c       0x44 ./Drivers/STM32F4xx_HAL_Driver/Src/stm32f4xx_hal_cortex.o
 .text.HAL_NVIC_SetPriorityGrouping
                0x08001a80       0x16 ./Drivers/STM32F4xx_HAL_Driver/Src/stm32f4xx_hal_cortex.o
                0x08001a80                HAL_NVIC_SetPriorityGrouping
 .text.HAL_NVIC_SetPriority
                0x08001a96       0x38 ./Drivers/STM32F4xx_HAL_Driver/Src/stm32f4xx_hal_cortex.o
                0x08001a96                HAL_NVIC_SetPriority
 .text.HAL_NVIC_EnableIRQ
                0x08001ace       0x1c ./Drivers/STM32F4xx_HAL_Driver/Src/stm32f4xx_hal_cortex.o
                0x08001ace                HAL_NVIC_EnableIRQ
 .text.HAL_NVIC_DisableIRQ
                0x08001aea       0x1c ./Drivers/STM32F4xx_HAL_Driver/Src/stm32f4xx_hal_cortex.o
                0x08001aea                HAL_NVIC_DisableIRQ
 .text.HAL_SYSTICK_Config
                0x08001b06       0x18 ./Drivers/STM32F4xx_HAL_Driver/Src/stm32f4xx_hal_cortex.o
                0x08001b06                HAL_SYSTICK_Config
 *fill*         0x08001b1e        0x2 
 .text.HAL_DMA_Init
                0x08001b20      0x15c ./Drivers/STM32F4xx_HAL_Driver/Src/stm32f4xx_hal_dma.o
                0x08001b20                HAL_DMA_Init
 .text.HAL_DMA_DeInit
                0x08001c7c       0xbc ./Drivers/STM32F4xx_HAL_Driver/Src/stm32f4xx_hal_dma.o
                0x08001c7c                HAL_DMA_DeInit
 .text.HAL_DMA_Abort
                0x08001d38       0xe0 ./Drivers/STM32F4xx_HAL_Driver/Src/stm32f4xx_hal_dma.o
                0x08001d38                HAL_DMA_Abort
 .text.HAL_DMA_Abort_IT
                0x08001e18       0x44 ./Drivers/STM32F4xx_HAL_Driver/Src/stm32f4xx_hal_dma.o
                0x08001e18                HAL_DMA_Abort_IT
 .text.HAL_DMA_IRQHandler
                0x08001e5c      0x314 ./Drivers/STM32F4xx_HAL_Driver/Src/stm32f4xx_hal_dma.o
                0x08001e5c                HAL_DMA_IRQHandler
 .text.DMA_CalcBaseAndBitshift
                0x08002170       0x6c ./Drivers/STM32F4xx_HAL_Driver/Src/stm32f4xx_hal_dma.o
 .text.DMA_CheckFifoParam
                0x080021dc       0xf8 ./Drivers/STM32F4xx_HAL_Driver/Src/stm32f4xx_hal_dma.o
 .text.HAL_GPIO_Init
                0x080022d4      0x338 ./Drivers/STM32F4xx_HAL_Driver/Src/stm32f4xx_hal_gpio.o
                0x080022d4                HAL_GPIO_Init
 .text.HAL_GPIO_DeInit
                0x0800260c      0x1f8 ./Drivers/STM32F4xx_HAL_Driver/Src/stm32f4xx_hal_gpio.o
                0x0800260c                HAL_GPIO_DeInit
 .text.HAL_GPIO_WritePin
                0x08002804       0x32 ./Drivers/STM32F4xx_HAL_Driver/Src/stm32f4xx_hal_gpio.o
                0x08002804                HAL_GPIO_WritePin
 *fill*         0x08002836        0x2 
 .text.HAL_I2C_Init
                0x08002838      0x288 ./Drivers/STM32F4xx_HAL_Driver/Src/stm32f4xx_hal_i2c.o
                0x08002838                HAL_I2C_Init
 .text.HAL_PCD_Init
                0x08002ac0      0x21e ./Drivers/STM32F4xx_HAL_Driver/Src/stm32f4xx_hal_pcd.o
                0x08002ac0                HAL_PCD_Init
 .text.HAL_PCD_Start
                0x08002cde       0x6a ./Drivers/STM32F4xx_HAL_Driver/Src/stm32f4xx_hal_pcd.o
                0x08002cde                HAL_PCD_Start
 .text.HAL_PCD_IRQHandler
                0x08002d48      0x942 ./Drivers/STM32F4xx_HAL_Driver/Src/stm32f4xx_hal_pcd.o
                0x08002d48                HAL_PCD_IRQHandler
 .text.HAL_PCD_SetAddress
                0x0800368a       0x48 ./Drivers/STM32F4xx_HAL_Driver/Src/stm32f4xx_hal_pcd.o
                0x0800368a                HAL_PCD_SetAddress
 .text.HAL_PCD_EP_Open
                0x080036d2       0xd4 ./Drivers/STM32F4xx_HAL_Driver/Src/stm32f4xx_hal_pcd.o
                0x080036d2                HAL_PCD_EP_Open
 .text.HAL_PCD_EP_Close
                0x080037a6       0x94 ./Drivers/STM32F4xx_HAL_Driver/Src/stm32f4xx_hal_pcd.o
                0x080037a6                HAL_PCD_EP_Close
 .text.HAL_PCD_EP_Receive
                0x0800383a       0x76 ./Drivers/STM32F4xx_HAL_Driver/Src/stm32f4xx_hal_pcd.o
                0x0800383a                HAL_PCD_EP_Receive
 .text.HAL_PCD_EP_GetRxCount
                0x080038b0       0x30 ./Drivers/STM32F4xx_HAL_Driver/Src/stm32f4xx_hal_pcd.o
                0x080038b0                HAL_PCD_EP_GetRxCount
 .text.HAL_PCD_EP_Transmit
                0x080038e0       0x74 ./Drivers/STM32F4xx_HAL_Driver/Src/stm32f4xx_hal_pcd.o
                0x080038e0                HAL_PCD_EP_Transmit
 .text.HAL_PCD_EP_SetStall
                0x08003954       0xc6 ./Drivers/STM32F4xx_HAL_Driver/Src/stm32f4xx_hal_pcd.o
                0x08003954                HAL_PCD_EP_SetStall
 .text.HAL_PCD_EP_ClrStall
                0x08003a1a       0xac ./Drivers/STM32F4xx_HAL_Driver/Src/stm32f4xx_hal_pcd.o
                0x08003a1a                HAL_PCD_EP_ClrStall
 .text.HAL_PCD_EP_Abort
                0x08003ac6       0x62 ./Drivers/STM32F4xx_HAL_Driver/Src/stm32f4xx_hal_pcd.o
                0x08003ac6                HAL_PCD_EP_Abort
 .text.PCD_WriteEmptyTxFifo
                0x08003b28      0x118 ./Drivers/STM32F4xx_HAL_Driver/Src/stm32f4xx_hal_pcd.o
 .text.PCD_EP_OutXfrComplete_int
                0x08003c40      0x1d0 ./Drivers/STM32F4xx_HAL_Driver/Src/stm32f4xx_hal_pcd.o
 .text.PCD_EP_OutSetupPacket_int
                0x08003e10       0x8c ./Drivers/STM32F4xx_HAL_Driver/Src/stm32f4xx_hal_pcd.o
 .text.HAL_PCDEx_SetTxFiFo
                0x08003e9c       0x8e ./Drivers/STM32F4xx_HAL_Driver/Src/stm32f4xx_hal_pcd_ex.o
                0x08003e9c                HAL_PCDEx_SetTxFiFo
 .text.HAL_PCDEx_SetRxFiFo
                0x08003f2a       0x22 ./Drivers/STM32F4xx_HAL_Driver/Src/stm32f4xx_hal_pcd_ex.o
                0x08003f2a                HAL_PCDEx_SetRxFiFo
 .text.HAL_PCDEx_LPM_Callback
                0x08003f4c       0x18 ./Drivers/STM32F4xx_HAL_Driver/Src/stm32f4xx_hal_pcd_ex.o
                0x08003f4c                HAL_PCDEx_LPM_Callback
 .text.HAL_RCC_OscConfig
                0x08003f64      0x4f0 ./Drivers/STM32F4xx_HAL_Driver/Src/stm32f4xx_hal_rcc.o
                0x08003f64                HAL_RCC_OscConfig
 .text.HAL_RCC_ClockConfig
                0x08004454      0x1cc ./Drivers/STM32F4xx_HAL_Driver/Src/stm32f4xx_hal_rcc.o
                0x08004454                HAL_RCC_ClockConfig
 .text.HAL_RCC_GetSysClockFreq
                0x08004620      0x20c ./Drivers/STM32F4xx_HAL_Driver/Src/stm32f4xx_hal_rcc.o
                0x08004620                HAL_RCC_GetSysClockFreq
 .text.HAL_RCC_GetHCLKFreq
                0x0800482c       0x18 ./Drivers/STM32F4xx_HAL_Driver/Src/stm32f4xx_hal_rcc.o
                0x0800482c                HAL_RCC_GetHCLKFreq
 .text.HAL_RCC_GetPCLK1Freq
                0x08004844       0x28 ./Drivers/STM32F4xx_HAL_Driver/Src/stm32f4xx_hal_rcc.o
                0x08004844                HAL_RCC_GetPCLK1Freq
 .text.HAL_RCC_GetPCLK2Freq
                0x0800486c       0x28 ./Drivers/STM32F4xx_HAL_Driver/Src/stm32f4xx_hal_rcc.o
                0x0800486c                HAL_RCC_GetPCLK2Freq
 .text.HAL_TIM_Base_Init
                0x08004894       0x9e ./Drivers/STM32F4xx_HAL_Driver/Src/stm32f4xx_hal_tim.o
                0x08004894                HAL_TIM_Base_Init
 *fill*         0x08004932        0x2 
 .text.HAL_TIM_Base_Start_IT
                0x08004934       0xe0 ./Drivers/STM32F4xx_HAL_Driver/Src/stm32f4xx_hal_tim.o
                0x08004934                HAL_TIM_Base_Start_IT
 .text.HAL_TIM_IRQHandler
                0x08004a14      0x1e0 ./Drivers/STM32F4xx_HAL_Driver/Src/stm32f4xx_hal_tim.o
                0x08004a14                HAL_TIM_IRQHandler
 .text.HAL_TIM_ConfigClockSource
                0x08004bf4      0x18e ./Drivers/STM32F4xx_HAL_Driver/Src/stm32f4xx_hal_tim.o
                0x08004bf4                HAL_TIM_ConfigClockSource
 .text.HAL_TIM_OC_DelayElapsedCallback
                0x08004d82       0x14 ./Drivers/STM32F4xx_HAL_Driver/Src/stm32f4xx_hal_tim.o
                0x08004d82                HAL_TIM_OC_DelayElapsedCallback
 .text.HAL_TIM_IC_CaptureCallback
                0x08004d96       0x14 ./Drivers/STM32F4xx_HAL_Driver/Src/stm32f4xx_hal_tim.o
                0x08004d96                HAL_TIM_IC_CaptureCallback
 .text.HAL_TIM_PWM_PulseFinishedCallback
                0x08004daa       0x14 ./Drivers/STM32F4xx_HAL_Driver/Src/stm32f4xx_hal_tim.o
                0x08004daa                HAL_TIM_PWM_PulseFinishedCallback
 .text.HAL_TIM_TriggerCallback
                0x08004dbe       0x14 ./Drivers/STM32F4xx_HAL_Driver/Src/stm32f4xx_hal_tim.o
                0x08004dbe                HAL_TIM_TriggerCallback
 *fill*         0x08004dd2        0x2 
 .text.TIM_Base_SetConfig
                0x08004dd4      0x14c ./Drivers/STM32F4xx_HAL_Driver/Src/stm32f4xx_hal_tim.o
                0x08004dd4                TIM_Base_SetConfig
 .text.TIM_TI1_ConfigInputStage
                0x08004f20       0x5e ./Drivers/STM32F4xx_HAL_Driver/Src/stm32f4xx_hal_tim.o
 .text.TIM_TI2_ConfigInputStage
                0x08004f7e       0x60 ./Drivers/STM32F4xx_HAL_Driver/Src/stm32f4xx_hal_tim.o
 .text.TIM_ITRx_SetConfig
                0x08004fde       0x36 ./Drivers/STM32F4xx_HAL_Driver/Src/stm32f4xx_hal_tim.o
 .text.TIM_ETR_SetConfig
                0x08005014       0x40 ./Drivers/STM32F4xx_HAL_Driver/Src/stm32f4xx_hal_tim.o
                0x08005014                TIM_ETR_SetConfig
 .text.HAL_TIMEx_MasterConfigSynchronization
                0x08005054       0xf8 ./Drivers/STM32F4xx_HAL_Driver/Src/stm32f4xx_hal_tim_ex.o
                0x08005054                HAL_TIMEx_MasterConfigSynchronization
 .text.HAL_TIMEx_CommutCallback
                0x0800514c       0x14 ./Drivers/STM32F4xx_HAL_Driver/Src/stm32f4xx_hal_tim_ex.o
                0x0800514c                HAL_TIMEx_CommutCallback
 .text.HAL_TIMEx_BreakCallback
                0x08005160       0x14 ./Drivers/STM32F4xx_HAL_Driver/Src/stm32f4xx_hal_tim_ex.o
                0x08005160                HAL_TIMEx_BreakCallback
 .text.HAL_UART_Init
                0x08005174       0xa0 ./Drivers/STM32F4xx_HAL_Driver/Src/stm32f4xx_hal_uart.o
                0x08005174                HAL_UART_Init
 .text.HAL_UART_DeInit
                0x08005214       0x64 ./Drivers/STM32F4xx_HAL_Driver/Src/stm32f4xx_hal_uart.o
                0x08005214                HAL_UART_DeInit
 .text.HAL_UART_Transmit
                0x08005278      0x116 ./Drivers/STM32F4xx_HAL_Driver/Src/stm32f4xx_hal_uart.o
                0x08005278                HAL_UART_Transmit
 .text.HAL_UART_Receive_IT
                0x0800538e       0x4a ./Drivers/STM32F4xx_HAL_Driver/Src/stm32f4xx_hal_uart.o
                0x0800538e                HAL_UART_Receive_IT
 .text.HAL_UART_IRQHandler
                0x080053d8      0x554 ./Drivers/STM32F4xx_HAL_Driver/Src/stm32f4xx_hal_uart.o
                0x080053d8                HAL_UART_IRQHandler
 .text.HAL_UART_ErrorCallback
                0x0800592c       0x14 ./Drivers/STM32F4xx_HAL_Driver/Src/stm32f4xx_hal_uart.o
                0x0800592c                HAL_UART_ErrorCallback
 .text.HAL_UARTEx_RxEventCallback
                0x08005940       0x18 ./Drivers/STM32F4xx_HAL_Driver/Src/stm32f4xx_hal_uart.o
                0x08005940                HAL_UARTEx_RxEventCallback
 .text.UART_WaitOnFlagUntilTimeout
                0x08005958       0xb2 ./Drivers/STM32F4xx_HAL_Driver/Src/stm32f4xx_hal_uart.o
 .text.UART_Start_Receive_IT
                0x08005a0a       0x74 ./Drivers/STM32F4xx_HAL_Driver/Src/stm32f4xx_hal_uart.o
                0x08005a0a                UART_Start_Receive_IT
 .text.UART_EndRxTransfer
                0x08005a7e       0xc6 ./Drivers/STM32F4xx_HAL_Driver/Src/stm32f4xx_hal_uart.o
 .text.UART_DMAAbortOnError
                0x08005b44       0x22 ./Drivers/STM32F4xx_HAL_Driver/Src/stm32f4xx_hal_uart.o
 .text.UART_Transmit_IT
                0x08005b66       0xa0 ./Drivers/STM32F4xx_HAL_Driver/Src/stm32f4xx_hal_uart.o
 .text.UART_EndTransmit_IT
                0x08005c06       0x30 ./Drivers/STM32F4xx_HAL_Driver/Src/stm32f4xx_hal_uart.o
 .text.UART_Receive_IT
                0x08005c36      0x17c ./Drivers/STM32F4xx_HAL_Driver/Src/stm32f4xx_hal_uart.o
 *fill*         0x08005db2        0x2 
 .text.UART_SetConfig
                0x08005db4      0x4e8 ./Drivers/STM32F4xx_HAL_Driver/Src/stm32f4xx_hal_uart.o
 .text.USB_CoreInit
                0x0800629c       0xc8 ./Drivers/STM32F4xx_HAL_Driver/Src/stm32f4xx_ll_usb.o
                0x0800629c                USB_CoreInit
 .text.USB_SetTurnaroundTime
                0x08006364      0x144 ./Drivers/STM32F4xx_HAL_Driver/Src/stm32f4xx_ll_usb.o
                0x08006364                USB_SetTurnaroundTime
 .text.USB_EnableGlobalInt
                0x080064a8       0x22 ./Drivers/STM32F4xx_HAL_Driver/Src/stm32f4xx_ll_usb.o
                0x080064a8                USB_EnableGlobalInt
 .text.USB_DisableGlobalInt
                0x080064ca       0x22 ./Drivers/STM32F4xx_HAL_Driver/Src/stm32f4xx_ll_usb.o
                0x080064ca                USB_DisableGlobalInt
 .text.USB_SetCurrentMode
                0x080064ec       0x98 ./Drivers/STM32F4xx_HAL_Driver/Src/stm32f4xx_ll_usb.o
                0x080064ec                USB_SetCurrentMode
 .text.USB_DevInit
                0x08006584      0x2c8 ./Drivers/STM32F4xx_HAL_Driver/Src/stm32f4xx_ll_usb.o
                0x08006584                USB_DevInit
 .text.USB_FlushTxFifo
                0x0800684c       0x64 ./Drivers/STM32F4xx_HAL_Driver/Src/stm32f4xx_ll_usb.o
                0x0800684c                USB_FlushTxFifo
 .text.USB_FlushRxFifo
                0x080068b0       0x5c ./Drivers/STM32F4xx_HAL_Driver/Src/stm32f4xx_ll_usb.o
                0x080068b0                USB_FlushRxFifo
 .text.USB_SetDevSpeed
                0x0800690c       0x32 ./Drivers/STM32F4xx_HAL_Driver/Src/stm32f4xx_ll_usb.o
                0x0800690c                USB_SetDevSpeed
 .text.USB_GetDevSpeed
                0x0800693e       0x4a ./Drivers/STM32F4xx_HAL_Driver/Src/stm32f4xx_ll_usb.o
                0x0800693e                USB_GetDevSpeed
 .text.USB_ActivateEndpoint
                0x08006988      0x10e ./Drivers/STM32F4xx_HAL_Driver/Src/stm32f4xx_ll_usb.o
                0x08006988                USB_ActivateEndpoint
 *fill*         0x08006a96        0x2 
 .text.USB_DeactivateEndpoint
                0x08006a98      0x1b8 ./Drivers/STM32F4xx_HAL_Driver/Src/stm32f4xx_ll_usb.o
                0x08006a98                USB_DeactivateEndpoint
 .text.USB_EPStartXfer
                0x08006c50      0x53c ./Drivers/STM32F4xx_HAL_Driver/Src/stm32f4xx_ll_usb.o
                0x08006c50                USB_EPStartXfer
 .text.USB_EPStopXfer
                0x0800718c      0x154 ./Drivers/STM32F4xx_HAL_Driver/Src/stm32f4xx_ll_usb.o
                0x0800718c                USB_EPStopXfer
 .text.USB_WritePacket
                0x080072e0       0x7c ./Drivers/STM32F4xx_HAL_Driver/Src/stm32f4xx_ll_usb.o
                0x080072e0                USB_WritePacket
 .text.USB_ReadPacket
                0x0800735c       0xb0 ./Drivers/STM32F4xx_HAL_Driver/Src/stm32f4xx_ll_usb.o
                0x0800735c                USB_ReadPacket
 .text.USB_EPSetStall
                0x0800740c       0xdc ./Drivers/STM32F4xx_HAL_Driver/Src/stm32f4xx_ll_usb.o
                0x0800740c                USB_EPSetStall
 .text.USB_EPClearStall
                0x080074e8       0xcc ./Drivers/STM32F4xx_HAL_Driver/Src/stm32f4xx_ll_usb.o
                0x080074e8                USB_EPClearStall
 .text.USB_SetDevAddress
                0x080075b4       0x4c ./Drivers/STM32F4xx_HAL_Driver/Src/stm32f4xx_ll_usb.o
                0x080075b4                USB_SetDevAddress
 .text.USB_DevConnect
                0x08007600       0x42 ./Drivers/STM32F4xx_HAL_Driver/Src/stm32f4xx_ll_usb.o
                0x08007600                USB_DevConnect
 .text.USB_DevDisconnect
                0x08007642       0x42 ./Drivers/STM32F4xx_HAL_Driver/Src/stm32f4xx_ll_usb.o
                0x08007642                USB_DevDisconnect
 .text.USB_ReadInterrupts
                0x08007684       0x26 ./Drivers/STM32F4xx_HAL_Driver/Src/stm32f4xx_ll_usb.o
                0x08007684                USB_ReadInterrupts
 .text.USB_ReadDevAllOutEpInterrupt
                0x080076aa       0x34 ./Drivers/STM32F4xx_HAL_Driver/Src/stm32f4xx_ll_usb.o
                0x080076aa                USB_ReadDevAllOutEpInterrupt
 .text.USB_ReadDevAllInEpInterrupt
                0x080076de       0x34 ./Drivers/STM32F4xx_HAL_Driver/Src/stm32f4xx_ll_usb.o
                0x080076de                USB_ReadDevAllInEpInterrupt
 .text.USB_ReadDevOutEPInterrupt
                0x08007712       0x3c ./Drivers/STM32F4xx_HAL_Driver/Src/stm32f4xx_ll_usb.o
                0x08007712                USB_ReadDevOutEPInterrupt
 .text.USB_ReadDevInEPInterrupt
                0x0800774e       0x5c ./Drivers/STM32F4xx_HAL_Driver/Src/stm32f4xx_ll_usb.o
                0x0800774e                USB_ReadDevInEPInterrupt
 .text.USB_GetMode
                0x080077aa       0x1c ./Drivers/STM32F4xx_HAL_Driver/Src/stm32f4xx_ll_usb.o
                0x080077aa                USB_GetMode
 .text.USB_ActivateSetup
                0x080077c6       0x46 ./Drivers/STM32F4xx_HAL_Driver/Src/stm32f4xx_ll_usb.o
                0x080077c6                USB_ActivateSetup
 .text.USB_EP0_OutStart
                0x0800780c       0xbc ./Drivers/STM32F4xx_HAL_Driver/Src/stm32f4xx_ll_usb.o
                0x0800780c                USB_EP0_OutStart
 .text.USB_CoreReset
                0x080078c8       0x70 ./Drivers/STM32F4xx_HAL_Driver/Src/stm32f4xx_ll_usb.o
 .text.MX_USB_DEVICE_Init
                0x08007938       0x7c ./Middlewares/Third_Party/AL94_USB_Composite/COMPOSITE/App/usb_device.o
                0x08007938                MX_USB_DEVICE_Init
 .text.CDC_CH_To_UART_Handle
                0x080079b4       0x2c ./Middlewares/Third_Party/AL94_USB_Composite/COMPOSITE/App/usbd_cdc_acm_if.o
                0x080079b4                CDC_CH_To_UART_Handle
 .text.UART_Handle_TO_CDC_CH
                0x080079e0       0x2c ./Middlewares/Third_Party/AL94_USB_Composite/COMPOSITE/App/usbd_cdc_acm_if.o
                0x080079e0                UART_Handle_TO_CDC_CH
 .text.Change_UART_Setting
                0x08007a0c      0x1a8 ./Middlewares/Third_Party/AL94_USB_Composite/COMPOSITE/App/usbd_cdc_acm_if.o
                0x08007a0c                Change_UART_Setting
 .text.CDC_Init
                0x08007bb4       0x54 ./Middlewares/Third_Party/AL94_USB_Composite/COMPOSITE/App/usbd_cdc_acm_if.o
 .text.CDC_DeInit
                0x08007c08       0x2e ./Middlewares/Third_Party/AL94_USB_Composite/COMPOSITE/App/usbd_cdc_acm_if.o
 *fill*         0x08007c36        0x2 
 .text.CDC_Control
                0x08007c38      0x1a4 ./Middlewares/Third_Party/AL94_USB_Composite/COMPOSITE/App/usbd_cdc_acm_if.o
 .text.CDC_Receive
                0x08007ddc       0x90 ./Middlewares/Third_Party/AL94_USB_Composite/COMPOSITE/App/usbd_cdc_acm_if.o
 .text.CDC_TransmitCplt
                0x08007e6c       0x22 ./Middlewares/Third_Party/AL94_USB_Composite/COMPOSITE/App/usbd_cdc_acm_if.o
 *fill*         0x08007e8e        0x2 
 .text.HAL_UART_TxCpltCallback
                0x08007e90       0x68 ./Middlewares/Third_Party/AL94_USB_Composite/COMPOSITE/App/usbd_cdc_acm_if.o
                0x08007e90                HAL_UART_TxCpltCallback
 .text.HAL_TIM_PeriodElapsedCallback
                0x08007ef8      0x1bc ./Middlewares/Third_Party/AL94_USB_Composite/COMPOSITE/App/usbd_cdc_acm_if.o
                0x08007ef8                HAL_TIM_PeriodElapsedCallback
 .text.HAL_UART_RxCpltCallback
                0x080080b4       0x64 ./Middlewares/Third_Party/AL94_USB_Composite/COMPOSITE/App/usbd_cdc_acm_if.o
                0x080080b4                HAL_UART_RxCpltCallback
 .text.USBD_DeviceDescriptor
                0x08008118       0x24 ./Middlewares/Third_Party/AL94_USB_Composite/COMPOSITE/App/usbd_desc.o
                0x08008118                USBD_DeviceDescriptor
 .text.USBD_LangIDStrDescriptor
                0x0800813c       0x24 ./Middlewares/Third_Party/AL94_USB_Composite/COMPOSITE/App/usbd_desc.o
                0x0800813c                USBD_LangIDStrDescriptor
 .text.USBD_ProductStrDescriptor
                0x08008160       0x3c ./Middlewares/Third_Party/AL94_USB_Composite/COMPOSITE/App/usbd_desc.o
                0x08008160                USBD_ProductStrDescriptor
 .text.USBD_ManufacturerStrDescriptor
                0x0800819c       0x28 ./Middlewares/Third_Party/AL94_USB_Composite/COMPOSITE/App/usbd_desc.o
                0x0800819c                USBD_ManufacturerStrDescriptor
 .text.USBD_SerialStrDescriptor
                0x080081c4       0x24 ./Middlewares/Third_Party/AL94_USB_Composite/COMPOSITE/App/usbd_desc.o
                0x080081c4                USBD_SerialStrDescriptor
 .text.USBD_ConfigStrDescriptor
                0x080081e8       0x3c ./Middlewares/Third_Party/AL94_USB_Composite/COMPOSITE/App/usbd_desc.o
                0x080081e8                USBD_ConfigStrDescriptor
 .text.USBD_InterfaceStrDescriptor
                0x08008224       0x3c ./Middlewares/Third_Party/AL94_USB_Composite/COMPOSITE/App/usbd_desc.o
                0x08008224                USBD_InterfaceStrDescriptor
 .text.Get_SerialNum
                0x08008260       0x58 ./Middlewares/Third_Party/AL94_USB_Composite/COMPOSITE/App/usbd_desc.o
 .text.IntToUnicode
                0x080082b8       0x7e ./Middlewares/Third_Party/AL94_USB_Composite/COMPOSITE/App/usbd_desc.o
 .text.CUSTOM_HID_Init
                0x08008336       0x10 ./Middlewares/Third_Party/AL94_USB_Composite/COMPOSITE/App/usbd_hid_custom_if.o
 .text.CUSTOM_HID_DeInit
                0x08008346       0x10 ./Middlewares/Third_Party/AL94_USB_Composite/COMPOSITE/App/usbd_hid_custom_if.o
 .text.CUSTOM_HID_OutEvent
                0x08008356       0x1e ./Middlewares/Third_Party/AL94_USB_Composite/COMPOSITE/App/usbd_hid_custom_if.o
 .text.USBD_CDC_Init
                0x08008374      0x1c8 ./Middlewares/Third_Party/AL94_USB_Composite/COMPOSITE/Class/CDC_ACM/Src/usbd_cdc_acm.o
 .text.USBD_CDC_DeInit
                0x0800853c       0xe0 ./Middlewares/Third_Party/AL94_USB_Composite/COMPOSITE/Class/CDC_ACM/Src/usbd_cdc_acm.o
 .text.USBD_CDC_Setup
                0x0800861c      0x1f0 ./Middlewares/Third_Party/AL94_USB_Composite/COMPOSITE/Class/CDC_ACM/Src/usbd_cdc_acm.o
 .text.USBD_CDC_DataIn
                0x0800880c      0x100 ./Middlewares/Third_Party/AL94_USB_Composite/COMPOSITE/Class/CDC_ACM/Src/usbd_cdc_acm.o
 .text.USBD_CDC_DataOut
                0x0800890c       0x84 ./Middlewares/Third_Party/AL94_USB_Composite/COMPOSITE/Class/CDC_ACM/Src/usbd_cdc_acm.o
 .text.USBD_CDC_EP0_RxReady
                0x08008990       0x84 ./Middlewares/Third_Party/AL94_USB_Composite/COMPOSITE/Class/CDC_ACM/Src/usbd_cdc_acm.o
 .text.USBD_CDC_GetFSCfgDesc
                0x08008a14       0x20 ./Middlewares/Third_Party/AL94_USB_Composite/COMPOSITE/Class/CDC_ACM/Src/usbd_cdc_acm.o
 .text.USBD_CDC_GetHSCfgDesc
                0x08008a34       0x20 ./Middlewares/Third_Party/AL94_USB_Composite/COMPOSITE/Class/CDC_ACM/Src/usbd_cdc_acm.o
 .text.USBD_CDC_GetOtherSpeedCfgDesc
                0x08008a54       0x20 ./Middlewares/Third_Party/AL94_USB_Composite/COMPOSITE/Class/CDC_ACM/Src/usbd_cdc_acm.o
 .text.USBD_CDC_GetDeviceQualifierDescriptor
                0x08008a74       0x20 ./Middlewares/Third_Party/AL94_USB_Composite/COMPOSITE/Class/CDC_ACM/Src/usbd_cdc_acm.o
 .text.USBD_CDC_ACM_RegisterInterface
                0x08008a94       0x2a ./Middlewares/Third_Party/AL94_USB_Composite/COMPOSITE/Class/CDC_ACM/Src/usbd_cdc_acm.o
                0x08008a94                USBD_CDC_ACM_RegisterInterface
 *fill*         0x08008abe        0x2 
 .text.USBD_CDC_SetTxBuffer
                0x08008ac0       0x48 ./Middlewares/Third_Party/AL94_USB_Composite/COMPOSITE/Class/CDC_ACM/Src/usbd_cdc_acm.o
                0x08008ac0                USBD_CDC_SetTxBuffer
 .text.USBD_CDC_SetRxBuffer
                0x08008b08       0x3c ./Middlewares/Third_Party/AL94_USB_Composite/COMPOSITE/Class/CDC_ACM/Src/usbd_cdc_acm.o
                0x08008b08                USBD_CDC_SetRxBuffer
 .text.USBD_CDC_TransmitPacket
                0x08008b44       0x84 ./Middlewares/Third_Party/AL94_USB_Composite/COMPOSITE/Class/CDC_ACM/Src/usbd_cdc_acm.o
                0x08008b44                USBD_CDC_TransmitPacket
 .text.USBD_CDC_ReceivePacket
                0x08008bc8       0x68 ./Middlewares/Third_Party/AL94_USB_Composite/COMPOSITE/Class/CDC_ACM/Src/usbd_cdc_acm.o
                0x08008bc8                USBD_CDC_ReceivePacket
 .text.USBD_Update_CDC_ACM_DESC
                0x08008c30      0x10c ./Middlewares/Third_Party/AL94_USB_Composite/COMPOSITE/Class/CDC_ACM/Src/usbd_cdc_acm.o
                0x08008c30                USBD_Update_CDC_ACM_DESC
 .text.USBD_COMPOSITE_Init
                0x08008d3c       0x38 ./Middlewares/Third_Party/AL94_USB_Composite/COMPOSITE/Class/COMPOSITE/Src/usbd_composite.o
 .text.USBD_COMPOSITE_DeInit
                0x08008d74       0x38 ./Middlewares/Third_Party/AL94_USB_Composite/COMPOSITE/Class/COMPOSITE/Src/usbd_composite.o
 .text.USBD_COMPOSITE_Setup
                0x08008dac       0x84 ./Middlewares/Third_Party/AL94_USB_Composite/COMPOSITE/Class/COMPOSITE/Src/usbd_composite.o
 .text.USBD_COMPOSITE_DataIn
                0x08008e30       0x8c ./Middlewares/Third_Party/AL94_USB_Composite/COMPOSITE/Class/COMPOSITE/Src/usbd_composite.o
 .text.USBD_COMPOSITE_EP0_RxReady
                0x08008ebc       0x2c ./Middlewares/Third_Party/AL94_USB_Composite/COMPOSITE/Class/COMPOSITE/Src/usbd_composite.o
 .text.USBD_COMPOSITE_EP0_TxReady
                0x08008ee8       0x16 ./Middlewares/Third_Party/AL94_USB_Composite/COMPOSITE/Class/COMPOSITE/Src/usbd_composite.o
 .text.USBD_COMPOSITE_SOF
                0x08008efe       0x16 ./Middlewares/Third_Party/AL94_USB_Composite/COMPOSITE/Class/COMPOSITE/Src/usbd_composite.o
 .text.USBD_COMPOSITE_IsoINIncomplete
                0x08008f14       0x1a ./Middlewares/Third_Party/AL94_USB_Composite/COMPOSITE/Class/COMPOSITE/Src/usbd_composite.o
 .text.USBD_COMPOSITE_IsoOutIncomplete
                0x08008f2e       0x1a ./Middlewares/Third_Party/AL94_USB_Composite/COMPOSITE/Class/COMPOSITE/Src/usbd_composite.o
 .text.USBD_COMPOSITE_DataOut
                0x08008f48       0x70 ./Middlewares/Third_Party/AL94_USB_Composite/COMPOSITE/Class/COMPOSITE/Src/usbd_composite.o
 .text.USBD_COMPOSITE_GetHSCfgDesc
                0x08008fb8       0x20 ./Middlewares/Third_Party/AL94_USB_Composite/COMPOSITE/Class/COMPOSITE/Src/usbd_composite.o
 .text.USBD_COMPOSITE_GetFSCfgDesc
                0x08008fd8       0x20 ./Middlewares/Third_Party/AL94_USB_Composite/COMPOSITE/Class/COMPOSITE/Src/usbd_composite.o
 .text.USBD_COMPOSITE_GetOtherSpeedCfgDesc
                0x08008ff8       0x20 ./Middlewares/Third_Party/AL94_USB_Composite/COMPOSITE/Class/COMPOSITE/Src/usbd_composite.o
 .text.USBD_COMPOSITE_GetDeviceQualifierDesc
                0x08009018       0x20 ./Middlewares/Third_Party/AL94_USB_Composite/COMPOSITE/Class/COMPOSITE/Src/usbd_composite.o
 .text.USBD_COMPOSITE_GetUsrStringDesc
                0x08009038       0xa8 ./Middlewares/Third_Party/AL94_USB_Composite/COMPOSITE/Class/COMPOSITE/Src/usbd_composite.o
 .text.USBD_COMPOSITE_Mount_Class
                0x080090e0      0x210 ./Middlewares/Third_Party/AL94_USB_Composite/COMPOSITE/Class/COMPOSITE/Src/usbd_composite.o
                0x080090e0                USBD_COMPOSITE_Mount_Class
 .text.USBD_CUSTOM_HID_Init
                0x080092f0      0x128 ./Middlewares/Third_Party/AL94_USB_Composite/COMPOSITE/Class/HID_CUSTOM/Src/usbd_hid_custom.o
 .text.USBD_CUSTOM_HID_DeInit
                0x08009418       0xc0 ./Middlewares/Third_Party/AL94_USB_Composite/COMPOSITE/Class/HID_CUSTOM/Src/usbd_hid_custom.o
 .text.USBD_CUSTOM_HID_Setup
                0x080094d8      0x214 ./Middlewares/Third_Party/AL94_USB_Composite/COMPOSITE/Class/HID_CUSTOM/Src/usbd_hid_custom.o
 .text.USBD_CUSTOM_HID_GetFSCfgDesc
                0x080096ec       0x20 ./Middlewares/Third_Party/AL94_USB_Composite/COMPOSITE/Class/HID_CUSTOM/Src/usbd_hid_custom.o
 .text.USBD_CUSTOM_HID_GetHSCfgDesc
                0x0800970c       0x20 ./Middlewares/Third_Party/AL94_USB_Composite/COMPOSITE/Class/HID_CUSTOM/Src/usbd_hid_custom.o
 .text.USBD_CUSTOM_HID_GetOtherSpeedCfgDesc
                0x0800972c       0x20 ./Middlewares/Third_Party/AL94_USB_Composite/COMPOSITE/Class/HID_CUSTOM/Src/usbd_hid_custom.o
 .text.USBD_CUSTOM_HID_DataIn
                0x0800974c       0x24 ./Middlewares/Third_Party/AL94_USB_Composite/COMPOSITE/Class/HID_CUSTOM/Src/usbd_hid_custom.o
 .text.USBD_CUSTOM_HID_DataOut
                0x08009770       0x40 ./Middlewares/Third_Party/AL94_USB_Composite/COMPOSITE/Class/HID_CUSTOM/Src/usbd_hid_custom.o
 .text.USBD_CUSTOM_HID_EP0_RxReady
                0x080097b0       0x46 ./Middlewares/Third_Party/AL94_USB_Composite/COMPOSITE/Class/HID_CUSTOM/Src/usbd_hid_custom.o
 *fill*         0x080097f6        0x2 
 .text.USBD_CUSTOM_HID_GetDeviceQualifierDesc
                0x080097f8       0x20 ./Middlewares/Third_Party/AL94_USB_Composite/COMPOSITE/Class/HID_CUSTOM/Src/usbd_hid_custom.o
 .text.USBD_CUSTOM_HID_RegisterInterface
                0x08009818       0x2a ./Middlewares/Third_Party/AL94_USB_Composite/COMPOSITE/Class/HID_CUSTOM/Src/usbd_hid_custom.o
                0x08009818                USBD_CUSTOM_HID_RegisterInterface
 *fill*         0x08009842        0x2 
 .text.USBD_Update_HID_Custom_DESC
                0x08009844       0x70 ./Middlewares/Third_Party/AL94_USB_Composite/COMPOSITE/Class/HID_CUSTOM/Src/usbd_hid_custom.o
                0x08009844                USBD_Update_HID_Custom_DESC
 .text.USBD_Init
                0x080098b4       0x58 ./Middlewares/Third_Party/AL94_USB_Composite/COMPOSITE/Core/Src/usbd_core.o
                0x080098b4                USBD_Init
 .text.USBD_RegisterClass
                0x0800990c       0x7c ./Middlewares/Third_Party/AL94_USB_Composite/COMPOSITE/Core/Src/usbd_core.o
                0x0800990c                USBD_RegisterClass
 .text.USBD_Start
                0x08009988       0x18 ./Middlewares/Third_Party/AL94_USB_Composite/COMPOSITE/Core/Src/usbd_core.o
                0x08009988                USBD_Start
 .text.USBD_RunTestMode
                0x080099a0       0x16 ./Middlewares/Third_Party/AL94_USB_Composite/COMPOSITE/Core/Src/usbd_core.o
                0x080099a0                USBD_RunTestMode
 .text.USBD_SetClassConfig
                0x080099b6       0x38 ./Middlewares/Third_Party/AL94_USB_Composite/COMPOSITE/Core/Src/usbd_core.o
                0x080099b6                USBD_SetClassConfig
 .text.USBD_ClrClassConfig
                0x080099ee       0x30 ./Middlewares/Third_Party/AL94_USB_Composite/COMPOSITE/Core/Src/usbd_core.o
                0x080099ee                USBD_ClrClassConfig
 .text.USBD_LL_SetupStage
                0x08009a1e       0xaa ./Middlewares/Third_Party/AL94_USB_Composite/COMPOSITE/Core/Src/usbd_core.o
                0x08009a1e                USBD_LL_SetupStage
 .text.USBD_LL_DataOutStage
                0x08009ac8       0xc6 ./Middlewares/Third_Party/AL94_USB_Composite/COMPOSITE/Core/Src/usbd_core.o
                0x08009ac8                USBD_LL_DataOutStage
 .text.USBD_LL_DataInStage
                0x08009b8e      0x12c ./Middlewares/Third_Party/AL94_USB_Composite/COMPOSITE/Core/Src/usbd_core.o
                0x08009b8e                USBD_LL_DataInStage
 .text.USBD_LL_Reset
                0x08009cba       0x92 ./Middlewares/Third_Party/AL94_USB_Composite/COMPOSITE/Core/Src/usbd_core.o
                0x08009cba                USBD_LL_Reset
 .text.USBD_LL_SetSpeed
                0x08009d4c       0x20 ./Middlewares/Third_Party/AL94_USB_Composite/COMPOSITE/Core/Src/usbd_core.o
                0x08009d4c                USBD_LL_SetSpeed
 .text.USBD_LL_Suspend
                0x08009d6c       0x2c ./Middlewares/Third_Party/AL94_USB_Composite/COMPOSITE/Core/Src/usbd_core.o
                0x08009d6c                USBD_LL_Suspend
 .text.USBD_LL_Resume
                0x08009d98       0x30 ./Middlewares/Third_Party/AL94_USB_Composite/COMPOSITE/Core/Src/usbd_core.o
                0x08009d98                USBD_LL_Resume
 .text.USBD_LL_SOF
                0x08009dc8       0x44 ./Middlewares/Third_Party/AL94_USB_Composite/COMPOSITE/Core/Src/usbd_core.o
                0x08009dc8                USBD_LL_SOF
 .text.USBD_LL_IsoINIncomplete
                0x08009e0c       0x4c ./Middlewares/Third_Party/AL94_USB_Composite/COMPOSITE/Core/Src/usbd_core.o
                0x08009e0c                USBD_LL_IsoINIncomplete
 .text.USBD_LL_IsoOUTIncomplete
                0x08009e58       0x4c ./Middlewares/Third_Party/AL94_USB_Composite/COMPOSITE/Core/Src/usbd_core.o
                0x08009e58                USBD_LL_IsoOUTIncomplete
 .text.USBD_LL_DevConnected
                0x08009ea4       0x16 ./Middlewares/Third_Party/AL94_USB_Composite/COMPOSITE/Core/Src/usbd_core.o
                0x08009ea4                USBD_LL_DevConnected
 .text.USBD_LL_DevDisconnected
                0x08009eba       0x38 ./Middlewares/Third_Party/AL94_USB_Composite/COMPOSITE/Core/Src/usbd_core.o
                0x08009eba                USBD_LL_DevDisconnected
 .text.SWAPBYTE
                0x08009ef2       0x3c ./Middlewares/Third_Party/AL94_USB_Composite/COMPOSITE/Core/Src/usbd_ctlreq.o
 *fill*         0x08009f2e        0x2 
 .text.USBD_StdDevReq
                0x08009f30       0xdc ./Middlewares/Third_Party/AL94_USB_Composite/COMPOSITE/Core/Src/usbd_ctlreq.o
                0x08009f30                USBD_StdDevReq
 .text.USBD_StdItfReq
                0x0800a00c       0x92 ./Middlewares/Third_Party/AL94_USB_Composite/COMPOSITE/Core/Src/usbd_ctlreq.o
                0x0800a00c                USBD_StdItfReq
 .text.USBD_StdEPReq
                0x0800a09e      0x2c4 ./Middlewares/Third_Party/AL94_USB_Composite/COMPOSITE/Core/Src/usbd_ctlreq.o
                0x0800a09e                USBD_StdEPReq
 *fill*         0x0800a362        0x2 
 .text.USBD_GetDescriptor
                0x0800a364      0x2f8 ./Middlewares/Third_Party/AL94_USB_Composite/COMPOSITE/Core/Src/usbd_ctlreq.o
 .text.USBD_SetAddress
                0x0800a65c       0x88 ./Middlewares/Third_Party/AL94_USB_Composite/COMPOSITE/Core/Src/usbd_ctlreq.o
 .text.USBD_SetConfig
                0x0800a6e4      0x14c ./Middlewares/Third_Party/AL94_USB_Composite/COMPOSITE/Core/Src/usbd_ctlreq.o
 .text.USBD_GetConfig
                0x0800a830       0x6c ./Middlewares/Third_Party/AL94_USB_Composite/COMPOSITE/Core/Src/usbd_ctlreq.o
 .text.USBD_GetStatus
                0x0800a89c       0x68 ./Middlewares/Third_Party/AL94_USB_Composite/COMPOSITE/Core/Src/usbd_ctlreq.o
 .text.USBD_SetFeature
                0x0800a904       0x28 ./Middlewares/Third_Party/AL94_USB_Composite/COMPOSITE/Core/Src/usbd_ctlreq.o
 .text.USBD_ClrFeature
                0x0800a92c       0x44 ./Middlewares/Third_Party/AL94_USB_Composite/COMPOSITE/Core/Src/usbd_ctlreq.o
 .text.USBD_ParseSetupRequest
                0x0800a970       0x74 ./Middlewares/Third_Party/AL94_USB_Composite/COMPOSITE/Core/Src/usbd_ctlreq.o
                0x0800a970                USBD_ParseSetupRequest
 .text.USBD_CtlError
                0x0800a9e4       0x22 ./Middlewares/Third_Party/AL94_USB_Composite/COMPOSITE/Core/Src/usbd_ctlreq.o
                0x0800a9e4                USBD_CtlError
 .text.USBD_GetString
                0x0800aa06       0x8c ./Middlewares/Third_Party/AL94_USB_Composite/COMPOSITE/Core/Src/usbd_ctlreq.o
                0x0800aa06                USBD_GetString
 .text.USBD_GetLen
                0x0800aa92       0x34 ./Middlewares/Third_Party/AL94_USB_Composite/COMPOSITE/Core/Src/usbd_ctlreq.o
 .text.USBD_CtlSendData
                0x0800aac6       0x36 ./Middlewares/Third_Party/AL94_USB_Composite/COMPOSITE/Core/Src/usbd_ioreq.o
                0x0800aac6                USBD_CtlSendData
 .text.USBD_CtlContinueSendData
                0x0800aafc       0x22 ./Middlewares/Third_Party/AL94_USB_Composite/COMPOSITE/Core/Src/usbd_ioreq.o
                0x0800aafc                USBD_CtlContinueSendData
 .text.USBD_CtlPrepareRx
                0x0800ab1e       0x3a ./Middlewares/Third_Party/AL94_USB_Composite/COMPOSITE/Core/Src/usbd_ioreq.o
                0x0800ab1e                USBD_CtlPrepareRx
 .text.USBD_CtlContinueRx
                0x0800ab58       0x22 ./Middlewares/Third_Party/AL94_USB_Composite/COMPOSITE/Core/Src/usbd_ioreq.o
                0x0800ab58                USBD_CtlContinueRx
 .text.USBD_CtlSendStatus
                0x0800ab7a       0x26 ./Middlewares/Third_Party/AL94_USB_Composite/COMPOSITE/Core/Src/usbd_ioreq.o
                0x0800ab7a                USBD_CtlSendStatus
 .text.USBD_CtlReceiveStatus
                0x0800aba0       0x26 ./Middlewares/Third_Party/AL94_USB_Composite/COMPOSITE/Core/Src/usbd_ioreq.o
                0x0800aba0                USBD_CtlReceiveStatus
 .text.HAL_PCDEx_SetTxFiFoInBytes
                0x0800abc6       0x2a ./Middlewares/Third_Party/AL94_USB_Composite/COMPOSITE/Target/usbd_conf.o
                0x0800abc6                HAL_PCDEx_SetTxFiFoInBytes
 .text.HAL_PCDEx_SetRxFiFoInBytes
                0x0800abf0       0x24 ./Middlewares/Third_Party/AL94_USB_Composite/COMPOSITE/Target/usbd_conf.o
                0x0800abf0                HAL_PCDEx_SetRxFiFoInBytes
 .text.HAL_PCD_SetupStageCallback
                0x0800ac14       0x24 ./Middlewares/Third_Party/AL94_USB_Composite/COMPOSITE/Target/usbd_conf.o
                0x0800ac14                HAL_PCD_SetupStageCallback
 .text.HAL_PCD_DataOutStageCallback
                0x0800ac38       0x36 ./Middlewares/Third_Party/AL94_USB_Composite/COMPOSITE/Target/usbd_conf.o
                0x0800ac38                HAL_PCD_DataOutStageCallback
 .text.HAL_PCD_DataInStageCallback
                0x0800ac6e       0x34 ./Middlewares/Third_Party/AL94_USB_Composite/COMPOSITE/Target/usbd_conf.o
                0x0800ac6e                HAL_PCD_DataInStageCallback
 .text.HAL_PCD_SOFCallback
                0x0800aca2       0x1c ./Middlewares/Third_Party/AL94_USB_Composite/COMPOSITE/Target/usbd_conf.o
                0x0800aca2                HAL_PCD_SOFCallback
 .text.HAL_PCD_ResetCallback
                0x0800acbe       0x50 ./Middlewares/Third_Party/AL94_USB_Composite/COMPOSITE/Target/usbd_conf.o
                0x0800acbe                HAL_PCD_ResetCallback
 *fill*         0x0800ad0e        0x2 
 .text.HAL_PCD_SuspendCallback
                0x0800ad10       0x4c ./Middlewares/Third_Party/AL94_USB_Composite/COMPOSITE/Target/usbd_conf.o
                0x0800ad10                HAL_PCD_SuspendCallback
 .text.HAL_PCD_ResumeCallback
                0x0800ad5c       0x1c ./Middlewares/Third_Party/AL94_USB_Composite/COMPOSITE/Target/usbd_conf.o
                0x0800ad5c                HAL_PCD_ResumeCallback
 .text.HAL_PCD_ISOOUTIncompleteCallback
                0x0800ad78       0x24 ./Middlewares/Third_Party/AL94_USB_Composite/COMPOSITE/Target/usbd_conf.o
                0x0800ad78                HAL_PCD_ISOOUTIncompleteCallback
 .text.HAL_PCD_ISOINIncompleteCallback
                0x0800ad9c       0x24 ./Middlewares/Third_Party/AL94_USB_Composite/COMPOSITE/Target/usbd_conf.o
                0x0800ad9c                HAL_PCD_ISOINIncompleteCallback
 .text.HAL_PCD_ConnectCallback
                0x0800adc0       0x1c ./Middlewares/Third_Party/AL94_USB_Composite/COMPOSITE/Target/usbd_conf.o
                0x0800adc0                HAL_PCD_ConnectCallback
 .text.HAL_PCD_DisconnectCallback
                0x0800addc       0x1c ./Middlewares/Third_Party/AL94_USB_Composite/COMPOSITE/Target/usbd_conf.o
                0x0800addc                HAL_PCD_DisconnectCallback
 .text.USBD_LL_Init
                0x0800adf8       0xbc ./Middlewares/Third_Party/AL94_USB_Composite/COMPOSITE/Target/usbd_conf.o
                0x0800adf8                USBD_LL_Init
 .text.USBD_LL_Start
                0x0800aeb4       0x36 ./Middlewares/Third_Party/AL94_USB_Composite/COMPOSITE/Target/usbd_conf.o
                0x0800aeb4                USBD_LL_Start
 .text.USBD_LL_OpenEP
                0x0800aeea       0x4c ./Middlewares/Third_Party/AL94_USB_Composite/COMPOSITE/Target/usbd_conf.o
                0x0800aeea                USBD_LL_OpenEP
 .text.USBD_LL_CloseEP
                0x0800af36       0x3e ./Middlewares/Third_Party/AL94_USB_Composite/COMPOSITE/Target/usbd_conf.o
                0x0800af36                USBD_LL_CloseEP
 .text.USBD_LL_StallEP
                0x0800af74       0x3e ./Middlewares/Third_Party/AL94_USB_Composite/COMPOSITE/Target/usbd_conf.o
                0x0800af74                USBD_LL_StallEP
 .text.USBD_LL_ClearStallEP
                0x0800afb2       0x3e ./Middlewares/Third_Party/AL94_USB_Composite/COMPOSITE/Target/usbd_conf.o
                0x0800afb2                USBD_LL_ClearStallEP
 .text.USBD_LL_IsStallEP
                0x0800aff0       0x58 ./Middlewares/Third_Party/AL94_USB_Composite/COMPOSITE/Target/usbd_conf.o
                0x0800aff0                USBD_LL_IsStallEP
 .text.USBD_LL_SetUSBAddress
                0x0800b048       0x3e ./Middlewares/Third_Party/AL94_USB_Composite/COMPOSITE/Target/usbd_conf.o
                0x0800b048                USBD_LL_SetUSBAddress
 .text.USBD_LL_Transmit
                0x0800b086       0x42 ./Middlewares/Third_Party/AL94_USB_Composite/COMPOSITE/Target/usbd_conf.o
                0x0800b086                USBD_LL_Transmit
 .text.USBD_LL_PrepareReceive
                0x0800b0c8       0x42 ./Middlewares/Third_Party/AL94_USB_Composite/COMPOSITE/Target/usbd_conf.o
                0x0800b0c8                USBD_LL_PrepareReceive
 .text.USBD_LL_GetRxDataSize
                0x0800b10a       0x26 ./Middlewares/Third_Party/AL94_USB_Composite/COMPOSITE/Target/usbd_conf.o
                0x0800b10a                USBD_LL_GetRxDataSize
 .text.USBD_Get_USB_Status
                0x0800b130       0x58 ./Middlewares/Third_Party/AL94_USB_Composite/COMPOSITE/Target/usbd_conf.o
                0x0800b130                USBD_Get_USB_Status
 .text.snprintf
                0x0800b188       0x68 C:/ST/STM32CubeIDE_1.16.1/STM32CubeIDE/plugins/com.st.stm32cube.ide.mcu.externaltools.gnu-tools-for-stm32.12.3.rel1.win32_1.0.200.202406191623/tools/bin/../lib/gcc/arm-none-eabi/12.3.1/../../../../arm-none-eabi/lib/thumb/v7e-m+fp/hard\libc_nano.a(libc_a-snprintf.o)
                0x0800b188                sniprintf
                0x0800b188                snprintf
 .text.memset   0x0800b1f0       0x10 C:/ST/STM32CubeIDE_1.16.1/STM32CubeIDE/plugins/com.st.stm32cube.ide.mcu.externaltools.gnu-tools-for-stm32.12.3.rel1.win32_1.0.200.202406191623/tools/bin/../lib/gcc/arm-none-eabi/12.3.1/../../../../arm-none-eabi/lib/thumb/v7e-m+fp/hard\libc_nano.a(libc_a-memset.o)
                0x0800b1f0                memset
 .text.__errno  0x0800b200        0xc C:/ST/STM32CubeIDE_1.16.1/STM32CubeIDE/plugins/com.st.stm32cube.ide.mcu.externaltools.gnu-tools-for-stm32.12.3.rel1.win32_1.0.200.202406191623/tools/bin/../lib/gcc/arm-none-eabi/12.3.1/../../../../arm-none-eabi/lib/thumb/v7e-m+fp/hard\libc_nano.a(libc_a-errno.o)
                0x0800b200                __errno
 .text.__libc_init_array
                0x0800b20c       0x48 C:/ST/STM32CubeIDE_1.16.1/STM32CubeIDE/plugins/com.st.stm32cube.ide.mcu.externaltools.gnu-tools-for-stm32.12.3.rel1.win32_1.0.200.202406191623/tools/bin/../lib/gcc/arm-none-eabi/12.3.1/../../../../arm-none-eabi/lib/thumb/v7e-m+fp/hard\libc_nano.a(libc_a-init.o)
                0x0800b20c                __libc_init_array
 .text.__retarget_lock_acquire_recursive
                0x0800b254        0x2 C:/ST/STM32CubeIDE_1.16.1/STM32CubeIDE/plugins/com.st.stm32cube.ide.mcu.externaltools.gnu-tools-for-stm32.12.3.rel1.win32_1.0.200.202406191623/tools/bin/../lib/gcc/arm-none-eabi/12.3.1/../../../../arm-none-eabi/lib/thumb/v7e-m+fp/hard\libc_nano.a(libc_a-lock.o)
                0x0800b254                __retarget_lock_acquire_recursive
 .text.__retarget_lock_release_recursive
                0x0800b256        0x2 C:/ST/STM32CubeIDE_1.16.1/STM32CubeIDE/plugins/com.st.stm32cube.ide.mcu.externaltools.gnu-tools-for-stm32.12.3.rel1.win32_1.0.200.202406191623/tools/bin/../lib/gcc/arm-none-eabi/12.3.1/../../../../arm-none-eabi/lib/thumb/v7e-m+fp/hard\libc_nano.a(libc_a-lock.o)
                0x0800b256                __retarget_lock_release_recursive
 .text.memcpy   0x0800b258       0x1c C:/ST/STM32CubeIDE_1.16.1/STM32CubeIDE/plugins/com.st.stm32cube.ide.mcu.externaltools.gnu-tools-for-stm32.12.3.rel1.win32_1.0.200.202406191623/tools/bin/../lib/gcc/arm-none-eabi/12.3.1/../../../../arm-none-eabi/lib/thumb/v7e-m+fp/hard\libc_nano.a(libc_a-memcpy-stub.o)
                0x0800b258                memcpy
 .text._free_r  0x0800b274       0x94 C:/ST/STM32CubeIDE_1.16.1/STM32CubeIDE/plugins/com.st.stm32cube.ide.mcu.externaltools.gnu-tools-for-stm32.12.3.rel1.win32_1.0.200.202406191623/tools/bin/../lib/gcc/arm-none-eabi/12.3.1/../../../../arm-none-eabi/lib/thumb/v7e-m+fp/hard\libc_nano.a(libc_a-freer.o)
                0x0800b274                _free_r
 .text.sbrk_aligned
                0x0800b308       0x44 C:/ST/STM32CubeIDE_1.16.1/STM32CubeIDE/plugins/com.st.stm32cube.ide.mcu.externaltools.gnu-tools-for-stm32.12.3.rel1.win32_1.0.200.202406191623/tools/bin/../lib/gcc/arm-none-eabi/12.3.1/../../../../arm-none-eabi/lib/thumb/v7e-m+fp/hard\libc_nano.a(libc_a-mallocr.o)
 .text._malloc_r
                0x0800b34c      0x100 C:/ST/STM32CubeIDE_1.16.1/STM32CubeIDE/plugins/com.st.stm32cube.ide.mcu.externaltools.gnu-tools-for-stm32.12.3.rel1.win32_1.0.200.202406191623/tools/bin/../lib/gcc/arm-none-eabi/12.3.1/../../../../arm-none-eabi/lib/thumb/v7e-m+fp/hard\libc_nano.a(libc_a-mallocr.o)
                0x0800b34c                _malloc_r
 .text.__malloc_lock
                0x0800b44c        0xc C:/ST/STM32CubeIDE_1.16.1/STM32CubeIDE/plugins/com.st.stm32cube.ide.mcu.externaltools.gnu-tools-for-stm32.12.3.rel1.win32_1.0.200.202406191623/tools/bin/../lib/gcc/arm-none-eabi/12.3.1/../../../../arm-none-eabi/lib/thumb/v7e-m+fp/hard\libc_nano.a(libc_a-mlock.o)
                0x0800b44c                __malloc_lock
 .text.__malloc_unlock
                0x0800b458        0xc C:/ST/STM32CubeIDE_1.16.1/STM32CubeIDE/plugins/com.st.stm32cube.ide.mcu.externaltools.gnu-tools-for-stm32.12.3.rel1.win32_1.0.200.202406191623/tools/bin/../lib/gcc/arm-none-eabi/12.3.1/../../../../arm-none-eabi/lib/thumb/v7e-m+fp/hard\libc_nano.a(libc_a-mlock.o)
                0x0800b458                __malloc_unlock
 .text.__ssputs_r
                0x0800b464       0xb6 C:/ST/STM32CubeIDE_1.16.1/STM32CubeIDE/plugins/com.st.stm32cube.ide.mcu.externaltools.gnu-tools-for-stm32.12.3.rel1.win32_1.0.200.202406191623/tools/bin/../lib/gcc/arm-none-eabi/12.3.1/../../../../arm-none-eabi/lib/thumb/v7e-m+fp/hard\libc_nano.a(libc_a-nano-svfprintf.o)
                0x0800b464                __ssputs_r
 *fill*         0x0800b51a        0x2 
 .text._svfprintf_r
                0x0800b51c      0x1f8 C:/ST/STM32CubeIDE_1.16.1/STM32CubeIDE/plugins/com.st.stm32cube.ide.mcu.externaltools.gnu-tools-for-stm32.12.3.rel1.win32_1.0.200.202406191623/tools/bin/../lib/gcc/arm-none-eabi/12.3.1/../../../../arm-none-eabi/lib/thumb/v7e-m+fp/hard\libc_nano.a(libc_a-nano-svfprintf.o)
                0x0800b51c                _svfiprintf_r
                0x0800b51c                _svfprintf_r
 .text._printf_common
                0x0800b714       0xda C:/ST/STM32CubeIDE_1.16.1/STM32CubeIDE/plugins/com.st.stm32cube.ide.mcu.externaltools.gnu-tools-for-stm32.12.3.rel1.win32_1.0.200.202406191623/tools/bin/../lib/gcc/arm-none-eabi/12.3.1/../../../../arm-none-eabi/lib/thumb/v7e-m+fp/hard\libc_nano.a(libc_a-nano-vfprintf_i.o)
                0x0800b714                _printf_common
 *fill*         0x0800b7ee        0x2 
 .text._printf_i
                0x0800b7f0      0x240 C:/ST/STM32CubeIDE_1.16.1/STM32CubeIDE/plugins/com.st.stm32cube.ide.mcu.externaltools.gnu-tools-for-stm32.12.3.rel1.win32_1.0.200.202406191623/tools/bin/../lib/gcc/arm-none-eabi/12.3.1/../../../../arm-none-eabi/lib/thumb/v7e-m+fp/hard\libc_nano.a(libc_a-nano-vfprintf_i.o)
                0x0800b7f0                _printf_i
 .text.memmove  0x0800ba30       0x34 C:/ST/STM32CubeIDE_1.16.1/STM32CubeIDE/plugins/com.st.stm32cube.ide.mcu.externaltools.gnu-tools-for-stm32.12.3.rel1.win32_1.0.200.202406191623/tools/bin/../lib/gcc/arm-none-eabi/12.3.1/../../../../arm-none-eabi/lib/thumb/v7e-m+fp/hard\libc_nano.a(libc_a-memmove.o)
                0x0800ba30                memmove
 .text._sbrk_r  0x0800ba64       0x20 C:/ST/STM32CubeIDE_1.16.1/STM32CubeIDE/plugins/com.st.stm32cube.ide.mcu.externaltools.gnu-tools-for-stm32.12.3.rel1.win32_1.0.200.202406191623/tools/bin/../lib/gcc/arm-none-eabi/12.3.1/../../../../arm-none-eabi/lib/thumb/v7e-m+fp/hard\libc_nano.a(libc_a-sbrkr.o)
                0x0800ba64                _sbrk_r
 .text._realloc_r
                0x0800ba84       0x5c C:/ST/STM32CubeIDE_1.16.1/STM32CubeIDE/plugins/com.st.stm32cube.ide.mcu.externaltools.gnu-tools-for-stm32.12.3.rel1.win32_1.0.200.202406191623/tools/bin/../lib/gcc/arm-none-eabi/12.3.1/../../../../arm-none-eabi/lib/thumb/v7e-m+fp/hard\libc_nano.a(libc_a-reallocr.o)
                0x0800ba84                _realloc_r
 .text._malloc_usable_size_r
                0x0800bae0       0x10 C:/ST/STM32CubeIDE_1.16.1/STM32CubeIDE/plugins/com.st.stm32cube.ide.mcu.externaltools.gnu-tools-for-stm32.12.3.rel1.win32_1.0.200.202406191623/tools/bin/../lib/gcc/arm-none-eabi/12.3.1/../../../../arm-none-eabi/lib/thumb/v7e-m+fp/hard\libc_nano.a(libc_a-msizer.o)
                0x0800bae0                _malloc_usable_size_r
 *(.glue_7)
 .glue_7        0x0800baf0        0x0 linker stubs
 *(.glue_7t)
 .glue_7t       0x0800baf0        0x0 linker stubs
 *(.eh_frame)
 .eh_frame      0x0800baf0        0x0 C:/ST/STM32CubeIDE_1.16.1/STM32CubeIDE/plugins/com.st.stm32cube.ide.mcu.externaltools.gnu-tools-for-stm32.12.3.rel1.win32_1.0.200.202406191623/tools/bin/../lib/gcc/arm-none-eabi/12.3.1/thumb/v7e-m+fp/hard/crtbegin.o
 *(.init)
 .init          0x0800baf0        0x4 C:/ST/STM32CubeIDE_1.16.1/STM32CubeIDE/plugins/com.st.stm32cube.ide.mcu.externaltools.gnu-tools-for-stm32.12.3.rel1.win32_1.0.200.202406191623/tools/bin/../lib/gcc/arm-none-eabi/12.3.1/thumb/v7e-m+fp/hard/crti.o
                0x0800baf0                _init
 .init          0x0800baf4        0x8 C:/ST/STM32CubeIDE_1.16.1/STM32CubeIDE/plugins/com.st.stm32cube.ide.mcu.externaltools.gnu-tools-for-stm32.12.3.rel1.win32_1.0.200.202406191623/tools/bin/../lib/gcc/arm-none-eabi/12.3.1/thumb/v7e-m+fp/hard/crtn.o
 *(.fini)
 .fini          0x0800bafc        0x4 C:/ST/STM32CubeIDE_1.16.1/STM32CubeIDE/plugins/com.st.stm32cube.ide.mcu.externaltools.gnu-tools-for-stm32.12.3.rel1.win32_1.0.200.202406191623/tools/bin/../lib/gcc/arm-none-eabi/12.3.1/thumb/v7e-m+fp/hard/crti.o
                0x0800bafc                _fini
 .fini          0x0800bb00        0x8 C:/ST/STM32CubeIDE_1.16.1/STM32CubeIDE/plugins/com.st.stm32cube.ide.mcu.externaltools.gnu-tools-for-stm32.12.3.rel1.win32_1.0.200.202406191623/tools/bin/../lib/gcc/arm-none-eabi/12.3.1/thumb/v7e-m+fp/hard/crtn.o
                0x0800bb08                        . = ALIGN (0x4)
                0x0800bb08                        _etext = .

.vfp11_veneer   0x0800bb08        0x0
 .vfp11_veneer  0x0800bb08        0x0 linker stubs

.v4_bx          0x0800bb08        0x0
 .v4_bx         0x0800bb08        0x0 linker stubs

.iplt           0x0800bb08        0x0
 .iplt          0x0800bb08        0x0 C:/ST/STM32CubeIDE_1.16.1/STM32CubeIDE/plugins/com.st.stm32cube.ide.mcu.externaltools.gnu-tools-for-stm32.12.3.rel1.win32_1.0.200.202406191623/tools/bin/../lib/gcc/arm-none-eabi/12.3.1/thumb/v7e-m+fp/hard/crtbegin.o

.rodata         0x0800bb08       0xc8
                0x0800bb08                        . = ALIGN (0x4)
 *(.rodata)
 .rodata        0x0800bb08       0x50 ./Middlewares/Third_Party/AL94_USB_Composite/COMPOSITE/App/usbd_desc.o
 .rodata        0x0800bb58       0x21 ./Middlewares/Third_Party/AL94_USB_Composite/COMPOSITE/Class/COMPOSITE/Src/usbd_composite.o
 *(.rodata*)
 *fill*         0x0800bb79        0x3 
 .rodata.AHBPrescTable
                0x0800bb7c       0x10 ./Core/Src/system_stm32f4xx.o
                0x0800bb7c                AHBPrescTable
 .rodata.APBPrescTable
                0x0800bb8c        0x8 ./Core/Src/system_stm32f4xx.o
                0x0800bb8c                APBPrescTable
 .rodata.flagBitshiftOffset.0
                0x0800bb94        0x8 ./Drivers/STM32F4xx_HAL_Driver/Src/stm32f4xx_hal_dma.o
 .rodata._svfprintf_r.str1.1
                0x0800bb9c       0x11 C:/ST/STM32CubeIDE_1.16.1/STM32CubeIDE/plugins/com.st.stm32cube.ide.mcu.externaltools.gnu-tools-for-stm32.12.3.rel1.win32_1.0.200.202406191623/tools/bin/../lib/gcc/arm-none-eabi/12.3.1/../../../../arm-none-eabi/lib/thumb/v7e-m+fp/hard\libc_nano.a(libc_a-nano-svfprintf.o)
 .rodata._printf_i.str1.1
                0x0800bbad       0x22 C:/ST/STM32CubeIDE_1.16.1/STM32CubeIDE/plugins/com.st.stm32cube.ide.mcu.externaltools.gnu-tools-for-stm32.12.3.rel1.win32_1.0.200.202406191623/tools/bin/../lib/gcc/arm-none-eabi/12.3.1/../../../../arm-none-eabi/lib/thumb/v7e-m+fp/hard\libc_nano.a(libc_a-nano-vfprintf_i.o)
                0x0800bbd0                        . = ALIGN (0x4)
 *fill*         0x0800bbcf        0x1 

.ARM.extab      0x0800bbd0        0x0
                0x0800bbd0                        . = ALIGN (0x4)
 *(.ARM.extab* .gnu.linkonce.armextab.*)
                0x0800bbd0                        . = ALIGN (0x4)

.ARM            0x0800bbd0        0x8
                0x0800bbd0                        . = ALIGN (0x4)
                0x0800bbd0                        __exidx_start = .
 *(.ARM.exidx*)
 .ARM.exidx     0x0800bbd0        0x8 C:/ST/STM32CubeIDE_1.16.1/STM32CubeIDE/plugins/com.st.stm32cube.ide.mcu.externaltools.gnu-tools-for-stm32.12.3.rel1.win32_1.0.200.202406191623/tools/bin/../lib/gcc/arm-none-eabi/12.3.1/../../../../arm-none-eabi/lib/thumb/v7e-m+fp/hard\libc_nano.a(libc_a-memchr.o)
 .ARM.exidx     0x0800bbd8        0x0 C:/ST/STM32CubeIDE_1.16.1/STM32CubeIDE/plugins/com.st.stm32cube.ide.mcu.externaltools.gnu-tools-for-stm32.12.3.rel1.win32_1.0.200.202406191623/tools/bin/../lib/gcc/arm-none-eabi/12.3.1/thumb/v7e-m+fp/hard\libgcc.a(_udivmoddi4.o)
                                  0x8 (size before relaxing)
                0x0800bbd8                        __exidx_end = .
                0x0800bbd8                        . = ALIGN (0x4)

.preinit_array  0x0800bbd8        0x0
                0x0800bbd8                        . = ALIGN (0x4)
                0x0800bbd8                        PROVIDE (__preinit_array_start = .)
 *(.preinit_array*)
                0x0800bbd8                        PROVIDE (__preinit_array_end = .)
                0x0800bbd8                        . = ALIGN (0x4)

.init_array     0x0800bbd8        0x4
                0x0800bbd8                        . = ALIGN (0x4)
                0x0800bbd8                        PROVIDE (__init_array_start = .)
 *(SORT_BY_NAME(.init_array.*))
 *(.init_array*)
 .init_array    0x0800bbd8        0x4 C:/ST/STM32CubeIDE_1.16.1/STM32CubeIDE/plugins/com.st.stm32cube.ide.mcu.externaltools.gnu-tools-for-stm32.12.3.rel1.win32_1.0.200.202406191623/tools/bin/../lib/gcc/arm-none-eabi/12.3.1/thumb/v7e-m+fp/hard/crtbegin.o
                0x0800bbdc                        PROVIDE (__init_array_end = .)
                0x0800bbdc                        . = ALIGN (0x4)

.fini_array     0x0800bbdc        0x4
                0x0800bbdc                        . = ALIGN (0x4)
                [!provide]                        PROVIDE (__fini_array_start = .)
 *(SORT_BY_NAME(.fini_array.*))
 *(.fini_array*)
 .fini_array    0x0800bbdc        0x4 C:/ST/STM32CubeIDE_1.16.1/STM32CubeIDE/plugins/com.st.stm32cube.ide.mcu.externaltools.gnu-tools-for-stm32.12.3.rel1.win32_1.0.200.202406191623/tools/bin/../lib/gcc/arm-none-eabi/12.3.1/thumb/v7e-m+fp/hard/crtbegin.o
                [!provide]                        PROVIDE (__fini_array_end = .)
                0x0800bbe0                        . = ALIGN (0x4)
                0x0800bbe0                        _sidata = LOADADDR (.data)

.rel.dyn        0x0800bbe0        0x0
 .rel.iplt      0x0800bbe0        0x0 C:/ST/STM32CubeIDE_1.16.1/STM32CubeIDE/plugins/com.st.stm32cube.ide.mcu.externaltools.gnu-tools-for-stm32.12.3.rel1.win32_1.0.200.202406191623/tools/bin/../lib/gcc/arm-none-eabi/12.3.1/thumb/v7e-m+fp/hard/crtbegin.o

.data           0x20000000      0x2f8 load address 0x0800bbe0
                0x20000000                        . = ALIGN (0x4)
                0x20000000                        _sdata = .
 *(.data)
 *(.data*)
 .data.SystemCoreClock
                0x20000000        0x4 ./Core/Src/system_stm32f4xx.o
                0x20000000                SystemCoreClock
 .data.uwTickPrio
                0x20000004        0x4 ./Drivers/STM32F4xx_HAL_Driver/Src/stm32f4xx_hal.o
                0x20000004                uwTickPrio
 .data.uwTickFreq
                0x20000008        0x1 ./Drivers/STM32F4xx_HAL_Driver/Src/stm32f4xx_hal.o
                0x20000008                uwTickFreq
 *fill*         0x20000009        0x3 
 .data.USBD_CDC_ACM_fops
                0x2000000c       0x14 ./Middlewares/Third_Party/AL94_USB_Composite/COMPOSITE/App/usbd_cdc_acm_if.o
                0x2000000c                USBD_CDC_ACM_fops
 .data.USBD_Desc
                0x20000020       0x1c ./Middlewares/Third_Party/AL94_USB_Composite/COMPOSITE/App/usbd_desc.o
                0x20000020                USBD_Desc
 .data.USBD_DeviceDesc
                0x2000003c       0x12 ./Middlewares/Third_Party/AL94_USB_Composite/COMPOSITE/App/usbd_desc.o
                0x2000003c                USBD_DeviceDesc
 *fill*         0x2000004e        0x2 
 .data.USBD_LangIDDesc
                0x20000050        0x4 ./Middlewares/Third_Party/AL94_USB_Composite/COMPOSITE/App/usbd_desc.o
                0x20000050                USBD_LangIDDesc
 .data.USBD_StringSerial
                0x20000054       0x1a ./Middlewares/Third_Party/AL94_USB_Composite/COMPOSITE/App/usbd_desc.o
                0x20000054                USBD_StringSerial
 *fill*         0x2000006e        0x2 
 .data.CUSTOM_HID_ReportDesc
                0x20000070       0x21 ./Middlewares/Third_Party/AL94_USB_Composite/COMPOSITE/App/usbd_hid_custom_if.o
 *fill*         0x20000091        0x3 
 .data.USBD_CustomHID_fops
                0x20000094       0x10 ./Middlewares/Third_Party/AL94_USB_Composite/COMPOSITE/App/usbd_hid_custom_if.o
                0x20000094                USBD_CustomHID_fops
 .data.USBD_CDC_DeviceQualifierDesc
                0x200000a4        0xa ./Middlewares/Third_Party/AL94_USB_Composite/COMPOSITE/Class/CDC_ACM/Src/usbd_cdc_acm.o
 *fill*         0x200000ae        0x2 
 .data.USBD_CDC_ACM
                0x200000b0       0x3c ./Middlewares/Third_Party/AL94_USB_Composite/COMPOSITE/Class/CDC_ACM/Src/usbd_cdc_acm.o
                0x200000b0                USBD_CDC_ACM
 .data.USBD_CDC_CfgHSDesc
                0x200000ec       0x4b ./Middlewares/Third_Party/AL94_USB_Composite/COMPOSITE/Class/CDC_ACM/Src/usbd_cdc_acm.o
 *fill*         0x20000137        0x1 
 .data.USBD_CDC_CfgFSDesc
                0x20000138       0x4b ./Middlewares/Third_Party/AL94_USB_Composite/COMPOSITE/Class/CDC_ACM/Src/usbd_cdc_acm.o
 *fill*         0x20000183        0x1 
 .data.USBD_COMPOSITE
                0x20000184       0x3c ./Middlewares/Third_Party/AL94_USB_Composite/COMPOSITE/Class/COMPOSITE/Src/usbd_composite.o
                0x20000184                USBD_COMPOSITE
 .data.USBD_Track_String_Index
                0x200001c0        0x1 ./Middlewares/Third_Party/AL94_USB_Composite/COMPOSITE/Class/COMPOSITE/Src/usbd_composite.o
                0x200001c0                USBD_Track_String_Index
 *fill*         0x200001c1        0x3 
 .data.USBD_COMPOSITE_DeviceQualifierDesc
                0x200001c4        0xa ./Middlewares/Third_Party/AL94_USB_Composite/COMPOSITE/Class/COMPOSITE/Src/usbd_composite.o
 .data.CUSTOM_HID_IN_EP
                0x200001ce        0x1 ./Middlewares/Third_Party/AL94_USB_Composite/COMPOSITE/Class/HID_CUSTOM/Src/usbd_hid_custom.o
                0x200001ce                CUSTOM_HID_IN_EP
 .data.CUSTOM_HID_OUT_EP
                0x200001cf        0x1 ./Middlewares/Third_Party/AL94_USB_Composite/COMPOSITE/Class/HID_CUSTOM/Src/usbd_hid_custom.o
                0x200001cf                CUSTOM_HID_OUT_EP
 .data.USBD_HID_CUSTOM
                0x200001d0       0x3c ./Middlewares/Third_Party/AL94_USB_Composite/COMPOSITE/Class/HID_CUSTOM/Src/usbd_hid_custom.o
                0x200001d0                USBD_HID_CUSTOM
 .data.USBD_CUSTOM_HID_CfgFSDesc
                0x2000020c       0x29 ./Middlewares/Third_Party/AL94_USB_Composite/COMPOSITE/Class/HID_CUSTOM/Src/usbd_hid_custom.o
 *fill*         0x20000235        0x3 
 .data.USBD_CUSTOM_HID_CfgHSDesc
                0x20000238       0x29 ./Middlewares/Third_Party/AL94_USB_Composite/COMPOSITE/Class/HID_CUSTOM/Src/usbd_hid_custom.o
 *fill*         0x20000261        0x3 
 .data.USBD_CUSTOM_HID_OtherSpeedCfgDesc
                0x20000264       0x29 ./Middlewares/Third_Party/AL94_USB_Composite/COMPOSITE/Class/HID_CUSTOM/Src/usbd_hid_custom.o
 *fill*         0x2000028d        0x3 
 .data.USBD_CUSTOM_HID_Desc
                0x20000290        0x9 ./Middlewares/Third_Party/AL94_USB_Composite/COMPOSITE/Class/HID_CUSTOM/Src/usbd_hid_custom.o
 *fill*         0x20000299        0x3 
 .data.USBD_CUSTOM_HID_DeviceQualifierDesc
                0x2000029c        0xa ./Middlewares/Third_Party/AL94_USB_Composite/COMPOSITE/Class/HID_CUSTOM/Src/usbd_hid_custom.o
 *fill*         0x200002a6        0x2 
 .data._impure_ptr
                0x200002a8        0x4 C:/ST/STM32CubeIDE_1.16.1/STM32CubeIDE/plugins/com.st.stm32cube.ide.mcu.externaltools.gnu-tools-for-stm32.12.3.rel1.win32_1.0.200.202406191623/tools/bin/../lib/gcc/arm-none-eabi/12.3.1/../../../../arm-none-eabi/lib/thumb/v7e-m+fp/hard\libc_nano.a(libc_a-impure.o)
                0x200002a8                _impure_ptr
 .data._impure_data
                0x200002ac       0x4c C:/ST/STM32CubeIDE_1.16.1/STM32CubeIDE/plugins/com.st.stm32cube.ide.mcu.externaltools.gnu-tools-for-stm32.12.3.rel1.win32_1.0.200.202406191623/tools/bin/../lib/gcc/arm-none-eabi/12.3.1/../../../../arm-none-eabi/lib/thumb/v7e-m+fp/hard\libc_nano.a(libc_a-impure.o)
                0x200002ac                _impure_data
 *(.RamFunc)
 *(.RamFunc*)
                0x200002f8                        . = ALIGN (0x4)
                0x200002f8                        _edata = .
                0x0800bed8                        _siccmram = LOADADDR (.ccmram)

.igot.plt       0x200002f8        0x0 load address 0x0800bed8
 .igot.plt      0x200002f8        0x0 C:/ST/STM32CubeIDE_1.16.1/STM32CubeIDE/plugins/com.st.stm32cube.ide.mcu.externaltools.gnu-tools-for-stm32.12.3.rel1.win32_1.0.200.202406191623/tools/bin/../lib/gcc/arm-none-eabi/12.3.1/thumb/v7e-m+fp/hard/crtbegin.o

.ccmram         0x10000000        0x0 load address 0x0800bed8
                0x10000000                        . = ALIGN (0x4)
                0x10000000                        _sccmram = .
 *(.ccmram)
 *(.ccmram*)
                0x10000000                        . = ALIGN (0x4)
                0x10000000                        _eccmram = .
                0x10000000                        . = ALIGN (0x4)

.bss            0x200002f8     0x218c
                0x200002f8                        _sbss = .
                0x200002f8                        __bss_start__ = _sbss
 *(.bss)
 .bss           0x200002f8       0x1c C:/ST/STM32CubeIDE_1.16.1/STM32CubeIDE/plugins/com.st.stm32cube.ide.mcu.externaltools.gnu-tools-for-stm32.12.3.rel1.win32_1.0.200.202406191623/tools/bin/../lib/gcc/arm-none-eabi/12.3.1/thumb/v7e-m+fp/hard/crtbegin.o
 *(.bss*)
 .bss.hcan1     0x20000314       0x28 ./Core/Src/can.o
                0x20000314                hcan1
 .bss.hi2c1     0x2000033c       0x54 ./Core/Src/i2c.o
                0x2000033c                hi2c1
 .bss.__sbrk_heap_end
                0x20000390        0x4 ./Core/Src/sysmem.o
 .bss.htim1     0x20000394       0x48 ./Core/Src/tim.o
                0x20000394                htim1
 .bss.htim2     0x200003dc       0x48 ./Core/Src/tim.o
                0x200003dc                htim2
 .bss.huart5    0x20000424       0x48 ./Core/Src/usart.o
                0x20000424                huart5
 .bss.hdma_uart5_tx
                0x2000046c       0x60 ./Core/Src/usart.o
                0x2000046c                hdma_uart5_tx
 .bss.hdma_uart5_rx
                0x200004cc       0x60 ./Core/Src/usart.o
                0x200004cc                hdma_uart5_rx
 .bss.hpcd_USB_OTG_FS
                0x2000052c      0x4e4 ./Core/Src/usb_otg.o
                0x2000052c                hpcd_USB_OTG_FS
 .bss.uwTick    0x20000a10        0x4 ./Drivers/STM32F4xx_HAL_Driver/Src/stm32f4xx_hal.o
                0x20000a10                uwTick
 .bss.hUsbDevice
                0x20000a14      0x31c ./Middlewares/Third_Party/AL94_USB_Composite/COMPOSITE/App/usb_device.o
                0x20000a14                hUsbDevice
 .bss.RX_Buffer
                0x20000d30       0x40 ./Middlewares/Third_Party/AL94_USB_Composite/COMPOSITE/App/usbd_cdc_acm_if.o
                0x20000d30                RX_Buffer
 .bss.TX_Buffer
                0x20000d70       0x40 ./Middlewares/Third_Party/AL94_USB_Composite/COMPOSITE/App/usbd_cdc_acm_if.o
                0x20000d70                TX_Buffer
 .bss.Line_Coding
                0x20000db0        0x8 ./Middlewares/Third_Party/AL94_USB_Composite/COMPOSITE/App/usbd_cdc_acm_if.o
                0x20000db0                Line_Coding
 .bss.Write_Index
                0x20000db8        0x4 ./Middlewares/Third_Party/AL94_USB_Composite/COMPOSITE/App/usbd_cdc_acm_if.o
                0x20000db8                Write_Index
 .bss.Read_Index
                0x20000dbc        0x4 ./Middlewares/Third_Party/AL94_USB_Composite/COMPOSITE/App/usbd_cdc_acm_if.o
                0x20000dbc                Read_Index
 .bss.CDC_RX_Buffer
                0x20000dc0     0x1000 ./Middlewares/Third_Party/AL94_USB_Composite/COMPOSITE/App/usbd_cdc_acm_if.o
                0x20000dc0                CDC_RX_Buffer
 .bss.CDC_RX_WriteIndex
                0x20001dc0        0x4 ./Middlewares/Third_Party/AL94_USB_Composite/COMPOSITE/App/usbd_cdc_acm_if.o
                0x20001dc0                CDC_RX_WriteIndex
 .bss.CDC_RX_ReadIndex
                0x20001dc4        0x4 ./Middlewares/Third_Party/AL94_USB_Composite/COMPOSITE/App/usbd_cdc_acm_if.o
                0x20001dc4                CDC_RX_ReadIndex
 .bss.uart_tx_busy
                0x20001dc8        0x1 ./Middlewares/Third_Party/AL94_USB_Composite/COMPOSITE/App/usbd_cdc_acm_if.o
                0x20001dc8                uart_tx_busy
 *fill*         0x20001dc9        0x3 
 .bss.USBD_StrDesc
                0x20001dcc      0x200 ./Middlewares/Third_Party/AL94_USB_Composite/COMPOSITE/App/usbd_desc.o
                0x20001dcc                USBD_StrDesc
 .bss.CDC_IN_EP
                0x20001fcc        0x1 ./Middlewares/Third_Party/AL94_USB_Composite/COMPOSITE/Class/CDC_ACM/Src/usbd_cdc_acm.o
                0x20001fcc                CDC_IN_EP
 *fill*         0x20001fcd        0x3 
 .bss.CDC_OUT_EP
                0x20001fd0        0x1 ./Middlewares/Third_Party/AL94_USB_Composite/COMPOSITE/Class/CDC_ACM/Src/usbd_cdc_acm.o
                0x20001fd0                CDC_OUT_EP
 *fill*         0x20001fd1        0x3 
 .bss.CDC_CMD_EP
                0x20001fd4        0x1 ./Middlewares/Third_Party/AL94_USB_Composite/COMPOSITE/Class/CDC_ACM/Src/usbd_cdc_acm.o
                0x20001fd4                CDC_CMD_EP
 *fill*         0x20001fd5        0x3 
 .bss.CDC_CMD_ITF_NBR
                0x20001fd8        0x1 ./Middlewares/Third_Party/AL94_USB_Composite/COMPOSITE/Class/CDC_ACM/Src/usbd_cdc_acm.o
                0x20001fd8                CDC_CMD_ITF_NBR
 *fill*         0x20001fd9        0x3 
 .bss.CDC_COM_ITF_NBR
                0x20001fdc        0x1 ./Middlewares/Third_Party/AL94_USB_Composite/COMPOSITE/Class/CDC_ACM/Src/usbd_cdc_acm.o
                0x20001fdc                CDC_COM_ITF_NBR
 *fill*         0x20001fdd        0x3 
 .bss.CDC_STR_DESC_IDX
                0x20001fe0        0x1 ./Middlewares/Third_Party/AL94_USB_Composite/COMPOSITE/Class/CDC_ACM/Src/usbd_cdc_acm.o
                0x20001fe0                CDC_STR_DESC_IDX
 *fill*         0x20001fe1        0x3 
 .bss.CDC_ACM_Class_Data
                0x20001fe4      0x21c ./Middlewares/Third_Party/AL94_USB_Composite/COMPOSITE/Class/CDC_ACM/Src/usbd_cdc_acm.o
                0x20001fe4                CDC_ACM_Class_Data
 .bss.USBD_COMPOSITE_FSCfgDesc
                0x20002200       0x6b ./Middlewares/Third_Party/AL94_USB_Composite/COMPOSITE/Class/COMPOSITE/Src/usbd_composite.o
                0x20002200                USBD_COMPOSITE_FSCfgDesc
 *fill*         0x2000226b        0x1 
 .bss.USBD_COMPOSITE_HSCfgDesc
                0x2000226c       0x6b ./Middlewares/Third_Party/AL94_USB_Composite/COMPOSITE/Class/COMPOSITE/Src/usbd_composite.o
                0x2000226c                USBD_COMPOSITE_HSCfgDesc
 *fill*         0x200022d7        0x1 
 .bss.USBD_StrDesc.0
                0x200022d8       0x40 ./Middlewares/Third_Party/AL94_USB_Composite/COMPOSITE/Class/COMPOSITE/Src/usbd_composite.o
 .bss.CUSTOM_HID_ITF_NBR
                0x20002318        0x1 ./Middlewares/Third_Party/AL94_USB_Composite/COMPOSITE/Class/HID_CUSTOM/Src/usbd_hid_custom.o
                0x20002318                CUSTOM_HID_ITF_NBR
 .bss.CUSTOM_HID_STR_DESC_IDX
                0x20002319        0x1 ./Middlewares/Third_Party/AL94_USB_Composite/COMPOSITE/Class/HID_CUSTOM/Src/usbd_hid_custom.o
                0x20002319                CUSTOM_HID_STR_DESC_IDX
 *fill*         0x2000231a        0x2 
 .bss.CUSTOM_HID_Instance
                0x2000231c       0x18 ./Middlewares/Third_Party/AL94_USB_Composite/COMPOSITE/Class/HID_CUSTOM/Src/usbd_hid_custom.o
 .bss.cfgidx.0  0x20002334        0x1 ./Middlewares/Third_Party/AL94_USB_Composite/COMPOSITE/Core/Src/usbd_ctlreq.o
 *fill*         0x20002335        0x3 
 .bss.hpcd_USB_OTG_PTR
                0x20002338        0x4 ./Middlewares/Third_Party/AL94_USB_Composite/COMPOSITE/Target/usbd_conf.o
                0x20002338                hpcd_USB_OTG_PTR
 .bss.__sf      0x2000233c      0x138 C:/ST/STM32CubeIDE_1.16.1/STM32CubeIDE/plugins/com.st.stm32cube.ide.mcu.externaltools.gnu-tools-for-stm32.12.3.rel1.win32_1.0.200.202406191623/tools/bin/../lib/gcc/arm-none-eabi/12.3.1/../../../../arm-none-eabi/lib/thumb/v7e-m+fp/hard\libc_nano.a(libc_a-findfp.o)
                0x2000233c                __sf