Archive member included to satisfy reference by file (symbol)

C:/ST/STM32CubeIDE_1.16.1/STM32CubeIDE/plugins/com.st.stm32cube.ide.mcu.externaltools.gnu-tools-for-stm32.12.3.rel1.win32_1.0.200.202406191623/tools/bin/../lib/gcc/arm-none-eabi/12.3.1/../../../../arm-none-eabi/lib/thumb/v7e-m+fp/hard\libc_nano.a(libc_a-exit.o)
                              C:/ST/STM32CubeIDE_1.16.1/STM32CubeIDE/plugins/com.st.stm32cube.ide.mcu.externaltools.gnu-tools-for-stm32.12.3.rel1.win32_1.0.200.202406191623/tools/bin/../lib/gcc/arm-none-eabi/12.3.1/../../../../arm-none-eabi/lib/thumb/v7e-m+fp/hard/crt0.o (exit)
C:/ST/STM32CubeIDE_1.16.1/STM32CubeIDE/plugins/com.st.stm32cube.ide.mcu.externaltools.gnu-tools-for-stm32.12.3.rel1.win32_1.0.200.202406191623/tools/bin/../lib/gcc/arm-none-eabi/12.3.1/../../../../arm-none-eabi/lib/thumb/v7e-m+fp/hard\libc_nano.a(libc_a-findfp.o)
                              C:/ST/STM32CubeIDE_1.16.1/STM32CubeIDE/plugins/com.st.stm32cube.ide.mcu.externaltools.gnu-tools-for-stm32.12.3.rel1.win32_1.0.200.202406191623/tools/bin/../lib/gcc/arm-none-eabi/12.3.1/../../../../arm-none-eabi/lib/thumb/v7e-m+fp/hard\libc_nano.a(libc_a-exit.o) (__stdio_exit_handler)
C:/ST/STM32CubeIDE_1.16.1/STM32CubeIDE/plugins/com.st.stm32cube.ide.mcu.externaltools.gnu-tools-for-stm32.12.3.rel1.win32_1.0.200.202406191623/tools/bin/../lib/gcc/arm-none-eabi/12.3.1/../../../../arm-none-eabi/lib/thumb/v7e-m+fp/hard\libc_nano.a(libc_a-fwalk.o)
                              C:/ST/STM32CubeIDE_1.16.1/STM32CubeIDE/plugins/com.st.stm32cube.ide.mcu.externaltools.gnu-tools-for-stm32.12.3.rel1.win32_1.0.200.202406191623/tools/bin/../lib/gcc/arm-none-eabi/12.3.1/../../../../arm-none-eabi/lib/thumb/v7e-m+fp/hard\libc_nano.a(libc_a-findfp.o) (_fwalk_sglue)
C:/ST/STM32CubeIDE_1.16.1/STM32CubeIDE/plugins/com.st.stm32cube.ide.mcu.externaltools.gnu-tools-for-stm32.12.3.rel1.win32_1.0.200.202406191623/tools/bin/../lib/gcc/arm-none-eabi/12.3.1/../../../../arm-none-eabi/lib/thumb/v7e-m+fp/hard\libc_nano.a(libc_a-snprintf.o)
                              ./Middlewares/Third_Party/AL94_USB_Composite/COMPOSITE/Class/COMPOSITE/Src/usbd_composite.o (snprintf)
C:/ST/STM32CubeIDE_1.16.1/STM32CubeIDE/plugins/com.st.stm32cube.ide.mcu.externaltools.gnu-tools-for-stm32.12.3.rel1.win32_1.0.200.202406191623/tools/bin/../lib/gcc/arm-none-eabi/12.3.1/../../../../arm-none-eabi/lib/thumb/v7e-m+fp/hard\libc_nano.a(libc_a-stdio.o)
                              C:/ST/STM32CubeIDE_1.16.1/STM32CubeIDE/plugins/com.st.stm32cube.ide.mcu.externaltools.gnu-tools-for-stm32.12.3.rel1.win32_1.0.200.202406191623/tools/bin/../lib/gcc/arm-none-eabi/12.3.1/../../../../arm-none-eabi/lib/thumb/v7e-m+fp/hard\libc_nano.a(libc_a-findfp.o) (__sread)
C:/ST/STM32CubeIDE_1.16.1/STM32CubeIDE/plugins/com.st.stm32cube.ide.mcu.externaltools.gnu-tools-for-stm32.12.3.rel1.win32_1.0.200.202406191623/tools/bin/../lib/gcc/arm-none-eabi/12.3.1/../../../../arm-none-eabi/lib/thumb/v7e-m+fp/hard\libc_nano.a(libc_a-memset.o)
                              C:/ST/STM32CubeIDE_1.16.1/STM32CubeIDE/plugins/com.st.stm32cube.ide.mcu.externaltools.gnu-tools-for-stm32.12.3.rel1.win32_1.0.200.202406191623/tools/bin/../lib/gcc/arm-none-eabi/12.3.1/../../../../arm-none-eabi/lib/thumb/v7e-m+fp/hard/crt0.o (memset)
C:/ST/STM32CubeIDE_1.16.1/STM32CubeIDE/plugins/com.st.stm32cube.ide.mcu.externaltools.gnu-tools-for-stm32.12.3.rel1.win32_1.0.200.202406191623/tools/bin/../lib/gcc/arm-none-eabi/12.3.1/../../../../arm-none-eabi/lib/thumb/v7e-m+fp/hard\libc_nano.a(libc_a-closer.o)
                              C:/ST/STM32CubeIDE_1.16.1/STM32CubeIDE/plugins/com.st.stm32cube.ide.mcu.externaltools.gnu-tools-for-stm32.12.3.rel1.win32_1.0.200.202406191623/tools/bin/../lib/gcc/arm-none-eabi/12.3.1/../../../../arm-none-eabi/lib/thumb/v7e-m+fp/hard\libc_nano.a(libc_a-stdio.o) (_close_r)
C:/ST/STM32CubeIDE_1.16.1/STM32CubeIDE/plugins/com.st.stm32cube.ide.mcu.externaltools.gnu-tools-for-stm32.12.3.rel1.win32_1.0.200.202406191623/tools/bin/../lib/gcc/arm-none-eabi/12.3.1/../../../../arm-none-eabi/lib/thumb/v7e-m+fp/hard\libc_nano.a(libc_a-reent.o)
                              C:/ST/STM32CubeIDE_1.16.1/STM32CubeIDE/plugins/com.st.stm32cube.ide.mcu.externaltools.gnu-tools-for-stm32.12.3.rel1.win32_1.0.200.202406191623/tools/bin/../lib/gcc/arm-none-eabi/12.3.1/../../../../arm-none-eabi/lib/thumb/v7e-m+fp/hard\libc_nano.a(libc_a-closer.o) (errno)
C:/ST/STM32CubeIDE_1.16.1/STM32CubeIDE/plugins/com.st.stm32cube.ide.mcu.externaltools.gnu-tools-for-stm32.12.3.rel1.win32_1.0.200.202406191623/tools/bin/../lib/gcc/arm-none-eabi/12.3.1/../../../../arm-none-eabi/lib/thumb/v7e-m+fp/hard\libc_nano.a(libc_a-impure.o)
                              C:/ST/STM32CubeIDE_1.16.1/STM32CubeIDE/plugins/com.st.stm32cube.ide.mcu.externaltools.gnu-tools-for-stm32.12.3.rel1.win32_1.0.200.202406191623/tools/bin/../lib/gcc/arm-none-eabi/12.3.1/../../../../arm-none-eabi/lib/thumb/v7e-m+fp/hard\libc_nano.a(libc_a-snprintf.o) (_impure_ptr)
[...]
Memory Configuration

Name             Origin             Length             Attributes
CCMRAM           0x10000000         0x00010000         xrw
RAM              0x20000000         0x00020000         xrw
FLASH            0x08000000         0x00080000         xr
*default*        0x00000000         0xffffffff

Linker script and memory map

LOAD C:/ST/STM32CubeIDE_1.16.1/STM32CubeIDE/plugins/com.st.stm32cube.ide.mcu.externaltools.gnu-tools-for-stm32.12.3.rel1.win32_1.0.200.202406191623/tools/bin/../lib/gcc/arm-none-eabi/12.3.1/thumb/v7e-m+fp/hard/crti.o
LOAD C:/ST/STM32CubeIDE_1.16.1/STM32CubeIDE/plugins/com.st.stm32cube.ide.mcu.externaltools.gnu-tools-for-stm32.12.3.rel1.win32_1.0.200.202406191623/tools/bin/../lib/gcc/arm-none-eabi/12.3.1/thumb/v7e-m+fp/hard/crtbegin.o
LOAD C:/ST/STM32CubeIDE_1.16.1/STM32CubeIDE/plugins/com.st.stm32cube.ide.mcu.externaltools.gnu-tools-for-stm32.12.3.rel1.win32_1.0.200.202406191623/tools/bin/../lib/gcc/arm-none-eabi/12.3.1/../../../../arm-none-eabi/lib/thumb/v7e-m+fp/hard/crt0.o
LOAD ./Core/Src/can.o
LOAD ./Core/Src/dma.o
LOAD ./Core/Src/gpio.o
LOAD ./Core/Src/i2c.o
LOAD ./Core/Src/main.o
LOAD ./Core/Src/stm32f4xx_hal_msp.o
LOAD ./Core/Src/stm32f4xx_it.o
LOAD ./Core/Src/syscalls.o
LOAD ./Core/Src/sysmem.o
LOAD ./Core/Src/system_stm32f4xx.o
LOAD ./Core/Src/tim.o
LOAD ./Core/Src/usart.o
LOAD ./Core/Src/usb_otg.o
LOAD ./Core/Startup/startup_stm32f407vetx.o
LOAD ./Drivers/STM32F4xx_HAL_Driver/Src/stm32f4xx_hal.o
LOAD ./Drivers/STM32F4xx_HAL_Driver/Src/stm32f4xx_hal_can.o
LOAD ./Drivers/STM32F4xx_HAL_Driver/Src/stm32f4xx_hal_cortex.o
LOAD ./Drivers/STM32F4xx_HAL_Driver/Src/stm32f4xx_hal_dma.o
LOAD ./Drivers/STM32F4xx_HAL_Driver/Src/stm32f4xx_hal_dma_ex.o
LOAD ./Drivers/STM32F4xx_HAL_Driver/Src/stm32f4xx_hal_exti.o
LOAD ./Drivers/STM32F4xx_HAL_Driver/Src/stm32f4xx_hal_flash.o
LOAD ./Drivers/STM32F4xx_HAL_Driver/Src/stm32f4xx_hal_flash_ex.o
LOAD ./Drivers/STM32F4xx_HAL_Driver/Src/stm32f4xx_hal_flash_ramfunc.o
LOAD ./Drivers/STM32F4xx_HAL_Driver/Src/stm32f4xx_hal_gpio.o
LOAD ./Drivers/STM32F4xx_HAL_Driver/Src/stm32f4xx_hal_i2c.o
LOAD ./Drivers/STM32F4xx_HAL_Driver/Src/stm32f4xx_hal_i2c_ex.o
LOAD ./Drivers/STM32F4xx_HAL_Driver/Src/stm32f4xx_hal_pcd.o
LOAD ./Drivers/STM32F4xx_HAL_Driver/Src/stm32f4xx_hal_pcd_ex.o
LOAD ./Drivers/STM32F4xx_HAL_Driver/Src/stm32f4xx_hal_pwr.o
LOAD ./Drivers/STM32F4xx_HAL_Driver/Src/stm32f4xx_hal_pwr_ex.o
LOAD ./Drivers/STM32F4xx_HAL_Driver/Src/stm32f4xx_hal_rcc.o
LOAD ./Drivers/STM32F4xx_HAL_Driver/Src/stm32f4xx_hal_rcc_ex.o
LOAD ./Drivers/STM32F4xx_HAL_Driver/Src/stm32f4xx_hal_tim.o
LOAD ./Drivers/STM32F4xx_HAL_Driver/Src/stm32f4xx_hal_tim_ex.o
LOAD ./Drivers/STM32F4xx_HAL_Driver/Src/stm32f4xx_hal_uart.o
LOAD ./Drivers/STM32F4xx_HAL_Driver/Src/stm32f4xx_ll_usb.o
LOAD ./Middlewares/Third_Party/AL94_USB_Composite/COMPOSITE/App/usb_device.o
LOAD ./Middlewares/Third_Party/AL94_USB_Composite/COMPOSITE/App/usbd_cdc_acm_if.o
LOAD ./Middlewares/Third_Party/AL94_USB_Composite/COMPOSITE/App/usbd_desc.o
LOAD ./Middlewares/Third_Party/AL94_USB_Composite/COMPOSITE/App/usbd_hid_custom_if.o
LOAD ./Middlewares/Third_Party/AL94_USB_Composite/COMPOSITE/Class/CDC_ACM/Src/usbd_cdc_acm.o
LOAD ./Middlewares/Third_Party/AL94_USB_Composite/COMPOSITE/Class/COMPOSITE/Src/usbd_composite.o
LOAD ./Middlewares/Third_Party/AL94_USB_Composite/COMPOSITE/Class/HID_CUSTOM/Src/usbd_hid_custom.o
LOAD ./Middlewares/Third_Party/AL94_USB_Composite/COMPOSITE/Core/Src/usbd_core.o
LOAD ./Middlewares/Third_Party/AL94_USB_Composite/COMPOSITE/Core/Src/usbd_ctlreq.o
LOAD ./Middlewares/Third_Party/AL94_USB_Composite/COMPOSITE/Core/Src/usbd_ioreq.o
LOAD ./Middlewares/Third_Party/AL94_USB_Composite/COMPOSITE/Target/usbd_conf.o
START GROUP
LOAD C:/ST/STM32CubeIDE_1.16.1/STM32CubeIDE/plugins/com.st.stm32cube.ide.mcu.externaltools.gnu-tools-for-stm32.12.3.rel1.win32_1.0.200.202406191623/tools/bin/../lib/gcc/arm-none-eabi/12.3.1/../../../../arm-none-eabi/lib/thumb/v7e-m+fp/hard\libc_nano.a
LOAD C:/ST/STM32CubeIDE_1.16.1/STM32CubeIDE/plugins/com.st.stm32cube.ide.mcu.externaltools.gnu-tools-for-stm32.12.3.rel1.win32_1.0.200.202406191623/tools/bin/../lib/gcc/arm-none-eabi/12.3.1/../../../../arm-none-eabi/lib/thumb/v7e-m+fp/hard\libm.a
END GROUP
START GROUP
LOAD C:/ST/STM32CubeIDE_1.16.1/STM32CubeIDE/plugins/com.st.stm32cube.ide.mcu.externaltools.gnu-tools-for-stm32.12.3.rel1.win32_1.0.200.202406191623/tools/bin/../lib/gcc/arm-none-eabi/12.3.1/thumb/v7e-m+fp/hard\libgcc.a
LOAD C:/ST/STM32CubeIDE_1.16.1/STM32CubeIDE/plugins/com.st.stm32cube.ide.mcu.externaltools.gnu-tools-for-stm32.12.3.rel1.win32_1.0.200.202406191623/tools/bin/../lib/gcc/arm-none-eabi/12.3.1/../../../../arm-none-eabi/lib/thumb/v7e-m+fp/hard\libc_nano.a
END GROUP
START GROUP
LOAD C:/ST/STM32CubeIDE_1.16.1/STM32CubeIDE/plugins/com.st.stm32cube.ide.mcu.externaltools.gnu-tools-for-stm32.12.3.rel1.win32_1.0.200.202406191623/tools/bin/../lib/gcc/arm-none-eabi/12.3.1/thumb/v7e-m+fp/hard\libgcc.a
LOAD C:/ST/STM32CubeIDE_1.16.1/STM32CubeIDE/plugins/com.st.stm32cube.ide.mcu.externaltools.gnu-tools-for-stm32.12.3.rel1.win32_1.0.200.202406191623/tools/bin/../lib/gcc/arm-none-eabi/12.3.1/../../../../arm-none-eabi/lib/thumb/v7e-m+fp/hard\libc_nano.a
LOAD C:/ST/STM32CubeIDE_1.16.1/STM32CubeIDE/plugins/com.st.stm32cube.ide.mcu.externaltools.gnu-tools-for-stm32.12.3.rel1.win32_1.0.200.202406191623/tools/bin/../lib/gcc/arm-none-eabi/12.3.1/../../../../arm-none-eabi/lib/thumb/v7e-m+fp/hard\libnosys.a
END GROUP
START GROUP
LOAD C:/ST/STM32CubeIDE_1.16.1/STM32CubeIDE/plugins/com.st.stm32cube.ide.mcu.externaltools.gnu-tools-for-stm32.12.3.rel1.win32_1.0.200.202406191623/tools/bin/../lib/gcc/arm-none-eabi/12.3.1/thumb/v7e-m+fp/hard\libgcc.a
LOAD C:/ST/STM32CubeIDE_1.16.1/STM32CubeIDE/plugins/com.st.stm32cube.ide.mcu.externaltools.gnu-tools-for-stm32.12.3.rel1.win32_1.0.200.202406191623/tools/bin/../lib/gcc/arm-none-eabi/12.3.1/../../../../arm-none-eabi/lib/thumb/v7e-m+fp/hard\libc_nano.a
LOAD C:/ST/STM32CubeIDE_1.16.1/STM32CubeIDE/plugins/com.st.stm32cube.ide.mcu.externaltools.gnu-tools-for-stm32.12.3.rel1.win32_1.0.200.202406191623/tools/bin/../lib/gcc/arm-none-eabi/12.3.1/../../../../arm-none-eabi/lib/thumb/v7e-m+fp/hard\libnosys.a
END GROUP
LOAD C:/ST/STM32CubeIDE_1.16.1/STM32CubeIDE/plugins/com.st.stm32cube.ide.mcu.externaltools.gnu-tools-for-stm32.12.3.rel1.win32_1.0.200.202406191623/tools/bin/../lib/gcc/arm-none-eabi/12.3.1/thumb/v7e-m+fp/hard/crtend.o
LOAD C:/ST/STM32CubeIDE_1.16.1/STM32CubeIDE/plugins/com.st.stm32cube.ide.mcu.externaltools.gnu-tools-for-stm32.12.3.rel1.win32_1.0.200.202406191623/tools/bin/../lib/gcc/arm-none-eabi/12.3.1/thumb/v7e-m+fp/hard/crtn.o
                0x20020000                        _estack = (ORIGIN (RAM) + LENGTH (RAM))
                0x00000200                        _Min_Heap_Size = 0x200
                0x00000400                        _Min_Stack_Size = 0x400

.isr_vector     0x08000000      0x188
                0x08000000                        . = ALIGN (0x4)
 *(.isr_vector)
 .isr_vector    0x08000000      0x188 ./Core/Startup/startup_stm32f407vetx.o
                0x08000000                g_pfnVectors
                0x08000188                        . = ALIGN (0x4)

.text           0x08000190     0xba18
                0x08000190                        . = ALIGN (0x4)
 *(.text)
 .text          0x08000190       0x40 C:/ST/STM32CubeIDE_1.16.1/STM32CubeIDE/plugins/com.st.stm32cube.ide.mcu.externaltools.gnu-tools-for-stm32.12.3.rel1.win32_1.0.200.202406191623/tools/bin/../lib/gcc/arm-none-eabi/12.3.1/thumb/v7e-m+fp/hard/crtbegin.o
 .text          0x080001d0       0xa0 C:/ST/STM32CubeIDE_1.16.1/STM32CubeIDE/plugins/com.st.stm32cube.ide.mcu.externaltools.gnu-tools-for-stm32.12.3.rel1.win32_1.0.200.202406191623/tools/bin/../lib/gcc/arm-none-eabi/12.3.1/../../../../arm-none-eabi/lib/thumb/v7e-m+fp/hard\libc_nano.a(libc_a-memchr.o)
                0x080001d0                memchr
 .text          0x08000270       0x30 C:/ST/STM32CubeIDE_1.16.1/STM32CubeIDE/plugins/com.st.stm32cube.ide.mcu.externaltools.gnu-tools-for-stm32.12.3.rel1.win32_1.0.200.202406191623/tools/bin/../lib/gcc/arm-none-eabi/12.3.1/thumb/v7e-m+fp/hard\libgcc.a(_aeabi_uldivmod.o)
                0x08000270                __aeabi_uldivmod
 .text          0x080002a0      0x2bc C:/ST/STM32CubeIDE_1.16.1/STM32CubeIDE/plugins/com.st.stm32cube.ide.mcu.externaltools.gnu-tools-for-stm32.12.3.rel1.win32_1.0.200.202406191623/tools/bin/../lib/gcc/arm-none-eabi/12.3.1/thumb/v7e-m+fp/hard\libgcc.a(_udivmoddi4.o)
                0x080002a0                __udivmoddi4
 .text          0x0800055c        0x4 C:/ST/STM32CubeIDE_1.16.1/STM32CubeIDE/plugins/com.st.stm32cube.ide.mcu.externaltools.gnu-tools-for-stm32.12.3.rel1.win32_1.0.200.202406191623/tools/bin/../lib/gcc/arm-none-eabi/12.3.1/thumb/v7e-m+fp/hard\libgcc.a(_dvmd_tls.o)
                0x0800055c                __aeabi_idiv0
                0x0800055c                __aeabi_ldiv0
 *(.text*)
 .text.MX_CAN1_Init
                0x08000560       0x6c ./Core/Src/can.o
                0x08000560                MX_CAN1_Init
 .text.HAL_CAN_MspInit
                0x080005cc       0xb0 ./Core/Src/can.o
                0x080005cc                HAL_CAN_MspInit
 .text.MX_DMA_Init
                0x0800067c       0x50 ./Core/Src/dma.o
                0x0800067c                MX_DMA_Init
 .text.MX_GPIO_Init
                0x080006cc       0xd8 ./Core/Src/gpio.o
                0x080006cc                MX_GPIO_Init
 .text.MX_I2C1_Init
                0x080007a4       0x5c ./Core/Src/i2c.o
                0x080007a4                MX_I2C1_Init
 .text.HAL_I2C_MspInit
                0x08000800       0x90 ./Core/Src/i2c.o
                0x08000800                HAL_I2C_MspInit
 .text.main     0x08000890       0x64 ./Core/Src/main.o
                0x08000890                main
 .text.SystemClock_Config
                0x080008f4       0xd4 ./Core/Src/main.o
                0x080008f4                SystemClock_Config
 .text.Error_Handler
                0x080009c8        0xc ./Core/Src/main.o
                0x080009c8                Error_Handler
 .text.HAL_MspInit
                0x080009d4       0x50 ./Core/Src/stm32f4xx_hal_msp.o
                0x080009d4                HAL_MspInit
 .text.NMI_Handler
                0x08000a24        0x8 ./Core/Src/stm32f4xx_it.o
                0x08000a24                NMI_Handler
 .text.HardFault_Handler
                0x08000a2c        0x8 ./Core/Src/stm32f4xx_it.o
                0x08000a2c                HardFault_Handler
 .text.MemManage_Handler
                0x08000a34        0x8 ./Core/Src/stm32f4xx_it.o
                0x08000a34                MemManage_Handler
 .text.BusFault_Handler
                0x08000a3c        0x8 ./Core/Src/stm32f4xx_it.o
                0x08000a3c                BusFault_Handler
 .text.UsageFault_Handler
                0x08000a44        0x8 ./Core/Src/stm32f4xx_it.o
                0x08000a44                UsageFault_Handler
 .text.SVC_Handler
                0x08000a4c        0xe ./Core/Src/stm32f4xx_it.o
                0x08000a4c                SVC_Handler
 .text.DebugMon_Handler
                0x08000a5a        0xe ./Core/Src/stm32f4xx_it.o
                0x08000a5a                DebugMon_Handler
 .text.PendSV_Handler
                0x08000a68        0xe ./Core/Src/stm32f4xx_it.o
                0x08000a68                PendSV_Handler
 .text.SysTick_Handler
                0x08000a76        0xc ./Core/Src/stm32f4xx_it.o
                0x08000a76                SysTick_Handler
 *fill*         0x08000a82        0x2 
 .text.DMA1_Stream0_IRQHandler
                0x08000a84       0x14 ./Core/Src/stm32f4xx_it.o
                0x08000a84                DMA1_Stream0_IRQHandler
 .text.CAN1_RX0_IRQHandler
                0x08000a98       0x14 ./Core/Src/stm32f4xx_it.o
                0x08000a98                CAN1_RX0_IRQHandler
 .text.CAN1_RX1_IRQHandler
                0x08000aac       0x14 ./Core/Src/stm32f4xx_it.o
                0x08000aac                CAN1_RX1_IRQHandler
 .text.TIM1_UP_TIM10_IRQHandler
                0x08000ac0       0x14 ./Core/Src/stm32f4xx_it.o
                0x08000ac0                TIM1_UP_TIM10_IRQHandler
 .text.TIM2_IRQHandler
                0x08000ad4       0x14 ./Core/Src/stm32f4xx_it.o
                0x08000ad4                TIM2_IRQHandler
 .text.DMA1_Stream7_IRQHandler
                0x08000ae8       0x14 ./Core/Src/stm32f4xx_it.o
                0x08000ae8                DMA1_Stream7_IRQHandler
 .text.UART5_IRQHandler
                0x08000afc       0x14 ./Core/Src/stm32f4xx_it.o
                0x08000afc                UART5_IRQHandler
 .text.OTG_FS_IRQHandler
                0x08000b10       0x14 ./Core/Src/stm32f4xx_it.o
                0x08000b10                OTG_FS_IRQHandler
 .text._sbrk    0x08000b24       0x6c ./Core/Src/sysmem.o
                0x08000b24                _sbrk
 .text.SystemInit
                0x08000b90       0x24 ./Core/Src/system_stm32f4xx.o
                0x08000b90                SystemInit
 .text.MX_TIM1_Init
                0x08000bb4       0xa0 ./Core/Src/tim.o
                0x08000bb4                MX_TIM1_Init
 .text.MX_TIM2_Init
                0x08000c54       0x98 ./Core/Src/tim.o
                0x08000c54                MX_TIM2_Init
 .text.HAL_TIM_Base_MspInit
                0x08000cec       0x88 ./Core/Src/tim.o
                0x08000cec                HAL_TIM_Base_MspInit
 .text.MX_UART5_Init
                0x08000d74       0x54 ./Core/Src/usart.o
                0x08000d74                MX_UART5_Init
 .text.HAL_UART_MspInit
                0x08000dc8      0x1b0 ./Core/Src/usart.o
                0x08000dc8                HAL_UART_MspInit
 .text.HAL_UART_MspDeInit
                0x08000f78       0x64 ./Core/Src/usart.o
                0x08000f78                HAL_UART_MspDeInit
 .text.MX_USB_OTG_FS_PCD_Init
                0x08000fdc       0x5c ./Core/Src/usb_otg.o
                0x08000fdc                MX_USB_OTG_FS_PCD_Init
 .text.HAL_PCD_MspInit
                0x08001038       0xa8 ./Core/Src/usb_otg.o
                0x08001038                HAL_PCD_MspInit
 .text.Reset_Handler
                0x080010e0       0x50 ./Core/Startup/startup_stm32f407vetx.o
                0x080010e0                Reset_Handler
 .text.Default_Handler
                0x08001130        0x2 ./Core/Startup/startup_stm32f407vetx.o
                0x08001130                RTC_Alarm_IRQHandler
                0x08001130                HASH_RNG_IRQHandler
                0x08001130                EXTI2_IRQHandler
                0x08001130                TIM8_CC_IRQHandler
                0x08001130                TIM1_CC_IRQHandler
                0x08001130                DMA2_Stream5_IRQHandler
                0x08001130                DMA1_Stream5_IRQHandler
                0x08001130                PVD_IRQHandler
                0x08001130                SDIO_IRQHandler
                0x08001130                TAMP_STAMP_IRQHandler
                0x08001130                CAN2_RX1_IRQHandler
                0x08001130                EXTI3_IRQHandler
                0x08001130                TIM8_TRG_COM_TIM14_IRQHandler
                0x08001130                TIM8_UP_TIM13_IRQHandler
                0x08001130                I2C3_ER_IRQHandler
                0x08001130                EXTI0_IRQHandler
                0x08001130                I2C2_EV_IRQHandler
                0x08001130                DMA1_Stream2_IRQHandler
                0x08001130                FPU_IRQHandler
                0x08001130                OTG_HS_WKUP_IRQHandler
                0x08001130                CAN2_SCE_IRQHandler
                0x08001130                DMA2_Stream2_IRQHandler
                0x08001130                SPI1_IRQHandler
                0x08001130                TIM6_DAC_IRQHandler
                0x08001130                TIM1_BRK_TIM9_IRQHandler
                0x08001130                DCMI_IRQHandler
                0x08001130                CAN2_RX0_IRQHandler
                0x08001130                DMA2_Stream3_IRQHandler
                0x08001130                USART6_IRQHandler
                0x08001130                USART3_IRQHandler
                0x08001130                DMA2_Stream0_IRQHandler
                0x08001130                TIM4_IRQHandler
                0x08001130                I2C1_EV_IRQHandler
                0x08001130                DMA1_Stream6_IRQHandler
                0x08001130                DMA1_Stream1_IRQHandler
                0x08001130                UART4_IRQHandler
                0x08001130                TIM3_IRQHandler
                0x08001130                RCC_IRQHandler
                0x08001130                TIM8_BRK_TIM12_IRQHandler
                0x08001130                Default_Handler
                0x08001130                EXTI15_10_IRQHandler
                0x08001130                ADC_IRQHandler
                0x08001130                TIM7_IRQHandler
                0x08001130                CAN2_TX_IRQHandler
                0x08001130                TIM5_IRQHandler
                0x08001130                DMA2_Stream7_IRQHandler
                0x08001130                I2C3_EV_IRQHandler
                0x08001130                EXTI9_5_IRQHandler
                0x08001130                RTC_WKUP_IRQHandler
                0x08001130                ETH_WKUP_IRQHandler
                0x08001130                SPI2_IRQHandler
                0x08001130                OTG_HS_EP1_IN_IRQHandler
                0x08001130                CAN1_TX_IRQHandler
                0x08001130                EXTI4_IRQHandler
                0x08001130                FSMC_IRQHandler
                0x08001130                ETH_IRQHandler
                0x08001130                OTG_HS_EP1_OUT_IRQHandler
                0x08001130                WWDG_IRQHandler
                0x08001130                OTG_FS_WKUP_IRQHandler
                0x08001130                TIM1_TRG_COM_TIM11_IRQHandler
                0x08001130                OTG_HS_IRQHandler
                0x08001130                EXTI1_IRQHandler
                0x08001130                USART2_IRQHandler
                0x08001130                I2C2_ER_IRQHandler
                0x08001130                DMA2_Stream1_IRQHandler
                0x08001130                CAN1_SCE_IRQHandler
                0x08001130                FLASH_IRQHandler
                0x08001130                DMA2_Stream4_IRQHandler
                0x08001130                USART1_IRQHandler
                0x08001130                SPI3_IRQHandler
                0x08001130                DMA1_Stream4_IRQHandler
                0x08001130                I2C1_ER_IRQHandler
                0x08001130                DMA2_Stream6_IRQHandler
                0x08001130                DMA1_Stream3_IRQHandler
 *fill*         0x08001132        0x2 
 .text.HAL_Init
                0x08001134       0x44 ./Drivers/STM32F4xx_HAL_Driver/Src/stm32f4xx_hal.o
                0x08001134                HAL_Init
 .text.HAL_InitTick
                0x08001178       0x60 ./Drivers/STM32F4xx_HAL_Driver/Src/stm32f4xx_hal.o
                0x08001178                HAL_InitTick
 .text.HAL_IncTick
                0x080011d8       0x28 ./Drivers/STM32F4xx_HAL_Driver/Src/stm32f4xx_hal.o
                0x080011d8                HAL_IncTick
 .text.HAL_GetTick
                0x08001200       0x18 ./Drivers/STM32F4xx_HAL_Driver/Src/stm32f4xx_hal.o
                0x08001200                HAL_GetTick
 .text.HAL_Delay
                0x08001218       0x48 ./Drivers/STM32F4xx_HAL_Driver/Src/stm32f4xx_hal.o
                0x08001218                HAL_Delay
 .text.HAL_CAN_Init
                0x08001260      0x1f6 ./Drivers/STM32F4xx_HAL_Driver/Src/stm32f4xx_hal_can.o
                0x08001260                HAL_CAN_Init
 .text.HAL_CAN_IRQHandler
                0x08001456      0x36e ./Drivers/STM32F4xx_HAL_Driver/Src/stm32f4xx_hal_can.o
                0x08001456                HAL_CAN_IRQHandler
 .text.HAL_CAN_TxMailbox0CompleteCallback
                0x080017c4       0x14 ./Drivers/STM32F4xx_HAL_Driver/Src/stm32f4xx_hal_can.o
                0x080017c4                HAL_CAN_TxMailbox0CompleteCallback
 .text.HAL_CAN_TxMailbox1CompleteCallback
                0x080017d8       0x14 ./Drivers/STM32F4xx_HAL_Driver/Src/stm32f4xx_hal_can.o
                0x080017d8                HAL_CAN_TxMailbox1CompleteCallback
 .text.HAL_CAN_TxMailbox2CompleteCallback
                0x080017ec       0x14 ./Drivers/STM32F4xx_HAL_Driver/Src/stm32f4xx_hal_can.o
                0x080017ec                HAL_CAN_TxMailbox2CompleteCallback
 .text.HAL_CAN_TxMailbox0AbortCallback
                0x08001800       0x14 ./Drivers/STM32F4xx_HAL_Driver/Src/stm32f4xx_hal_can.o
                0x08001800                HAL_CAN_TxMailbox0AbortCallback
 .text.HAL_CAN_TxMailbox1AbortCallback
                0x08001814       0x14 ./Drivers/STM32F4xx_HAL_Driver/Src/stm32f4xx_hal_can.o
                0x08001814                HAL_CAN_TxMailbox1AbortCallback
 .text.HAL_CAN_TxMailbox2AbortCallback
                0x08001828       0x14 ./Drivers/STM32F4xx_HAL_Driver/Src/stm32f4xx_hal_can.o
                0x08001828                HAL_CAN_TxMailbox2AbortCallback
 .text.HAL_CAN_RxFifo0MsgPendingCallback
                0x0800183c       0x14 ./Drivers/STM32F4xx_HAL_Driver/Src/stm32f4xx_hal_can.o
                0x0800183c                HAL_CAN_RxFifo0MsgPendingCallback
 .text.HAL_CAN_RxFifo0FullCallback
                0x08001850       0x14 ./Drivers/STM32F4xx_HAL_Driver/Src/stm32f4xx_hal_can.o
                0x08001850                HAL_CAN_RxFifo0FullCallback
 .text.HAL_CAN_RxFifo1MsgPendingCallback
                0x08001864       0x14 ./Drivers/STM32F4xx_HAL_Driver/Src/stm32f4xx_hal_can.o
                0x08001864                HAL_CAN_RxFifo1MsgPendingCallback
 .text.HAL_CAN_RxFifo1FullCallback
                0x08001878       0x14 ./Drivers/STM32F4xx_HAL_Driver/Src/stm32f4xx_hal_can.o
                0x08001878                HAL_CAN_RxFifo1FullCallback
 .text.HAL_CAN_SleepCallback
                0x0800188c       0x14 ./Drivers/STM32F4xx_HAL_Driver/Src/stm32f4xx_hal_can.o
                0x0800188c                HAL_CAN_SleepCallback
 .text.HAL_CAN_WakeUpFromRxMsgCallback
                0x080018a0       0x14 ./Drivers/STM32F4xx_HAL_Driver/Src/stm32f4xx_hal_can.o
                0x080018a0                HAL_CAN_WakeUpFromRxMsgCallback
 .text.HAL_CAN_ErrorCallback
                0x080018b4       0x14 ./Drivers/STM32F4xx_HAL_Driver/Src/stm32f4xx_hal_can.o
                0x080018b4                HAL_CAN_ErrorCallback
 .text.__NVIC_SetPriorityGrouping
                0x080018c8       0x48 ./Drivers/STM32F4xx_HAL_Driver/Src/stm32f4xx_hal_cortex.o
 .text.__NVIC_GetPriorityGrouping
                0x08001910       0x1c ./Drivers/STM32F4xx_HAL_Driver/Src/stm32f4xx_hal_cortex.o
 .text.__NVIC_EnableIRQ
                0x0800192c       0x3c ./Drivers/STM32F4xx_HAL_Driver/Src/stm32f4xx_hal_cortex.o
 .text.__NVIC_DisableIRQ
                0x08001968       0x48 ./Drivers/STM32F4xx_HAL_Driver/Src/stm32f4xx_hal_cortex.o
 .text.__NVIC_SetPriority
                0x080019b0       0x54 ./Drivers/STM32F4xx_HAL_Driver/Src/stm32f4xx_hal_cortex.o
 .text.NVIC_EncodePriority
                0x08001a04       0x66 ./Drivers/STM32F4xx_HAL_Driver/Src/stm32f4xx_hal_cortex.o
 *fill*         0x08001a6a        0x2 
 .text.SysTick_Config
                0x08001a6c       0x44 ./Drivers/STM32F4xx_HAL_Driver/Src/stm32f4xx_hal_cortex.o
 .text.HAL_NVIC_SetPriorityGrouping
                0x08001ab0       0x16 ./Drivers/STM32F4xx_HAL_Driver/Src/stm32f4xx_hal_cortex.o
                0x08001ab0                HAL_NVIC_SetPriorityGrouping
 .text.HAL_NVIC_SetPriority
                0x08001ac6       0x38 ./Drivers/STM32F4xx_HAL_Driver/Src/stm32f4xx_hal_cortex.o
                0x08001ac6                HAL_NVIC_SetPriority
 .text.HAL_NVIC_EnableIRQ
                0x08001afe       0x1c ./Drivers/STM32F4xx_HAL_Driver/Src/stm32f4xx_hal_cortex.o
                0x08001afe                HAL_NVIC_EnableIRQ
 .text.HAL_NVIC_DisableIRQ
                0x08001b1a       0x1c ./Drivers/STM32F4xx_HAL_Driver/Src/stm32f4xx_hal_cortex.o
                0x08001b1a                HAL_NVIC_DisableIRQ
 .text.HAL_SYSTICK_Config
                0x08001b36       0x18 ./Drivers/STM32F4xx_HAL_Driver/Src/stm32f4xx_hal_cortex.o
                0x08001b36                HAL_SYSTICK_Config
 *fill*         0x08001b4e        0x2 
 .text.HAL_DMA_Init
                0x08001b50      0x15c ./Drivers/STM32F4xx_HAL_Driver/Src/stm32f4xx_hal_dma.o
                0x08001b50                HAL_DMA_Init
 .text.HAL_DMA_DeInit
                0x08001cac       0xbc ./Drivers/STM32F4xx_HAL_Driver/Src/stm32f4xx_hal_dma.o
                0x08001cac                HAL_DMA_DeInit
 .text.HAL_DMA_Abort
                0x08001d68       0xe0 ./Drivers/STM32F4xx_HAL_Driver/Src/stm32f4xx_hal_dma.o
                0x08001d68                HAL_DMA_Abort
 .text.HAL_DMA_Abort_IT
                0x08001e48       0x44 ./Drivers/STM32F4xx_HAL_Driver/Src/stm32f4xx_hal_dma.o
                0x08001e48                HAL_DMA_Abort_IT
 .text.HAL_DMA_IRQHandler
                0x08001e8c      0x314 ./Drivers/STM32F4xx_HAL_Driver/Src/stm32f4xx_hal_dma.o
                0x08001e8c                HAL_DMA_IRQHandler
 .text.DMA_CalcBaseAndBitshift
                0x080021a0       0x6c ./Drivers/STM32F4xx_HAL_Driver/Src/stm32f4xx_hal_dma.o
 .text.DMA_CheckFifoParam
                0x0800220c       0xf8 ./Drivers/STM32F4xx_HAL_Driver/Src/stm32f4xx_hal_dma.o
 .text.HAL_GPIO_Init
                0x08002304      0x338 ./Drivers/STM32F4xx_HAL_Driver/Src/stm32f4xx_hal_gpio.o
                0x08002304                HAL_GPIO_Init
 .text.HAL_GPIO_DeInit
                0x0800263c      0x1f8 ./Drivers/STM32F4xx_HAL_Driver/Src/stm32f4xx_hal_gpio.o
                0x0800263c                HAL_GPIO_DeInit
 .text.HAL_GPIO_WritePin
                0x08002834       0x32 ./Drivers/STM32F4xx_HAL_Driver/Src/stm32f4xx_hal_gpio.o
                0x08002834                HAL_GPIO_WritePin
 *fill*         0x08002866        0x2 
 .text.HAL_I2C_Init
                0x08002868      0x288 ./Drivers/STM32F4xx_HAL_Driver/Src/stm32f4xx_hal_i2c.o
                0x08002868                HAL_I2C_Init
 .text.HAL_PCD_Init
                0x08002af0      0x21e ./Drivers/STM32F4xx_HAL_Driver/Src/stm32f4xx_hal_pcd.o
                0x08002af0                HAL_PCD_Init
 .text.HAL_PCD_Start
                0x08002d0e       0x6a ./Drivers/STM32F4xx_HAL_Driver/Src/stm32f4xx_hal_pcd.o
                0x08002d0e                HAL_PCD_Start
 .text.HAL_PCD_IRQHandler
                0x08002d78      0x942 ./Drivers/STM32F4xx_HAL_Driver/Src/stm32f4xx_hal_pcd.o
                0x08002d78                HAL_PCD_IRQHandler
 .text.HAL_PCD_SetAddress
                0x080036ba       0x48 ./Drivers/STM32F4xx_HAL_Driver/Src/stm32f4xx_hal_pcd.o
                0x080036ba                HAL_PCD_SetAddress
 .text.HAL_PCD_EP_Open
                0x08003702       0xd4 ./Drivers/STM32F4xx_HAL_Driver/Src/stm32f4xx_hal_pcd.o
                0x08003702                HAL_PCD_EP_Open
 .text.HAL_PCD_EP_Close
                0x080037d6       0x94 ./Drivers/STM32F4xx_HAL_Driver/Src/stm32f4xx_hal_pcd.o
                0x080037d6                HAL_PCD_EP_Close
 .text.HAL_PCD_EP_Receive
                0x0800386a       0x76 ./Drivers/STM32F4xx_HAL_Driver/Src/stm32f4xx_hal_pcd.o
                0x0800386a                HAL_PCD_EP_Receive
 .text.HAL_PCD_EP_GetRxCount
                0x080038e0       0x30 ./Drivers/STM32F4xx_HAL_Driver/Src/stm32f4xx_hal_pcd.o
                0x080038e0                HAL_PCD_EP_GetRxCount
 .text.HAL_PCD_EP_Transmit
                0x08003910       0x74 ./Drivers/STM32F4xx_HAL_Driver/Src/stm32f4xx_hal_pcd.o
                0x08003910                HAL_PCD_EP_Transmit
 .text.HAL_PCD_EP_SetStall
                0x08003984       0xc6 ./Drivers/STM32F4xx_HAL_Driver/Src/stm32f4xx_hal_pcd.o
                0x08003984                HAL_PCD_EP_SetStall
 .text.HAL_PCD_EP_ClrStall
                0x08003a4a       0xac ./Drivers/STM32F4xx_HAL_Driver/Src/stm32f4xx_hal_pcd.o
                0x08003a4a                HAL_PCD_EP_ClrStall
 .text.HAL_PCD_EP_Abort
                0x08003af6       0x62 ./Drivers/STM32F4xx_HAL_Driver/Src/stm32f4xx_hal_pcd.o
                0x08003af6                HAL_PCD_EP_Abort
 .text.PCD_WriteEmptyTxFifo
                0x08003b58      0x118 ./Drivers/STM32F4xx_HAL_Driver/Src/stm32f4xx_hal_pcd.o
 .text.PCD_EP_OutXfrComplete_int
                0x08003c70      0x1d0 ./Drivers/STM32F4xx_HAL_Driver/Src/stm32f4xx_hal_pcd.o
 .text.PCD_EP_OutSetupPacket_int
                0x08003e40       0x8c ./Drivers/STM32F4xx_HAL_Driver/Src/stm32f4xx_hal_pcd.o
 .text.HAL_PCDEx_SetTxFiFo
                0x08003ecc       0x8e ./Drivers/STM32F4xx_HAL_Driver/Src/stm32f4xx_hal_pcd_ex.o
                0x08003ecc                HAL_PCDEx_SetTxFiFo
 .text.HAL_PCDEx_SetRxFiFo
                0x08003f5a       0x22 ./Drivers/STM32F4xx_HAL_Driver/Src/stm32f4xx_hal_pcd_ex.o
                0x08003f5a                HAL_PCDEx_SetRxFiFo
 .text.HAL_PCDEx_LPM_Callback
                0x08003f7c       0x18 ./Drivers/STM32F4xx_HAL_Driver/Src/stm32f4xx_hal_pcd_ex.o
                0x08003f7c                HAL_PCDEx_LPM_Callback
 .text.HAL_RCC_OscConfig
                0x08003f94      0x4f0 ./Drivers/STM32F4xx_HAL_Driver/Src/stm32f4xx_hal_rcc.o
                0x08003f94                HAL_RCC_OscConfig
 .text.HAL_RCC_ClockConfig
                0x08004484      0x1cc ./Drivers/STM32F4xx_HAL_Driver/Src/stm32f4xx_hal_rcc.o
                0x08004484                HAL_RCC_ClockConfig
 .text.HAL_RCC_GetSysClockFreq
                0x08004650      0x20c ./Drivers/STM32F4xx_HAL_Driver/Src/stm32f4xx_hal_rcc.o
                0x08004650                HAL_RCC_GetSysClockFreq
 .text.HAL_RCC_GetHCLKFreq
                0x0800485c       0x18 ./Drivers/STM32F4xx_HAL_Driver/Src/stm32f4xx_hal_rcc.o
                0x0800485c                HAL_RCC_GetHCLKFreq
 .text.HAL_RCC_GetPCLK1Freq
                0x08004874       0x28 ./Drivers/STM32F4xx_HAL_Driver/Src/stm32f4xx_hal_rcc.o
                0x08004874                HAL_RCC_GetPCLK1Freq
 .text.HAL_RCC_GetPCLK2Freq
                0x0800489c       0x28 ./Drivers/STM32F4xx_HAL_Driver/Src/stm32f4xx_hal_rcc.o
                0x0800489c                HAL_RCC_GetPCLK2Freq
 .text.HAL_TIM_Base_Init
                0x080048c4       0x9e ./Drivers/STM32F4xx_HAL_Driver/Src/stm32f4xx_hal_tim.o
                0x080048c4                HAL_TIM_Base_Init
 *fill*         0x08004962        0x2 
 .text.HAL_TIM_Base_Start_IT
                0x08004964       0xe0 ./Drivers/STM32F4xx_HAL_Driver/Src/stm32f4xx_hal_tim.o
                0x08004964                HAL_TIM_Base_Start_IT
 .text.HAL_TIM_IRQHandler
                0x08004a44      0x1e0 ./Drivers/STM32F4xx_HAL_Driver/Src/stm32f4xx_hal_tim.o
                0x08004a44                HAL_TIM_IRQHandler
 .text.HAL_TIM_ConfigClockSource
                0x08004c24      0x18e ./Drivers/STM32F4xx_HAL_Driver/Src/stm32f4xx_hal_tim.o
                0x08004c24                HAL_TIM_ConfigClockSource
 .text.HAL_TIM_OC_DelayElapsedCallback
                0x08004db2       0x14 ./Drivers/STM32F4xx_HAL_Driver/Src/stm32f4xx_hal_tim.o
                0x08004db2                HAL_TIM_OC_DelayElapsedCallback
 .text.HAL_TIM_IC_CaptureCallback
                0x08004dc6       0x14 ./Drivers/STM32F4xx_HAL_Driver/Src/stm32f4xx_hal_tim.o
                0x08004dc6                HAL_TIM_IC_CaptureCallback
 .text.HAL_TIM_PWM_PulseFinishedCallback
                0x08004dda       0x14 ./Drivers/STM32F4xx_HAL_Driver/Src/stm32f4xx_hal_tim.o
                0x08004dda                HAL_TIM_PWM_PulseFinishedCallback
 .text.HAL_TIM_TriggerCallback
                0x08004dee       0x14 ./Drivers/STM32F4xx_HAL_Driver/Src/stm32f4xx_hal_tim.o
                0x08004dee                HAL_TIM_TriggerCallback
 *fill*         0x08004e02        0x2 
 .text.TIM_Base_SetConfig
                0x08004e04      0x14c ./Drivers/STM32F4xx_HAL_Driver/Src/stm32f4xx_hal_tim.o
                0x08004e04                TIM_Base_SetConfig
 .text.TIM_TI1_ConfigInputStage
                0x08004f50       0x5e ./Drivers/STM32F4xx_HAL_Driver/Src/stm32f4xx_hal_tim.o
 .text.TIM_TI2_ConfigInputStage
                0x08004fae       0x60 ./Drivers/STM32F4xx_HAL_Driver/Src/stm32f4xx_hal_tim.o
 .text.TIM_ITRx_SetConfig
                0x0800500e       0x36 ./Drivers/STM32F4xx_HAL_Driver/Src/stm32f4xx_hal_tim.o
 .text.TIM_ETR_SetConfig
                0x08005044       0x40 ./Drivers/STM32F4xx_HAL_Driver/Src/stm32f4xx_hal_tim.o
                0x08005044                TIM_ETR_SetConfig
 .text.HAL_TIMEx_MasterConfigSynchronization
                0x08005084       0xf8 ./Drivers/STM32F4xx_HAL_Driver/Src/stm32f4xx_hal_tim_ex.o
                0x08005084                HAL_TIMEx_MasterConfigSynchronization
 .text.HAL_TIMEx_CommutCallback
                0x0800517c       0x14 ./Drivers/STM32F4xx_HAL_Driver/Src/stm32f4xx_hal_tim_ex.o
                0x0800517c                HAL_TIMEx_CommutCallback
 .text.HAL_TIMEx_BreakCallback
                0x08005190       0x14 ./Drivers/STM32F4xx_HAL_Driver/Src/stm32f4xx_hal_tim_ex.o
                0x08005190                HAL_TIMEx_BreakCallback
 .text.HAL_UART_Init
                0x080051a4       0xa0 ./Drivers/STM32F4xx_HAL_Driver/Src/stm32f4xx_hal_uart.o
                0x080051a4                HAL_UART_Init
 .text.HAL_UART_DeInit
                0x08005244       0x64 ./Drivers/STM32F4xx_HAL_Driver/Src/stm32f4xx_hal_uart.o
                0x08005244                HAL_UART_DeInit
 .text.HAL_UART_Transmit
                0x080052a8      0x116 ./Drivers/STM32F4xx_HAL_Driver/Src/stm32f4xx_hal_uart.o
                0x080052a8                HAL_UART_Transmit
 .text.HAL_UART_Receive_IT
                0x080053be       0x4a ./Drivers/STM32F4xx_HAL_Driver/Src/stm32f4xx_hal_uart.o
                0x080053be                HAL_UART_Receive_IT
 .text.HAL_UART_IRQHandler
                0x08005408      0x554 ./Drivers/STM32F4xx_HAL_Driver/Src/stm32f4xx_hal_uart.o
                0x08005408                HAL_UART_IRQHandler
 .text.HAL_UART_ErrorCallback
                0x0800595c       0x14 ./Drivers/STM32F4xx_HAL_Driver/Src/stm32f4xx_hal_uart.o
                0x0800595c                HAL_UART_ErrorCallback
 .text.HAL_UARTEx_RxEventCallback
                0x08005970       0x18 ./Drivers/STM32F4xx_HAL_Driver/Src/stm32f4xx_hal_uart.o
                0x08005970                HAL_UARTEx_RxEventCallback
 .text.UART_WaitOnFlagUntilTimeout
                0x08005988       0xb2 ./Drivers/STM32F4xx_HAL_Driver/Src/stm32f4xx_hal_uart.o
 .text.UART_Start_Receive_IT
                0x08005a3a       0x74 ./Drivers/STM32F4xx_HAL_Driver/Src/stm32f4xx_hal_uart.o
                0x08005a3a                UART_Start_Receive_IT
 .text.UART_EndRxTransfer
                0x08005aae       0xc6 ./Drivers/STM32F4xx_HAL_Driver/Src/stm32f4xx_hal_uart.o
 .text.UART_DMAAbortOnError
                0x08005b74       0x22 ./Drivers/STM32F4xx_HAL_Driver/Src/stm32f4xx_hal_uart.o
 .text.UART_Transmit_IT
                0x08005b96       0xa0 ./Drivers/STM32F4xx_HAL_Driver/Src/stm32f4xx_hal_uart.o
 .text.UART_EndTransmit_IT
                0x08005c36       0x30 ./Drivers/STM32F4xx_HAL_Driver/Src/stm32f4xx_hal_uart.o
 .text.UART_Receive_IT
                0x08005c66      0x17c ./Drivers/STM32F4xx_HAL_Driver/Src/stm32f4xx_hal_uart.o
 *fill*         0x08005de2        0x2 
 .text.UART_SetConfig
                0x08005de4      0x4e8 ./Drivers/STM32F4xx_HAL_Driver/Src/stm32f4xx_hal_uart.o
 .text.USB_CoreInit
                0x080062cc       0xc8 ./Drivers/STM32F4xx_HAL_Driver/Src/stm32f4xx_ll_usb.o
                0x080062cc                USB_CoreInit
 .text.USB_SetTurnaroundTime
                0x08006394      0x144 ./Drivers/STM32F4xx_HAL_Driver/Src/stm32f4xx_ll_usb.o
                0x08006394                USB_SetTurnaroundTime
 .text.USB_EnableGlobalInt
                0x080064d8       0x22 ./Drivers/STM32F4xx_HAL_Driver/Src/stm32f4xx_ll_usb.o
                0x080064d8                USB_EnableGlobalInt
 .text.USB_DisableGlobalInt
                0x080064fa       0x22 ./Drivers/STM32F4xx_HAL_Driver/Src/stm32f4xx_ll_usb.o
                0x080064fa                USB_DisableGlobalInt
 .text.USB_SetCurrentMode
                0x0800651c       0x98 ./Drivers/STM32F4xx_HAL_Driver/Src/stm32f4xx_ll_usb.o
                0x0800651c                USB_SetCurrentMode
 .text.USB_DevInit
                0x080065b4      0x2c8 ./Drivers/STM32F4xx_HAL_Driver/Src/stm32f4xx_ll_usb.o
                0x080065b4                USB_DevInit
 .text.USB_FlushTxFifo
                0x0800687c       0x64 ./Drivers/STM32F4xx_HAL_Driver/Src/stm32f4xx_ll_usb.o
                0x0800687c                USB_FlushTxFifo
 .text.USB_FlushRxFifo
                0x080068e0       0x5c ./Drivers/STM32F4xx_HAL_Driver/Src/stm32f4xx_ll_usb.o
                0x080068e0                USB_FlushRxFifo
 .text.USB_SetDevSpeed
                0x0800693c       0x32 ./Drivers/STM32F4xx_HAL_Driver/Src/stm32f4xx_ll_usb.o
                0x0800693c                USB_SetDevSpeed
 .text.USB_GetDevSpeed
                0x0800696e       0x4a ./Drivers/STM32F4xx_HAL_Driver/Src/stm32f4xx_ll_usb.o
                0x0800696e                USB_GetDevSpeed
 .text.USB_ActivateEndpoint
                0x080069b8      0x10e ./Drivers/STM32F4xx_HAL_Driver/Src/stm32f4xx_ll_usb.o
                0x080069b8                USB_ActivateEndpoint
 *fill*         0x08006ac6        0x2 
 .text.USB_DeactivateEndpoint
                0x08006ac8      0x1b8 ./Drivers/STM32F4xx_HAL_Driver/Src/stm32f4xx_ll_usb.o
                0x08006ac8                USB_DeactivateEndpoint
 .text.USB_EPStartXfer
                0x08006c80      0x53c ./Drivers/STM32F4xx_HAL_Driver/Src/stm32f4xx_ll_usb.o
                0x08006c80                USB_EPStartXfer
 .text.USB_EPStopXfer
                0x080071bc      0x154 ./Drivers/STM32F4xx_HAL_Driver/Src/stm32f4xx_ll_usb.o
                0x080071bc                USB_EPStopXfer
 .text.USB_WritePacket
                0x08007310       0x7c ./Drivers/STM32F4xx_HAL_Driver/Src/stm32f4xx_ll_usb.o
                0x08007310                USB_WritePacket
 .text.USB_ReadPacket
                0x0800738c       0xb0 ./Drivers/STM32F4xx_HAL_Driver/Src/stm32f4xx_ll_usb.o
                0x0800738c                USB_ReadPacket
 .text.USB_EPSetStall
                0x0800743c       0xdc ./Drivers/STM32F4xx_HAL_Driver/Src/stm32f4xx_ll_usb.o
                0x0800743c                USB_EPSetStall
 .text.USB_EPClearStall
                0x08007518       0xcc ./Drivers/STM32F4xx_HAL_Driver/Src/stm32f4xx_ll_usb.o
                0x08007518                USB_EPClearStall
 .text.USB_SetDevAddress
                0x080075e4       0x4c ./Drivers/STM32F4xx_HAL_Driver/Src/stm32f4xx_ll_usb.o
                0x080075e4                USB_SetDevAddress
 .text.USB_DevConnect
                0x08007630       0x42 ./Drivers/STM32F4xx_HAL_Driver/Src/stm32f4xx_ll_usb.o
                0x08007630                USB_DevConnect
 .text.USB_DevDisconnect
                0x08007672       0x42 ./Drivers/STM32F4xx_HAL_Driver/Src/stm32f4xx_ll_usb.o
                0x08007672                USB_DevDisconnect
 .text.USB_ReadInterrupts
                0x080076b4       0x26 ./Drivers/STM32F4xx_HAL_Driver/Src/stm32f4xx_ll_usb.o
                0x080076b4                USB_ReadInterrupts
 .text.USB_ReadDevAllOutEpInterrupt
                0x080076da       0x34 ./Drivers/STM32F4xx_HAL_Driver/Src/stm32f4xx_ll_usb.o
                0x080076da                USB_ReadDevAllOutEpInterrupt
 .text.USB_ReadDevAllInEpInterrupt
                0x0800770e       0x34 ./Drivers/STM32F4xx_HAL_Driver/Src/stm32f4xx_ll_usb.o
                0x0800770e                USB_ReadDevAllInEpInterrupt
 .text.USB_ReadDevOutEPInterrupt
                0x08007742       0x3c ./Drivers/STM32F4xx_HAL_Driver/Src/stm32f4xx_ll_usb.o
                0x08007742                USB_ReadDevOutEPInterrupt
 .text.USB_ReadDevInEPInterrupt
                0x0800777e       0x5c ./Drivers/STM32F4xx_HAL_Driver/Src/stm32f4xx_ll_usb.o
                0x0800777e                USB_ReadDevInEPInterrupt
 .text.USB_GetMode
                0x080077da       0x1c ./Drivers/STM32F4xx_HAL_Driver/Src/stm32f4xx_ll_usb.o
                0x080077da                USB_GetMode
 .text.USB_ActivateSetup
                0x080077f6       0x46 ./Drivers/STM32F4xx_HAL_Driver/Src/stm32f4xx_ll_usb.o
                0x080077f6                USB_ActivateSetup
 .text.USB_EP0_OutStart
                0x0800783c       0xbc ./Drivers/STM32F4xx_HAL_Driver/Src/stm32f4xx_ll_usb.o
                0x0800783c                USB_EP0_OutStart
 .text.USB_CoreReset
                0x080078f8       0x70 ./Drivers/STM32F4xx_HAL_Driver/Src/stm32f4xx_ll_usb.o
 .text.MX_USB_DEVICE_Init
                0x08007968       0x7c ./Middlewares/Third_Party/AL94_USB_Composite/COMPOSITE/App/usb_device.o
                0x08007968                MX_USB_DEVICE_Init
 .text.CDC_CH_To_UART_Handle
                0x080079e4       0x2c ./Middlewares/Third_Party/AL94_USB_Composite/COMPOSITE/App/usbd_cdc_acm_if.o
                0x080079e4                CDC_CH_To_UART_Handle
 .text.UART_Handle_TO_CDC_CH
                0x08007a10       0x2c ./Middlewares/Third_Party/AL94_USB_Composite/COMPOSITE/App/usbd_cdc_acm_if.o
                0x08007a10                UART_Handle_TO_CDC_CH
 .text.Change_UART_Setting
                0x08007a3c      0x1a8 ./Middlewares/Third_Party/AL94_USB_Composite/COMPOSITE/App/usbd_cdc_acm_if.o
                0x08007a3c                Change_UART_Setting
 .text.CDC_Init
                0x08007be4       0x54 ./Middlewares/Third_Party/AL94_USB_Composite/COMPOSITE/App/usbd_cdc_acm_if.o
 .text.CDC_DeInit
                0x08007c38       0x2e ./Middlewares/Third_Party/AL94_USB_Composite/COMPOSITE/App/usbd_cdc_acm_if.o
 *fill*         0x08007c66        0x2 
 .text.CDC_Control
                0x08007c68      0x1a4 ./Middlewares/Third_Party/AL94_USB_Composite/COMPOSITE/App/usbd_cdc_acm_if.o
 .text.CDC_Receive
                0x08007e0c       0x90 ./Middlewares/Third_Party/AL94_USB_Composite/COMPOSITE/App/usbd_cdc_acm_if.o
 .text.CDC_TransmitCplt
                0x08007e9c       0x22 ./Middlewares/Third_Party/AL94_USB_Composite/COMPOSITE/App/usbd_cdc_acm_if.o
 *fill*         0x08007ebe        0x2 
 .text.HAL_UART_TxCpltCallback
                0x08007ec0       0x68 ./Middlewares/Third_Party/AL94_USB_Composite/COMPOSITE/App/usbd_cdc_acm_if.o
                0x08007ec0                HAL_UART_TxCpltCallback
 .text.HAL_TIM_PeriodElapsedCallback
                0x08007f28      0x1bc ./Middlewares/Third_Party/AL94_USB_Composite/COMPOSITE/App/usbd_cdc_acm_if.o
                0x08007f28                HAL_TIM_PeriodElapsedCallback
 .text.HAL_UART_RxCpltCallback
                0x080080e4       0x64 ./Middlewares/Third_Party/AL94_USB_Composite/COMPOSITE/App/usbd_cdc_acm_if.o
                0x080080e4                HAL_UART_RxCpltCallback
 .text.USBD_DeviceDescriptor
                0x08008148       0x24 ./Middlewares/Third_Party/AL94_USB_Composite/COMPOSITE/App/usbd_desc.o
                0x08008148                USBD_DeviceDescriptor
 .text.USBD_LangIDStrDescriptor
                0x0800816c       0x24 ./Middlewares/Third_Party/AL94_USB_Composite/COMPOSITE/App/usbd_desc.o
                0x0800816c                USBD_LangIDStrDescriptor
 .text.USBD_ProductStrDescriptor
                0x08008190       0x3c ./Middlewares/Third_Party/AL94_USB_Composite/COMPOSITE/App/usbd_desc.o
                0x08008190                USBD_ProductStrDescriptor
 .text.USBD_ManufacturerStrDescriptor
                0x080081cc       0x28 ./Middlewares/Third_Party/AL94_USB_Composite/COMPOSITE/App/usbd_desc.o
                0x080081cc                USBD_ManufacturerStrDescriptor
 .text.USBD_SerialStrDescriptor
                0x080081f4       0x24 ./Middlewares/Third_Party/AL94_USB_Composite/COMPOSITE/App/usbd_desc.o
                0x080081f4                USBD_SerialStrDescriptor
 .text.USBD_ConfigStrDescriptor
                0x08008218       0x3c ./Middlewares/Third_Party/AL94_USB_Composite/COMPOSITE/App/usbd_desc.o
                0x08008218                USBD_ConfigStrDescriptor
 .text.USBD_InterfaceStrDescriptor
                0x08008254       0x3c ./Middlewares/Third_Party/AL94_USB_Composite/COMPOSITE/App/usbd_desc.o
                0x08008254                USBD_InterfaceStrDescriptor
 .text.Get_SerialNum
                0x08008290       0x58 ./Middlewares/Third_Party/AL94_USB_Composite/COMPOSITE/App/usbd_desc.o
 .text.IntToUnicode
                0x080082e8       0x7e ./Middlewares/Third_Party/AL94_USB_Composite/COMPOSITE/App/usbd_desc.o
 .text.CUSTOM_HID_Init
                0x08008366       0x10 ./Middlewares/Third_Party/AL94_USB_Composite/COMPOSITE/App/usbd_hid_custom_if.o
 .text.CUSTOM_HID_DeInit
                0x08008376       0x10 ./Middlewares/Third_Party/AL94_USB_Composite/COMPOSITE/App/usbd_hid_custom_if.o
 .text.CUSTOM_HID_OutEvent
                0x08008386       0x1e ./Middlewares/Third_Party/AL94_USB_Composite/COMPOSITE/App/usbd_hid_custom_if.o
 .text.USBD_CDC_Init
                0x080083a4      0x1c8 ./Middlewares/Third_Party/AL94_USB_Composite/COMPOSITE/Class/CDC_ACM/Src/usbd_cdc_acm.o
 .text.USBD_CDC_DeInit
                0x0800856c       0xe0 ./Middlewares/Third_Party/AL94_USB_Composite/COMPOSITE/Class/CDC_ACM/Src/usbd_cdc_acm.o
 .text.USBD_CDC_Setup
                0x0800864c      0x1f0 ./Middlewares/Third_Party/AL94_USB_Composite/COMPOSITE/Class/CDC_ACM/Src/usbd_cdc_acm.o
 .text.USBD_CDC_DataIn
                0x0800883c      0x100 ./Middlewares/Third_Party/AL94_USB_Composite/COMPOSITE/Class/CDC_ACM/Src/usbd_cdc_acm.o
 .text.USBD_CDC_DataOut
                0x0800893c       0x84 ./Middlewares/Third_Party/AL94_USB_Composite/COMPOSITE/Class/CDC_ACM/Src/usbd_cdc_acm.o
 .text.USBD_CDC_EP0_RxReady
                0x080089c0       0x84 ./Middlewares/Third_Party/AL94_USB_Composite/COMPOSITE/Class/CDC_ACM/Src/usbd_cdc_acm.o
 .text.USBD_CDC_GetFSCfgDesc
                0x08008a44       0x20 ./Middlewares/Third_Party/AL94_USB_Composite/COMPOSITE/Class/CDC_ACM/Src/usbd_cdc_acm.o
 .text.USBD_CDC_GetHSCfgDesc
                0x08008a64       0x20 ./Middlewares/Third_Party/AL94_USB_Composite/COMPOSITE/Class/CDC_ACM/Src/usbd_cdc_acm.o
 .text.USBD_CDC_GetOtherSpeedCfgDesc
                0x08008a84       0x20 ./Middlewares/Third_Party/AL94_USB_Composite/COMPOSITE/Class/CDC_ACM/Src/usbd_cdc_acm.o
 .text.USBD_CDC_GetDeviceQualifierDescriptor
                0x08008aa4       0x20 ./Middlewares/Third_Party/AL94_USB_Composite/COMPOSITE/Class/CDC_ACM/Src/usbd_cdc_acm.o
 .text.USBD_CDC_ACM_RegisterInterface
                0x08008ac4       0x2a ./Middlewares/Third_Party/AL94_USB_Composite/COMPOSITE/Class/CDC_ACM/Src/usbd_cdc_acm.o
                0x08008ac4                USBD_CDC_ACM_RegisterInterface
 *fill*         0x08008aee        0x2 
 .text.USBD_CDC_SetTxBuffer
                0x08008af0       0x48 ./Middlewares/Third_Party/AL94_USB_Composite/COMPOSITE/Class/CDC_ACM/Src/usbd_cdc_acm.o
                0x08008af0                USBD_CDC_SetTxBuffer
 .text.USBD_CDC_SetRxBuffer
                0x08008b38       0x3c ./Middlewares/Third_Party/AL94_USB_Composite/COMPOSITE/Class/CDC_ACM/Src/usbd_cdc_acm.o
                0x08008b38                USBD_CDC_SetRxBuffer
 .text.USBD_CDC_TransmitPacket
                0x08008b74       0x84 ./Middlewares/Third_Party/AL94_USB_Composite/COMPOSITE/Class/CDC_ACM/Src/usbd_cdc_acm.o
                0x08008b74                USBD_CDC_TransmitPacket
 .text.USBD_CDC_ReceivePacket
                0x08008bf8       0x68 ./Middlewares/Third_Party/AL94_USB_Composite/COMPOSITE/Class/CDC_ACM/Src/usbd_cdc_acm.o
                0x08008bf8                USBD_CDC_ReceivePacket
 .text.USBD_Update_CDC_ACM_DESC
                0x08008c60      0x10c ./Middlewares/Third_Party/AL94_USB_Composite/COMPOSITE/Class/CDC_ACM/Src/usbd_cdc_acm.o
                0x08008c60                USBD_Update_CDC_ACM_DESC
 .text.USBD_COMPOSITE_Init
                0x08008d6c       0x38 ./Middlewares/Third_Party/AL94_USB_Composite/COMPOSITE/Class/COMPOSITE/Src/usbd_composite.o
 .text.USBD_COMPOSITE_DeInit
                0x08008da4       0x38 ./Middlewares/Third_Party/AL94_USB_Composite/COMPOSITE/Class/COMPOSITE/Src/usbd_composite.o
 .text.USBD_COMPOSITE_Setup
                0x08008ddc       0x84 ./Middlewares/Third_Party/AL94_USB_Composite/COMPOSITE/Class/COMPOSITE/Src/usbd_composite.o
 .text.USBD_COMPOSITE_DataIn
                0x08008e60       0x8c ./Middlewares/Third_Party/AL94_USB_Composite/COMPOSITE/Class/COMPOSITE/Src/usbd_composite.o
 .text.USBD_COMPOSITE_EP0_RxReady
                0x08008eec       0x2c ./Middlewares/Third_Party/AL94_USB_Composite/COMPOSITE/Class/COMPOSITE/Src/usbd_composite.o
 .text.USBD_COMPOSITE_EP0_TxReady
                0x08008f18       0x16 ./Middlewares/Third_Party/AL94_USB_Composite/COMPOSITE/Class/COMPOSITE/Src/usbd_composite.o
 .text.USBD_COMPOSITE_SOF
                0x08008f2e       0x16 ./Middlewares/Third_Party/AL94_USB_Composite/COMPOSITE/Class/COMPOSITE/Src/usbd_composite.o
 .text.USBD_COMPOSITE_IsoINIncomplete
                0x08008f44       0x1a ./Middlewares/Third_Party/AL94_USB_Composite/COMPOSITE/Class/COMPOSITE/Src/usbd_composite.o
 .text.USBD_COMPOSITE_IsoOutIncomplete
                0x08008f5e       0x1a ./Middlewares/Third_Party/AL94_USB_Composite/COMPOSITE/Class/COMPOSITE/Src/usbd_composite.o
 .text.USBD_COMPOSITE_DataOut
                0x08008f78       0x70 ./Middlewares/Third_Party/AL94_USB_Composite/COMPOSITE/Class/COMPOSITE/Src/usbd_composite.o
 .text.USBD_COMPOSITE_GetHSCfgDesc
                0x08008fe8       0x20 ./Middlewares/Third_Party/AL94_USB_Composite/COMPOSITE/Class/COMPOSITE/Src/usbd_composite.o
 .text.USBD_COMPOSITE_GetFSCfgDesc
                0x08009008       0x20 ./Middlewares/Third_Party/AL94_USB_Composite/COMPOSITE/Class/COMPOSITE/Src/usbd_composite.o
 .text.USBD_COMPOSITE_GetOtherSpeedCfgDesc
                0x08009028       0x20 ./Middlewares/Third_Party/AL94_USB_Composite/COMPOSITE/Class/COMPOSITE/Src/usbd_composite.o
 .text.USBD_COMPOSITE_GetDeviceQualifierDesc
                0x08009048       0x20 ./Middlewares/Third_Party/AL94_USB_Composite/COMPOSITE/Class/COMPOSITE/Src/usbd_composite.o
 .text.USBD_COMPOSITE_GetUsrStringDesc
                0x08009068       0xa8 ./Middlewares/Third_Party/AL94_USB_Composite/COMPOSITE/Class/COMPOSITE/Src/usbd_composite.o
 .text.USBD_COMPOSITE_Mount_Class
                0x08009110      0x210 ./Middlewares/Third_Party/AL94_USB_Composite/COMPOSITE/Class/COMPOSITE/Src/usbd_composite.o
                0x08009110                USBD_COMPOSITE_Mount_Class
 .text.USBD_CUSTOM_HID_Init
                0x08009320      0x128 ./Middlewares/Third_Party/AL94_USB_Composite/COMPOSITE/Class/HID_CUSTOM/Src/usbd_hid_custom.o
 .text.USBD_CUSTOM_HID_DeInit
                0x08009448       0xc0 ./Middlewares/Third_Party/AL94_USB_Composite/COMPOSITE/Class/HID_CUSTOM/Src/usbd_hid_custom.o
 .text.USBD_CUSTOM_HID_Setup
                0x08009508      0x214 ./Middlewares/Third_Party/AL94_USB_Composite/COMPOSITE/Class/HID_CUSTOM/Src/usbd_hid_custom.o
 .text.USBD_CUSTOM_HID_SendReport
                0x0800971c       0x64 ./Middlewares/Third_Party/AL94_USB_Composite/COMPOSITE/Class/HID_CUSTOM/Src/usbd_hid_custom.o
                0x0800971c                USBD_CUSTOM_HID_SendReport
 .text.USBD_CUSTOM_HID_GetFSCfgDesc
                0x08009780       0x20 ./Middlewares/Third_Party/AL94_USB_Composite/COMPOSITE/Class/HID_CUSTOM/Src/usbd_hid_custom.o
 .text.USBD_CUSTOM_HID_GetHSCfgDesc
                0x080097a0       0x20 ./Middlewares/Third_Party/AL94_USB_Composite/COMPOSITE/Class/HID_CUSTOM/Src/usbd_hid_custom.o
 .text.USBD_CUSTOM_HID_GetOtherSpeedCfgDesc
                0x080097c0       0x20 ./Middlewares/Third_Party/AL94_USB_Composite/COMPOSITE/Class/HID_CUSTOM/Src/usbd_hid_custom.o
 .text.USBD_CUSTOM_HID_DataIn
                0x080097e0       0x30 ./Middlewares/Third_Party/AL94_USB_Composite/COMPOSITE/Class/HID_CUSTOM/Src/usbd_hid_custom.o
 .text.USBD_CUSTOM_HID_DataOut
                0x08009810       0x40 ./Middlewares/Third_Party/AL94_USB_Composite/COMPOSITE/Class/HID_CUSTOM/Src/usbd_hid_custom.o
 .text.USBD_CUSTOM_HID_EP0_RxReady
                0x08009850       0x46 ./Middlewares/Third_Party/AL94_USB_Composite/COMPOSITE/Class/HID_CUSTOM/Src/usbd_hid_custom.o
 *fill*         0x08009896        0x2 
 .text.USBD_CUSTOM_HID_GetDeviceQualifierDesc
                0x08009898       0x20 ./Middlewares/Third_Party/AL94_USB_Composite/COMPOSITE/Class/HID_CUSTOM/Src/usbd_hid_custom.o
 .text.USBD_CUSTOM_HID_RegisterInterface
                0x080098b8       0x2a ./Middlewares/Third_Party/AL94_USB_Composite/COMPOSITE/Class/HID_CUSTOM/Src/usbd_hid_custom.o
                0x080098b8                USBD_CUSTOM_HID_RegisterInterface
 *fill*         0x080098e2        0x2 
 .text.USBD_Update_HID_Custom_DESC
                0x080098e4       0x70 ./Middlewares/Third_Party/AL94_USB_Composite/COMPOSITE/Class/HID_CUSTOM/Src/usbd_hid_custom.o
                0x080098e4                USBD_Update_HID_Custom_DESC
 .text.USBD_Init
                0x08009954       0x58 ./Middlewares/Third_Party/AL94_USB_Composite/COMPOSITE/Core/Src/usbd_core.o
                0x08009954                USBD_Init
 .text.USBD_RegisterClass
                0x080099ac       0x7c ./Middlewares/Third_Party/AL94_USB_Composite/COMPOSITE/Core/Src/usbd_core.o
                0x080099ac                USBD_RegisterClass
 .text.USBD_Start
                0x08009a28       0x18 ./Middlewares/Third_Party/AL94_USB_Composite/COMPOSITE/Core/Src/usbd_core.o
                0x08009a28                USBD_Start
 .text.USBD_RunTestMode
                0x08009a40       0x16 ./Middlewares/Third_Party/AL94_USB_Composite/COMPOSITE/Core/Src/usbd_core.o
                0x08009a40                USBD_RunTestMode
 .text.USBD_SetClassConfig
                0x08009a56       0x38 ./Middlewares/Third_Party/AL94_USB_Composite/COMPOSITE/Core/Src/usbd_core.o
                0x08009a56                USBD_SetClassConfig
 .text.USBD_ClrClassConfig
                0x08009a8e       0x30 ./Middlewares/Third_Party/AL94_USB_Composite/COMPOSITE/Core/Src/usbd_core.o
                0x08009a8e                USBD_ClrClassConfig
 .text.USBD_LL_SetupStage
                0x08009abe       0xaa ./Middlewares/Third_Party/AL94_USB_Composite/COMPOSITE/Core/Src/usbd_core.o
                0x08009abe                USBD_LL_SetupStage
 .text.USBD_LL_DataOutStage
                0x08009b68       0xc6 ./Middlewares/Third_Party/AL94_USB_Composite/COMPOSITE/Core/Src/usbd_core.o
                0x08009b68                USBD_LL_DataOutStage
 .text.USBD_LL_DataInStage
                0x08009c2e      0x12c ./Middlewares/Third_Party/AL94_USB_Composite/COMPOSITE/Core/Src/usbd_core.o
                0x08009c2e                USBD_LL_DataInStage
 .text.USBD_LL_Reset
                0x08009d5a       0x92 ./Middlewares/Third_Party/AL94_USB_Composite/COMPOSITE/Core/Src/usbd_core.o
                0x08009d5a                USBD_LL_Reset
 .text.USBD_LL_SetSpeed
                0x08009dec       0x20 ./Middlewares/Third_Party/AL94_USB_Composite/COMPOSITE/Core/Src/usbd_core.o
                0x08009dec                USBD_LL_SetSpeed
 .text.USBD_LL_Suspend
                0x08009e0c       0x2c ./Middlewares/Third_Party/AL94_USB_Composite/COMPOSITE/Core/Src/usbd_core.o
                0x08009e0c                USBD_LL_Suspend
 .text.USBD_LL_Resume
                0x08009e38       0x30 ./Middlewares/Third_Party/AL94_USB_Composite/COMPOSITE/Core/Src/usbd_core.o
                0x08009e38                USBD_LL_Resume
 .text.USBD_LL_SOF
                0x08009e68       0x44 ./Middlewares/Third_Party/AL94_USB_Composite/COMPOSITE/Core/Src/usbd_core.o
                0x08009e68                USBD_LL_SOF
 .text.USBD_LL_IsoINIncomplete
                0x08009eac       0x4c ./Middlewares/Third_Party/AL94_USB_Composite/COMPOSITE/Core/Src/usbd_core.o
                0x08009eac                USBD_LL_IsoINIncomplete
 .text.USBD_LL_IsoOUTIncomplete
                0x08009ef8       0x4c ./Middlewares/Third_Party/AL94_USB_Composite/COMPOSITE/Core/Src/usbd_core.o
                0x08009ef8                USBD_LL_IsoOUTIncomplete
 .text.USBD_LL_DevConnected
                0x08009f44       0x16 ./Middlewares/Third_Party/AL94_USB_Composite/COMPOSITE/Core/Src/usbd_core.o
                0x08009f44                USBD_LL_DevConnected
 .text.USBD_LL_DevDisconnected
                0x08009f5a       0x38 ./Middlewares/Third_Party/AL94_USB_Composite/COMPOSITE/Core/Src/usbd_core.o
                0x08009f5a                USBD_LL_DevDisconnected
 .text.SWAPBYTE
                0x08009f92       0x3c ./Middlewares/Third_Party/AL94_USB_Composite/COMPOSITE/Core/Src/usbd_ctlreq.o
 *fill*         0x08009fce        0x2 
 .text.USBD_StdDevReq
                0x08009fd0       0xdc ./Middlewares/Third_Party/AL94_USB_Composite/COMPOSITE/Core/Src/usbd_ctlreq.o
                0x08009fd0                USBD_StdDevReq
 .text.USBD_StdItfReq
                0x0800a0ac       0x92 ./Middlewares/Third_Party/AL94_USB_Composite/COMPOSITE/Core/Src/usbd_ctlreq.o
                0x0800a0ac                USBD_StdItfReq
 .text.USBD_StdEPReq
                0x0800a13e      0x2c4 ./Middlewares/Third_Party/AL94_USB_Composite/COMPOSITE/Core/Src/usbd_ctlreq.o
                0x0800a13e                USBD_StdEPReq
 *fill*         0x0800a402        0x2 
 .text.USBD_GetDescriptor
                0x0800a404      0x2f8 ./Middlewares/Third_Party/AL94_USB_Composite/COMPOSITE/Core/Src/usbd_ctlreq.o
 .text.USBD_SetAddress
                0x0800a6fc       0x88 ./Middlewares/Third_Party/AL94_USB_Composite/COMPOSITE/Core/Src/usbd_ctlreq.o
 .text.USBD_SetConfig
                0x0800a784      0x14c ./Middlewares/Third_Party/AL94_USB_Composite/COMPOSITE/Core/Src/usbd_ctlreq.o
 .text.USBD_GetConfig
                0x0800a8d0       0x6c ./Middlewares/Third_Party/AL94_USB_Composite/COMPOSITE/Core/Src/usbd_ctlreq.o
 .text.USBD_GetStatus
                0x0800a93c       0x68 ./Middlewares/Third_Party/AL94_USB_Composite/COMPOSITE/Core/Src/usbd_ctlreq.o
 .text.USBD_SetFeature
                0x0800a9a4       0x28 ./Middlewares/Third_Party/AL94_USB_Composite/COMPOSITE/Core/Src/usbd_ctlreq.o
 .text.USBD_ClrFeature
                0x0800a9cc       0x44 ./Middlewares/Third_Party/AL94_USB_Composite/COMPOSITE/Core/Src/usbd_ctlreq.o
 .text.USBD_ParseSetupRequest
                0x0800aa10       0x74 ./Middlewares/Third_Party/AL94_USB_Composite/COMPOSITE/Core/Src/usbd_ctlreq.o
                0x0800aa10                USBD_ParseSetupRequest
 .text.USBD_CtlError
                0x0800aa84       0x22 ./Middlewares/Third_Party/AL94_USB_Composite/COMPOSITE/Core/Src/usbd_ctlreq.o
                0x0800aa84                USBD_CtlError
 .text.USBD_GetString
                0x0800aaa6       0x8c ./Middlewares/Third_Party/AL94_USB_Composite/COMPOSITE/Core/Src/usbd_ctlreq.o
                0x0800aaa6                USBD_GetString
 .text.USBD_GetLen
                0x0800ab32       0x34 ./Middlewares/Third_Party/AL94_USB_Composite/COMPOSITE/Core/Src/usbd_ctlreq.o
 .text.USBD_CtlSendData
                0x0800ab66       0x36 ./Middlewares/Third_Party/AL94_USB_Composite/COMPOSITE/Core/Src/usbd_ioreq.o
                0x0800ab66                USBD_CtlSendData
 .text.USBD_CtlContinueSendData
                0x0800ab9c       0x22 ./Middlewares/Third_Party/AL94_USB_Composite/COMPOSITE/Core/Src/usbd_ioreq.o
                0x0800ab9c                USBD_CtlContinueSendData
 .text.USBD_CtlPrepareRx
                0x0800abbe       0x3a ./Middlewares/Third_Party/AL94_USB_Composite/COMPOSITE/Core/Src/usbd_ioreq.o
                0x0800abbe                USBD_CtlPrepareRx
 .text.USBD_CtlContinueRx
                0x0800abf8       0x22 ./Middlewares/Third_Party/AL94_USB_Composite/COMPOSITE/Core/Src/usbd_ioreq.o
                0x0800abf8                USBD_CtlContinueRx
 .text.USBD_CtlSendStatus
                0x0800ac1a       0x26 ./Middlewares/Third_Party/AL94_USB_Composite/COMPOSITE/Core/Src/usbd_ioreq.o
                0x0800ac1a                USBD_CtlSendStatus
 .text.USBD_CtlReceiveStatus
                0x0800ac40       0x26 ./Middlewares/Third_Party/AL94_USB_Composite/COMPOSITE/Core/Src/usbd_ioreq.o
                0x0800ac40                USBD_CtlReceiveStatus
 .text.HAL_PCDEx_SetTxFiFoInBytes
                0x0800ac66       0x2a ./Middlewares/Third_Party/AL94_USB_Composite/COMPOSITE/Target/usbd_conf.o
                0x0800ac66                HAL_PCDEx_SetTxFiFoInBytes
 .text.HAL_PCDEx_SetRxFiFoInBytes
                0x0800ac90       0x24 ./Middlewares/Third_Party/AL94_USB_Composite/COMPOSITE/Target/usbd_conf.o
                0x0800ac90                HAL_PCDEx_SetRxFiFoInBytes
 .text.HAL_PCD_SetupStageCallback
                0x0800acb4       0x24 ./Middlewares/Third_Party/AL94_USB_Composite/COMPOSITE/Target/usbd_conf.o
                0x0800acb4                HAL_PCD_SetupStageCallback
 .text.HAL_PCD_DataOutStageCallback
                0x0800acd8       0x36 ./Middlewares/Third_Party/AL94_USB_Composite/COMPOSITE/Target/usbd_conf.o
                0x0800acd8                HAL_PCD_DataOutStageCallback
 .text.HAL_PCD_DataInStageCallback
                0x0800ad0e       0x34 ./Middlewares/Third_Party/AL94_USB_Composite/COMPOSITE/Target/usbd_conf.o
                0x0800ad0e                HAL_PCD_DataInStageCallback
 .text.HAL_PCD_SOFCallback
                0x0800ad42       0x1c ./Middlewares/Third_Party/AL94_USB_Composite/COMPOSITE/Target/usbd_conf.o
                0x0800ad42                HAL_PCD_SOFCallback
 .text.HAL_PCD_ResetCallback
                0x0800ad5e       0x50 ./Middlewares/Third_Party/AL94_USB_Composite/COMPOSITE/Target/usbd_conf.o
                0x0800ad5e                HAL_PCD_ResetCallback
 *fill*         0x0800adae        0x2 
 .text.HAL_PCD_SuspendCallback
                0x0800adb0       0x4c ./Middlewares/Third_Party/AL94_USB_Composite/COMPOSITE/Target/usbd_conf.o
                0x0800adb0                HAL_PCD_SuspendCallback
 .text.HAL_PCD_ResumeCallback
                0x0800adfc       0x1c ./Middlewares/Third_Party/AL94_USB_Composite/COMPOSITE/Target/usbd_conf.o
                0x0800adfc                HAL_PCD_ResumeCallback
 .text.HAL_PCD_ISOOUTIncompleteCallback
                0x0800ae18       0x24 ./Middlewares/Third_Party/AL94_USB_Composite/COMPOSITE/Target/usbd_conf.o
                0x0800ae18                HAL_PCD_ISOOUTIncompleteCallback
 .text.HAL_PCD_ISOINIncompleteCallback
                0x0800ae3c       0x24 ./Middlewares/Third_Party/AL94_USB_Composite/COMPOSITE/Target/usbd_conf.o
                0x0800ae3c                HAL_PCD_ISOINIncompleteCallback
 .text.HAL_PCD_ConnectCallback
                0x0800ae60       0x1c ./Middlewares/Third_Party/AL94_USB_Composite/COMPOSITE/Target/usbd_conf.o
                0x0800ae60                HAL_PCD_ConnectCallback
 .text.HAL_PCD_DisconnectCallback
                0x0800ae7c       0x1c ./Middlewares/Third_Party/AL94_USB_Composite/COMPOSITE/Target/usbd_conf.o
                0x0800ae7c                HAL_PCD_DisconnectCallback
 .text.USBD_LL_Init
                0x0800ae98       0xbc ./Middlewares/Third_Party/AL94_USB_Composite/COMPOSITE/Target/usbd_conf.o
                0x0800ae98                USBD_LL_Init
 .text.USBD_LL_Start
                0x0800af54       0x36 ./Middlewares/Third_Party/AL94_USB_Composite/COMPOSITE/Target/usbd_conf.o
                0x0800af54                USBD_LL_Start
 .text.USBD_LL_OpenEP
                0x0800af8a       0x4c ./Middlewares/Third_Party/AL94_USB_Composite/COMPOSITE/Target/usbd_conf.o
                0x0800af8a                USBD_LL_OpenEP
 .text.USBD_LL_CloseEP
                0x0800afd6       0x3e ./Middlewares/Third_Party/AL94_USB_Composite/COMPOSITE/Target/usbd_conf.o
                0x0800afd6                USBD_LL_CloseEP
 .text.USBD_LL_StallEP
                0x0800b014       0x3e ./Middlewares/Third_Party/AL94_USB_Composite/COMPOSITE/Target/usbd_conf.o
                0x0800b014                USBD_LL_StallEP
 .text.USBD_LL_ClearStallEP
                0x0800b052       0x3e ./Middlewares/Third_Party/AL94_USB_Composite/COMPOSITE/Target/usbd_conf.o
                0x0800b052                USBD_LL_ClearStallEP
 .text.USBD_LL_IsStallEP
                0x0800b090       0x58 ./Middlewares/Third_Party/AL94_USB_Composite/COMPOSITE/Target/usbd_conf.o
                0x0800b090                USBD_LL_IsStallEP
 .text.USBD_LL_SetUSBAddress
                0x0800b0e8       0x3e ./Middlewares/Third_Party/AL94_USB_Composite/COMPOSITE/Target/usbd_conf.o
                0x0800b0e8                USBD_LL_SetUSBAddress
 .text.USBD_LL_Transmit
                0x0800b126       0x42 ./Middlewares/Third_Party/AL94_USB_Composite/COMPOSITE/Target/usbd_conf.o
                0x0800b126                USBD_LL_Transmit
 .text.USBD_LL_PrepareReceive
                0x0800b168       0x42 ./Middlewares/Third_Party/AL94_USB_Composite/COMPOSITE/Target/usbd_conf.o
                0x0800b168                USBD_LL_PrepareReceive
 .text.USBD_LL_GetRxDataSize
                0x0800b1aa       0x26 ./Middlewares/Third_Party/AL94_USB_Composite/COMPOSITE/Target/usbd_conf.o
                0x0800b1aa                USBD_LL_GetRxDataSize
 .text.USBD_Get_USB_Status
                0x0800b1d0       0x58 ./Middlewares/Third_Party/AL94_USB_Composite/COMPOSITE/Target/usbd_conf.o
                0x0800b1d0                USBD_Get_USB_Status
 .text.snprintf
                0x0800b228       0x68 C:/ST/STM32CubeIDE_1.16.1/STM32CubeIDE/plugins/com.st.stm32cube.ide.mcu.externaltools.gnu-tools-for-stm32.12.3.rel1.win32_1.0.200.202406191623/tools/bin/../lib/gcc/arm-none-eabi/12.3.1/../../../../arm-none-eabi/lib/thumb/v7e-m+fp/hard\libc_nano.a(libc_a-snprintf.o)
                0x0800b228                sniprintf
                0x0800b228                snprintf
 .text.memset   0x0800b290       0x10 C:/ST/STM32CubeIDE_1.16.1/STM32CubeIDE/plugins/com.st.stm32cube.ide.mcu.externaltools.gnu-tools-for-stm32.12.3.rel1.win32_1.0.200.202406191623/tools/bin/../lib/gcc/arm-none-eabi/12.3.1/../../../../arm-none-eabi/lib/thumb/v7e-m+fp/hard\libc_nano.a(libc_a-memset.o)
                0x0800b290                memset
 .text.__errno  0x0800b2a0        0xc C:/ST/STM32CubeIDE_1.16.1/STM32CubeIDE/plugins/com.st.stm32cube.ide.mcu.externaltools.gnu-tools-for-stm32.12.3.rel1.win32_1.0.200.202406191623/tools/bin/../lib/gcc/arm-none-eabi/12.3.1/../../../../arm-none-eabi/lib/thumb/v7e-m+fp/hard\libc_nano.a(libc_a-errno.o)
                0x0800b2a0                __errno
 .text.__libc_init_array
                0x0800b2ac       0x48 C:/ST/STM32CubeIDE_1.16.1/STM32CubeIDE/plugins/com.st.stm32cube.ide.mcu.externaltools.gnu-tools-for-stm32.12.3.rel1.win32_1.0.200.202406191623/tools/bin/../lib/gcc/arm-none-eabi/12.3.1/../../../../arm-none-eabi/lib/thumb/v7e-m+fp/hard\libc_nano.a(libc_a-init.o)
                0x0800b2ac                __libc_init_array
 .text.__retarget_lock_acquire_recursive
                0x0800b2f4        0x2 C:/ST/STM32CubeIDE_1.16.1/STM32CubeIDE/plugins/com.st.stm32cube.ide.mcu.externaltools.gnu-tools-for-stm32.12.3.rel1.win32_1.0.200.202406191623/tools/bin/../lib/gcc/arm-none-eabi/12.3.1/../../../../arm-none-eabi/lib/thumb/v7e-m+fp/hard\libc_nano.a(libc_a-lock.o)
                0x0800b2f4                __retarget_lock_acquire_recursive
 .text.__retarget_lock_release_recursive
                0x0800b2f6        0x2 C:/ST/STM32CubeIDE_1.16.1/STM32CubeIDE/plugins/com.st.stm32cube.ide.mcu.externaltools.gnu-tools-for-stm32.12.3.rel1.win32_1.0.200.202406191623/tools/bin/../lib/gcc/arm-none-eabi/12.3.1/../../../../arm-none-eabi/lib/thumb/v7e-m+fp/hard\libc_nano.a(libc_a-lock.o)
                0x0800b2f6                __retarget_lock_release_recursive
 .text.memcpy   0x0800b2f8       0x1c C:/ST/STM32CubeIDE_1.16.1/STM32CubeIDE/plugins/com.st.stm32cube.ide.mcu.externaltools.gnu-tools-for-stm32.12.3.rel1.win32_1.0.200.202406191623/tools/bin/../lib/gcc/arm-none-eabi/12.3.1/../../../../arm-none-eabi/lib/thumb/v7e-m+fp/hard\libc_nano.a(libc_a-memcpy-stub.o)
                0x0800b2f8                memcpy
 .text._free_r  0x0800b314       0x94 C:/ST/STM32CubeIDE_1.16.1/STM32CubeIDE/plugins/com.st.stm32cube.ide.mcu.externaltools.gnu-tools-for-stm32.12.3.rel1.win32_1.0.200.202406191623/tools/bin/../lib/gcc/arm-none-eabi/12.3.1/../../../../arm-none-eabi/lib/thumb/v7e-m+fp/hard\libc_nano.a(libc_a-freer.o)
                0x0800b314                _free_r
 .text.sbrk_aligned
                0x0800b3a8       0x44 C:/ST/STM32CubeIDE_1.16.1/STM32CubeIDE/plugins/com.st.stm32cube.ide.mcu.externaltools.gnu-tools-for-stm32.12.3.rel1.win32_1.0.200.202406191623/tools/bin/../lib/gcc/arm-none-eabi/12.3.1/../../../../arm-none-eabi/lib/thumb/v7e-m+fp/hard\libc_nano.a(libc_a-mallocr.o)
 .text._malloc_r
                0x0800b3ec      0x100 C:/ST/STM32CubeIDE_1.16.1/STM32CubeIDE/plugins/com.st.stm32cube.ide.mcu.externaltools.gnu-tools-for-stm32.12.3.rel1.win32_1.0.200.202406191623/tools/bin/../lib/gcc/arm-none-eabi/12.3.1/../../../../arm-none-eabi/lib/thumb/v7e-m+fp/hard\libc_nano.a(libc_a-mallocr.o)
                0x0800b3ec                _malloc_r
 .text.__malloc_lock
                0x0800b4ec        0xc C:/ST/STM32CubeIDE_1.16.1/STM32CubeIDE/plugins/com.st.stm32cube.ide.mcu.externaltools.gnu-tools-for-stm32.12.3.rel1.win32_1.0.200.202406191623/tools/bin/../lib/gcc/arm-none-eabi/12.3.1/../../../../arm-none-eabi/lib/thumb/v7e-m+fp/hard\libc_nano.a(libc_a-mlock.o)
                0x0800b4ec                __malloc_lock
 .text.__malloc_unlock
                0x0800b4f8        0xc C:/ST/STM32CubeIDE_1.16.1/STM32CubeIDE/plugins/com.st.stm32cube.ide.mcu.externaltools.gnu-tools-for-stm32.12.3.rel1.win32_1.0.200.202406191623/tools/bin/../lib/gcc/arm-none-eabi/12.3.1/../../../../arm-none-eabi/lib/thumb/v7e-m+fp/hard\libc_nano.a(libc_a-mlock.o)
                0x0800b4f8                __malloc_unlock
 .text.__ssputs_r
                0x0800b504       0xb6 C:/ST/STM32CubeIDE_1.16.1/STM32CubeIDE/plugins/com.st.stm32cube.ide.mcu.externaltools.gnu-tools-for-stm32.12.3.rel1.win32_1.0.200.202406191623/tools/bin/../lib/gcc/arm-none-eabi/12.3.1/../../../../arm-none-eabi/lib/thumb/v7e-m+fp/hard\libc_nano.a(libc_a-nano-svfprintf.o)
                0x0800b504                __ssputs_r
 *fill*         0x0800b5ba        0x2 
 .text._svfprintf_r
                0x0800b5bc      0x1f8 C:/ST/STM32CubeIDE_1.16.1/STM32CubeIDE/plugins/com.st.stm32cube.ide.mcu.externaltools.gnu-tools-for-stm32.12.3.rel1.win32_1.0.200.202406191623/tools/bin/../lib/gcc/arm-none-eabi/12.3.1/../../../../arm-none-eabi/lib/thumb/v7e-m+fp/hard\libc_nano.a(libc_a-nano-svfprintf.o)
                0x0800b5bc                _svfiprintf_r
                0x0800b5bc                _svfprintf_r
 .text._printf_common
                0x0800b7b4       0xda C:/ST/STM32CubeIDE_1.16.1/STM32CubeIDE/plugins/com.st.stm32cube.ide.mcu.externaltools.gnu-tools-for-stm32.12.3.rel1.win32_1.0.200.202406191623/tools/bin/../lib/gcc/arm-none-eabi/12.3.1/../../../../arm-none-eabi/lib/thumb/v7e-m+fp/hard\libc_nano.a(libc_a-nano-vfprintf_i.o)
                0x0800b7b4                _printf_common
 *fill*         0x0800b88e        0x2 
 .text._printf_i
                0x0800b890      0x240 C:/ST/STM32CubeIDE_1.16.1/STM32CubeIDE/plugins/com.st.stm32cube.ide.mcu.externaltools.gnu-tools-for-stm32.12.3.rel1.win32_1.0.200.202406191623/tools/bin/../lib/gcc/arm-none-eabi/12.3.1/../../../../arm-none-eabi/lib/thumb/v7e-m+fp/hard\libc_nano.a(libc_a-nano-vfprintf_i.o)
                0x0800b890                _printf_i
 .text.memmove  0x0800bad0       0x34 C:/ST/STM32CubeIDE_1.16.1/STM32CubeIDE/plugins/com.st.stm32cube.ide.mcu.externaltools.gnu-tools-for-stm32.12.3.rel1.win32_1.0.200.202406191623/tools/bin/../lib/gcc/arm-none-eabi/12.3.1/../../../../arm-none-eabi/lib/thumb/v7e-m+fp/hard\libc_nano.a(libc_a-memmove.o)
                0x0800bad0                memmove
 .text._sbrk_r  0x0800bb04       0x20 C:/ST/STM32CubeIDE_1.16.1/STM32CubeIDE/plugins/com.st.stm32cube.ide.mcu.externaltools.gnu-tools-for-stm32.12.3.rel1.win32_1.0.200.202406191623/tools/bin/../lib/gcc/arm-none-eabi/12.3.1/../../../../arm-none-eabi/lib/thumb/v7e-m+fp/hard\libc_nano.a(libc_a-sbrkr.o)
                0x0800bb04                _sbrk_r
 .text._realloc_r
                0x0800bb24       0x5c C:/ST/STM32CubeIDE_1.16.1/STM32CubeIDE/plugins/com.st.stm32cube.ide.mcu.externaltools.gnu-tools-for-stm32.12.3.rel1.win32_1.0.200.202406191623/tools/bin/../lib/gcc/arm-none-eabi/12.3.1/../../../../arm-none-eabi/lib/thumb/v7e-m+fp/hard\libc_nano.a(libc_a-reallocr.o)
                0x0800bb24                _realloc_r
 .text._malloc_usable_size_r
                0x0800bb80       0x10 C:/ST/STM32CubeIDE_1.16.1/STM32CubeIDE/plugins/com.st.stm32cube.ide.mcu.externaltools.gnu-tools-for-stm32.12.3.rel1.win32_1.0.200.202406191623/tools/bin/../lib/gcc/arm-none-eabi/12.3.1/../../../../arm-none-eabi/lib/thumb/v7e-m+fp/hard\libc_nano.a(libc_a-msizer.o)
                0x0800bb80                _malloc_usable_size_r
 *(.glue_7)
 .glue_7        0x0800bb90        0x0 linker stubs
 *(.glue_7t)
 .glue_7t       0x0800bb90        0x0 linker stubs
 *(.eh_frame)
 .eh_frame      0x0800bb90        0x0 C:/ST/STM32CubeIDE_1.16.1/STM32CubeIDE/plugins/com.st.stm32cube.ide.mcu.externaltools.gnu-tools-for-stm32.12.3.rel1.win32_1.0.200.202406191623/tools/bin/../lib/gcc/arm-none-eabi/12.3.1/thumb/v7e-m+fp/hard/crtbegin.o
 *(.init)
 .init          0x0800bb90        0x4 C:/ST/STM32CubeIDE_1.16.1/STM32CubeIDE/plugins/com.st.stm32cube.ide.mcu.externaltools.gnu-tools-for-stm32.12.3.rel1.win32_1.0.200.202406191623/tools/bin/../lib/gcc/arm-none-eabi/12.3.1/thumb/v7e-m+fp/hard/crti.o
                0x0800bb90                _init
 .init          0x0800bb94        0x8 C:/ST/STM32CubeIDE_1.16.1/STM32CubeIDE/plugins/com.st.stm32cube.ide.mcu.externaltools.gnu-tools-for-stm32.12.3.rel1.win32_1.0.200.202406191623/tools/bin/../lib/gcc/arm-none-eabi/12.3.1/thumb/v7e-m+fp/hard/crtn.o
 *(.fini)
 .fini          0x0800bb9c        0x4 C:/ST/STM32CubeIDE_1.16.1/STM32CubeIDE/plugins/com.st.stm32cube.ide.mcu.externaltools.gnu-tools-for-stm32.12.3.rel1.win32_1.0.200.202406191623/tools/bin/../lib/gcc/arm-none-eabi/12.3.1/thumb/v7e-m+fp/hard/crti.o
                0x0800bb9c                _fini
 .fini          0x0800bba0        0x8 C:/ST/STM32CubeIDE_1.16.1/STM32CubeIDE/plugins/com.st.stm32cube.ide.mcu.externaltools.gnu-tools-for-stm32.12.3.rel1.win32_1.0.200.202406191623/tools/bin/../lib/gcc/arm-none-eabi/12.3.1/thumb/v7e-m+fp/hard/crtn.o
                0x0800bba8                        . = ALIGN (0x4)
                0x0800bba8                        _etext = .

.vfp11_veneer   0x0800bba8        0x0
 .vfp11_veneer  0x0800bba8        0x0 linker stubs

.v4_bx          0x0800bba8        0x0
 .v4_bx         0x0800bba8        0x0 linker stubs

.iplt           0x0800bba8        0x0
 .iplt          0x0800bba8        0x0 C:/ST/STM32CubeIDE_1.16.1/STM32CubeIDE/plugins/com.st.stm32cube.ide.mcu.externaltools.gnu-tools-for-stm32.12.3.rel1.win32_1.0.200.202406191623/tools/bin/../lib/gcc/arm-none-eabi/12.3.1/thumb/v7e-m+fp/hard/crtbegin.o

.rodata         0x0800bba8       0xb0
                0x0800bba8                        . = ALIGN (0x4)
 *(.rodata)
 .rodata        0x0800bba8       0x3c ./Middlewares/Third_Party/AL94_USB_Composite/COMPOSITE/App/usbd_desc.o
 .rodata        0x0800bbe4       0x1f ./Middlewares/Third_Party/AL94_USB_Composite/COMPOSITE/Class/COMPOSITE/Src/usbd_composite.o
 *(.rodata*)
 *fill*         0x0800bc03        0x1 
 .rodata.AHBPrescTable
                0x0800bc04       0x10 ./Core/Src/system_stm32f4xx.o
                0x0800bc04                AHBPrescTable
 .rodata.APBPrescTable
                0x0800bc14        0x8 ./Core/Src/system_stm32f4xx.o
                0x0800bc14                APBPrescTable
 .rodata.flagBitshiftOffset.0
                0x0800bc1c        0x8 ./Drivers/STM32F4xx_HAL_Driver/Src/stm32f4xx_hal_dma.o
 .rodata._svfprintf_r.str1.1
                0x0800bc24       0x11 C:/ST/STM32CubeIDE_1.16.1/STM32CubeIDE/plugins/com.st.stm32cube.ide.mcu.externaltools.gnu-tools-for-stm32.12.3.rel1.win32_1.0.200.202406191623/tools/bin/../lib/gcc/arm-none-eabi/12.3.1/../../../../arm-none-eabi/lib/thumb/v7e-m+fp/hard\libc_nano.a(libc_a-nano-svfprintf.o)
 .rodata._printf_i.str1.1
                0x0800bc35       0x22 C:/ST/STM32CubeIDE_1.16.1/STM32CubeIDE/plugins/com.st.stm32cube.ide.mcu.externaltools.gnu-tools-for-stm32.12.3.rel1.win32_1.0.200.202406191623/tools/bin/../lib/gcc/arm-none-eabi/12.3.1/../../../../arm-none-eabi/lib/thumb/v7e-m+fp/hard\libc_nano.a(libc_a-nano-vfprintf_i.o)
                0x0800bc58                        . = ALIGN (0x4)
 *fill*         0x0800bc57        0x1 

.ARM.extab      0x0800bc58        0x0
                0x0800bc58                        . = ALIGN (0x4)
 *(.ARM.extab* .gnu.linkonce.armextab.*)
                0x0800bc58                        . = ALIGN (0x4)

.ARM            0x0800bc58        0x8
                0x0800bc58                        . = ALIGN (0x4)
                0x0800bc58                        __exidx_start = .
 *(.ARM.exidx*)
 .ARM.exidx     0x0800bc58        0x8 C:/ST/STM32CubeIDE_1.16.1/STM32CubeIDE/plugins/com.st.stm32cube.ide.mcu.externaltools.gnu-tools-for-stm32.12.3.rel1.win32_1.0.200.202406191623/tools/bin/../lib/gcc/arm-none-eabi/12.3.1/../../../../arm-none-eabi/lib/thumb/v7e-m+fp/hard\libc_nano.a(libc_a-memchr.o)
 .ARM.exidx     0x0800bc60        0x0 C:/ST/STM32CubeIDE_1.16.1/STM32CubeIDE/plugins/com.st.stm32cube.ide.mcu.externaltools.gnu-tools-for-stm32.12.3.rel1.win32_1.0.200.202406191623/tools/bin/../lib/gcc/arm-none-eabi/12.3.1/thumb/v7e-m+fp/hard\libgcc.a(_udivmoddi4.o)
                                  0x8 (size before relaxing)
                0x0800bc60                        __exidx_end = .
                0x0800bc60                        . = ALIGN (0x4)

.preinit_array  0x0800bc60        0x0
                0x0800bc60                        . = ALIGN (0x4)
                0x0800bc60                        PROVIDE (__preinit_array_start = .)
 *(.preinit_array*)
                0x0800bc60                        PROVIDE (__preinit_array_end = .)
                0x0800bc60                        . = ALIGN (0x4)

.init_array     0x0800bc60        0x4
                0x0800bc60                        . = ALIGN (0x4)
                0x0800bc60                        PROVIDE (__init_array_start = .)
 *(SORT_BY_NAME(.init_array.*))
 *(.init_array*)
 .init_array    0x0800bc60        0x4 C:/ST/STM32CubeIDE_1.16.1/STM32CubeIDE/plugins/com.st.stm32cube.ide.mcu.externaltools.gnu-tools-for-stm32.12.3.rel1.win32_1.0.200.202406191623/tools/bin/../lib/gcc/arm-none-eabi/12.3.1/thumb/v7e-m+fp/hard/crtbegin.o
                0x0800bc64                        PROVIDE (__init_array_end = .)
                0x0800bc64                        . = ALIGN (0x4)

.fini_array     0x0800bc64        0x4
                0x0800bc64                        . = ALIGN (0x4)
                [!provide]                        PROVIDE (__fini_array_start = .)
 *(SORT_BY_NAME(.fini_array.*))
 *(.fini_array*)
 .fini_array    0x0800bc64        0x4 C:/ST/STM32CubeIDE_1.16.1/STM32CubeIDE/plugins/com.st.stm32cube.ide.mcu.externaltools.gnu-tools-for-stm32.12.3.rel1.win32_1.0.200.202406191623/tools/bin/../lib/gcc/arm-none-eabi/12.3.1/thumb/v7e-m+fp/hard/crtbegin.o
                [!provide]                        PROVIDE (__fini_array_end = .)
                0x0800bc68                        . = ALIGN (0x4)
                0x0800bc68                        _sidata = LOADADDR (.data)

.rel.dyn        0x0800bc68        0x0
 .rel.iplt      0x0800bc68        0x0 C:/ST/STM32CubeIDE_1.16.1/STM32CubeIDE/plugins/com.st.stm32cube.ide.mcu.externaltools.gnu-tools-for-stm32.12.3.rel1.win32_1.0.200.202406191623/tools/bin/../lib/gcc/arm-none-eabi/12.3.1/thumb/v7e-m+fp/hard/crtbegin.o

.data           0x20000000      0x338 load address 0x0800bc68
                0x20000000                        . = ALIGN (0x4)
                0x20000000                        _sdata = .
 *(.data)
 *(.data*)
 .data.hoang    0x20000000       0x40 ./Core/Src/main.o
                0x20000000                hoang
 .data.SystemCoreClock
                0x20000040        0x4 ./Core/Src/system_stm32f4xx.o
                0x20000040                SystemCoreClock
 .data.uwTickPrio
                0x20000044        0x4 ./Drivers/STM32F4xx_HAL_Driver/Src/stm32f4xx_hal.o
                0x20000044                uwTickPrio
 .data.uwTickFreq
                0x20000048        0x1 ./Drivers/STM32F4xx_HAL_Driver/Src/stm32f4xx_hal.o
                0x20000048                uwTickFreq
 *fill*         0x20000049        0x3 
 .data.USBD_CDC_ACM_fops
                0x2000004c       0x14 ./Middlewares/Third_Party/AL94_USB_Composite/COMPOSITE/App/usbd_cdc_acm_if.o
                0x2000004c                USBD_CDC_ACM_fops
 .data.USBD_Desc
                0x20000060       0x1c ./Middlewares/Third_Party/AL94_USB_Composite/COMPOSITE/App/usbd_desc.o
                0x20000060                USBD_Desc
 .data.USBD_DeviceDesc
                0x2000007c       0x12 ./Middlewares/Third_Party/AL94_USB_Composite/COMPOSITE/App/usbd_desc.o
                0x2000007c                USBD_DeviceDesc
 *fill*         0x2000008e        0x2 
 .data.USBD_LangIDDesc
                0x20000090        0x4 ./Middlewares/Third_Party/AL94_USB_Composite/COMPOSITE/App/usbd_desc.o
                0x20000090                USBD_LangIDDesc
 .data.USBD_StringSerial
                0x20000094       0x1a ./Middlewares/Third_Party/AL94_USB_Composite/COMPOSITE/App/usbd_desc.o
                0x20000094                USBD_StringSerial
 *fill*         0x200000ae        0x2 
 .data.CUSTOM_HID_ReportDesc
                0x200000b0       0x21 ./Middlewares/Third_Party/AL94_USB_Composite/COMPOSITE/App/usbd_hid_custom_if.o
 *fill*         0x200000d1        0x3 
 .data.USBD_CustomHID_fops
                0x200000d4       0x10 ./Middlewares/Third_Party/AL94_USB_Composite/COMPOSITE/App/usbd_hid_custom_if.o
                0x200000d4                USBD_CustomHID_fops
 .data.USBD_CDC_DeviceQualifierDesc
                0x200000e4        0xa ./Middlewares/Third_Party/AL94_USB_Composite/COMPOSITE/Class/CDC_ACM/Src/usbd_cdc_acm.o
 *fill*         0x200000ee        0x2 
 .data.USBD_CDC_ACM
                0x200000f0       0x3c ./Middlewares/Third_Party/AL94_USB_Composite/COMPOSITE/Class/CDC_ACM/Src/usbd_cdc_acm.o
                0x200000f0                USBD_CDC_ACM
 .data.USBD_CDC_CfgHSDesc
                0x2000012c       0x4b ./Middlewares/Third_Party/AL94_USB_Composite/COMPOSITE/Class/CDC_ACM/Src/usbd_cdc_acm.o
 *fill*         0x20000177        0x1 
 .data.USBD_CDC_CfgFSDesc
                0x20000178       0x4b ./Middlewares/Third_Party/AL94_USB_Composite/COMPOSITE/Class/CDC_ACM/Src/usbd_cdc_acm.o
 *fill*         0x200001c3        0x1 
 .data.USBD_COMPOSITE
                0x200001c4       0x3c ./Middlewares/Third_Party/AL94_USB_Composite/COMPOSITE/Class/COMPOSITE/Src/usbd_composite.o
                0x200001c4                USBD_COMPOSITE
 .data.USBD_Track_String_Index
                0x20000200        0x1 ./Middlewares/Third_Party/AL94_USB_Composite/COMPOSITE/Class/COMPOSITE/Src/usbd_composite.o
                0x20000200                USBD_Track_String_Index
 *fill*         0x20000201        0x3 
 .data.USBD_COMPOSITE_DeviceQualifierDesc
                0x20000204        0xa ./Middlewares/Third_Party/AL94_USB_Composite/COMPOSITE/Class/COMPOSITE/Src/usbd_composite.o
 .data.CUSTOM_HID_IN_EP
                0x2000020e        0x1 ./Middlewares/Third_Party/AL94_USB_Composite/COMPOSITE/Class/HID_CUSTOM/Src/usbd_hid_custom.o
                0x2000020e                CUSTOM_HID_IN_EP
 .data.CUSTOM_HID_OUT_EP
                0x2000020f        0x1 ./Middlewares/Third_Party/AL94_USB_Composite/COMPOSITE/Class/HID_CUSTOM/Src/usbd_hid_custom.o
                0x2000020f                CUSTOM_HID_OUT_EP
 .data.USBD_HID_CUSTOM
                0x20000210       0x3c ./Middlewares/Third_Party/AL94_USB_Composite/COMPOSITE/Class/HID_CUSTOM/Src/usbd_hid_custom.o
                0x20000210                USBD_HID_CUSTOM
 .data.USBD_CUSTOM_HID_CfgFSDesc
                0x2000024c       0x29 ./Middlewares/Third_Party/AL94_USB_Composite/COMPOSITE/Class/HID_CUSTOM/Src/usbd_hid_custom.o
 *fill*         0x20000275        0x3 
 .data.USBD_CUSTOM_HID_CfgHSDesc
                0x20000278       0x29 ./Middlewares/Third_Party/AL94_USB_Composite/COMPOSITE/Class/HID_CUSTOM/Src/usbd_hid_custom.o
 *fill*         0x200002a1        0x3 
 .data.USBD_CUSTOM_HID_OtherSpeedCfgDesc
                0x200002a4       0x29 ./Middlewares/Third_Party/AL94_USB_Composite/COMPOSITE/Class/HID_CUSTOM/Src/usbd_hid_custom.o
 *fill*         0x200002cd        0x3 
 .data.USBD_CUSTOM_HID_Desc
                0x200002d0        0x9 ./Middlewares/Third_Party/AL94_USB_Composite/COMPOSITE/Class/HID_CUSTOM/Src/usbd_hid_custom.o
 *fill*         0x200002d9        0x3 
 .data.USBD_CUSTOM_HID_DeviceQualifierDesc
                0x200002dc        0xa ./Middlewares/Third_Party/AL94_USB_Composite/COMPOSITE/Class/HID_CUSTOM/Src/usbd_hid_custom.o
 *fill*         0x200002e6        0x2 
 .data._impure_ptr
                0x200002e8        0x4 C:/ST/STM32CubeIDE_1.16.1/STM32CubeIDE/plugins/com.st.stm32cube.ide.mcu.externaltools.gnu-tools-for-stm32.12.3.rel1.win32_1.0.200.202406191623/tools/bin/../lib/gcc/arm-none-eabi/12.3.1/../../../../arm-none-eabi/lib/thumb/v7e-m+fp/hard\libc_nano.a(libc_a-impure.o)
                0x200002e8                _impure_ptr
 .data._impure_data
                0x200002ec       0x4c C:/ST/STM32CubeIDE_1.16.1/STM32CubeIDE/plugins/com.st.stm32cube.ide.mcu.externaltools.gnu-tools-for-stm32.12.3.rel1.win32_1.0.200.202406191623/tools/bin/../lib/gcc/arm-none-eabi/12.3.1/../../../../arm-none-eabi/lib/thumb/v7e-m+fp/hard\libc_nano.a(libc_a-impure.o)
                0x200002ec                _impure_data
 *(.RamFunc)
 *(.RamFunc*)
                0x20000338                        . = ALIGN (0x4)
                0x20000338                        _edata = .
                0x0800bfa0                        _siccmram = LOADADDR (.ccmram)

.igot.plt       0x20000338        0x0 load address 0x0800bfa0
 .igot.plt      0x20000338        0x0 C:/ST/STM32CubeIDE_1.16.1/STM32CubeIDE/plugins/com.st.stm32cube.ide.mcu.externaltools.gnu-tools-for-stm32.12.3.rel1.win32_1.0.200.202406191623/tools/bin/../lib/gcc/arm-none-eabi/12.3.1/thumb/v7e-m+fp/hard/crtbegin.o

.ccmram         0x10000000        0x0 load address 0x0800bfa0
                0x10000000                        . = ALIGN (0x4)
                0x10000000                        _sccmram = .
 *(.ccmram)
 *(.ccmram*)
                0x10000000                        . = ALIGN (0x4)
                0x10000000                        _eccmram = .
                0x10000000                        . = ALIGN (0x4)

.bss            0x20000338     0x21cc
                0x20000338                        _sbss = .
                0x20000338                        __bss_start__ = _sbss
 *(.bss)
 .bss           0x20000338       0x1c C:/ST/STM32CubeIDE_1.16.1/STM32CubeIDE/plugins/com.st.stm32cube.ide.mcu.externaltools.gnu-tools-for-stm32.12.3.rel1.win32_1.0.200.202406191623/tools/bin/../lib/gcc/arm-none-eabi/12.3.1/thumb/v7e-m+fp/hard/crtbegin.o
 *(.bss*)
 .bss.hcan1     0x20000354       0x28 ./Core/Src/can.o
                0x20000354                hcan1
 .bss.hi2c1     0x2000037c       0x54 ./Core/Src/i2c.o
                0x2000037c                hi2c1
 .bss.tx_ok     0x200003d0        0x1 ./Core/Src/main.o
                0x200003d0                tx_ok
 *fill*         0x200003d1        0x3 
 .bss.__sbrk_heap_end
                0x200003d4        0x4 ./Core/Src/sysmem.o
 .bss.htim1     0x200003d8       0x48 ./Core/Src/tim.o
                0x200003d8                htim1
 .bss.htim2     0x20000420       0x48 ./Core/Src/tim.o
                0x20000420                htim2
 .bss.huart5    0x20000468       0x48 ./Core/Src/usart.o
                0x20000468                huart5
 .bss.hdma_uart5_tx
                0x200004b0       0x60 ./Core/Src/usart.o
                0x200004b0                hdma_uart5_tx
 .bss.hdma_uart5_rx
                0x20000510       0x60 ./Core/Src/usart.o
                0x20000510                hdma_uart5_rx
 .bss.hpcd_USB_OTG_FS
                0x20000570      0x4e4 ./Core/Src/usb_otg.o
                0x20000570                hpcd_USB_OTG_FS
 .bss.uwTick    0x20000a54        0x4 ./Drivers/STM32F4xx_HAL_Driver/Src/stm32f4xx_hal.o
                0x20000a54                uwTick
 .bss.hUsbDevice
                0x20000a58      0x31c ./Middlewares/Third_Party/AL94_USB_Composite/COMPOSITE/App/usb_device.o
                0x20000a58                hUsbDevice
 .bss.RX_Buffer
                0x20000d74       0x40 ./Middlewares/Third_Party/AL94_USB_Composite/COMPOSITE/App/usbd_cdc_acm_if.o
                0x20000d74                RX_Buffer
 .bss.TX_Buffer
                0x20000db4       0x40 ./Middlewares/Third_Party/AL94_USB_Composite/COMPOSITE/App/usbd_cdc_acm_if.o
                0x20000db4                TX_Buffer
 .bss.Line_Coding
                0x20000df4        0x8 ./Middlewares/Third_Party/AL94_USB_Composite/COMPOSITE/App/usbd_cdc_acm_if.o
                0x20000df4                Line_Coding
 .bss.Write_Index
                0x20000dfc        0x4 ./Middlewares/Third_Party/AL94_USB_Composite/COMPOSITE/App/usbd_cdc_acm_if.o
                0x20000dfc                Write_Index
 .bss.Read_Index
                0x20000e00        0x4 ./Middlewares/Third_Party/AL94_USB_Composite/COMPOSITE/App/usbd_cdc_acm_if.o
                0x20000e00                Read_Index
 .bss.CDC_RX_Buffer
                0x20000e04     0x1000 ./Middlewares/Third_Party/AL94_USB_Composite/COMPOSITE/App/usbd_cdc_acm_if.o
                0x20000e04                CDC_RX_Buffer
 .bss.CDC_RX_WriteIndex
                0x20001e04        0x4 ./Middlewares/Third_Party/AL94_USB_Composite/COMPOSITE/App/usbd_cdc_acm_if.o
                0x20001e04                CDC_RX_WriteIndex
 .bss.CDC_RX_ReadIndex
                0x20001e08        0x4 ./Middlewares/Third_Party/AL94_USB_Composite/COMPOSITE/App/usbd_cdc_acm_if.o
                0x20001e08                CDC_RX_ReadIndex
 .bss.uart_tx_busy
                0x20001e0c        0x1 ./Middlewares/Third_Party/AL94_USB_Composite/COMPOSITE/App/usbd_cdc_acm_if.o
                0x20001e0c                uart_tx_busy
 *fill*         0x20001e0d        0x3 
 .bss.USBD_StrDesc
                0x20001e10      0x200 ./Middlewares/Third_Party/AL94_USB_Composite/COMPOSITE/App/usbd_desc.o
                0x20001e10                USBD_StrDesc
 .bss.CDC_IN_EP
                0x20002010        0x1 ./Middlewares/Third_Party/AL94_USB_Composite/COMPOSITE/Class/CDC_ACM/Src/usbd_cdc_acm.o
                0x20002010                CDC_IN_EP
 *fill*         0x20002011        0x3 
 .bss.CDC_OUT_EP
                0x20002014        0x1 ./Middlewares/Third_Party/AL94_USB_Composite/COMPOSITE/Class/CDC_ACM/Src/usbd_cdc_acm.o
                0x20002014                CDC_OUT_EP
 *fill*         0x20002015        0x3 
 .bss.CDC_CMD_EP
                0x20002018        0x1 ./Middlewares/Third_Party/AL94_USB_Composite/COMPOSITE/Class/CDC_ACM/Src/usbd_cdc_acm.o
                0x20002018                CDC_CMD_EP
 *fill*         0x20002019        0x3 
 .bss.CDC_CMD_ITF_NBR
                0x2000201c        0x1 ./Middlewares/Third_Party/AL94_USB_Composite/COMPOSITE/Class/CDC_ACM/Src/usbd_cdc_acm.o
                0x2000201c                CDC_CMD_ITF_NBR
 *fill*         0x2000201d        0x3 
 .bss.CDC_COM_ITF_NBR
                0x20002020        0x1 ./Middlewares/Third_Party/AL94_USB_Composite/COMPOSITE/Class/CDC_ACM/Src/usbd_cdc_acm.o
                0x20002020                CDC_COM_ITF_NBR
 *fill*         0x20002021        0x3 
 .bss.CDC_STR_DESC_IDX
                0x20002024        0x1 ./Middlewares/Third_Party/AL94_USB_Composite/COMPOSITE/Class/CDC_ACM/Src/usbd_cdc_acm.o
                0x20002024                CDC_STR_DESC_IDX
 *fill*         0x20002025        0x3 
 .bss.CDC_ACM_Class_Data
                0x20002028      0x21c ./Middlewares/Third_Party/AL94_USB_Composite/COMPOSITE/Class/CDC_ACM/Src/usbd_cdc_acm.o
                0x20002028                CDC_ACM_Class_Data
 .bss.USBD_COMPOSITE_FSCfgDesc
                0x20002244       0x6b ./Middlewares/Third_Party/AL94_USB_Composite/COMPOSITE/Class/COMPOSITE/Src/usbd_composite.o
                0x20002244                USBD_COMPOSITE_FSCfgDesc
 *fill*         0x200022af        0x1 
 .bss.USBD_COMPOSITE_HSCfgDesc
                0x200022b0       0x6b ./Middlewares/Third_Party/AL94_USB_Composite/COMPOSITE/Class/COMPOSITE/Src/usbd_composite.o
                0x200022b0                USBD_COMPOSITE_HSCfgDesc
 *fill*         0x2000231b        0x1 
 .bss.USBD_StrDesc.0
                0x2000231c       0x40 ./Middlewares/Third_Party/AL94_USB_Composite/COMPOSITE/Class/COMPOSITE/Src/usbd_composite.o
 .bss.CUSTOM_HID_ITF_NBR
                0x2000235c        0x1 ./Middlewares/Third_Party/AL94_USB_Composite/COMPOSITE/Class/HID_CUSTOM/Src/usbd_hid_custom.o
                0x2000235c                CUSTOM_HID_ITF_NBR
 .bss.CUSTOM_HID_STR_DESC_IDX
                0x2000235d        0x1 ./Middlewares/Third_Party/AL94_USB_Composite/COMPOSITE/Class/HID_CUSTOM/Src/usbd_hid_custom.o
                0x2000235d                CUSTOM_HID_STR_DESC_IDX
 *fill*         0x2000235e        0x2 
 .bss.CUSTOM_HID_Instance
                0x20002360       0x54 ./Middlewares/Third_Party/AL94_USB_Composite/COMPOSITE/Class/HID_CUSTOM/Src/usbd_hid_custom.o
 .bss.cfgidx.0  0x200023b4        0x1 ./Middlewares/Third_Party/AL94_USB_Composite/COMPOSITE/Core/Src/usbd_ctlreq.o
 *fill*         0x200023b5        0x3 
 .bss.hpcd_USB_OTG_PTR